Archive member included to satisfy reference by file (symbol)

E:/STM/ID/STM32CubeIDE_1.18.1/STM32CubeIDE/plugins/com.st.stm32cube.ide.mcu.externaltools.gnu-tools-for-stm32.13.3.rel1.win32_1.0.0.202411081344/tools/bin/../lib/gcc/arm-none-eabi/13.3.1/../../../../arm-none-eabi/lib/thumb/v7-m/nofp\libc_nano.a(libc_a-exit.o)
                              E:/STM/ID/STM32CubeIDE_1.18.1/STM32CubeIDE/plugins/com.st.stm32cube.ide.mcu.externaltools.gnu-tools-for-stm32.13.3.rel1.win32_1.0.0.202411081344/tools/bin/../lib/gcc/arm-none-eabi/13.3.1/../../../../arm-none-eabi/lib/thumb/v7-m/nofp/crt0.o (exit)
E:/STM/ID/STM32CubeIDE_1.18.1/STM32CubeIDE/plugins/com.st.stm32cube.ide.mcu.externaltools.gnu-tools-for-stm32.13.3.rel1.win32_1.0.0.202411081344/tools/bin/../lib/gcc/arm-none-eabi/13.3.1/../../../../arm-none-eabi/lib/thumb/v7-m/nofp\libc_nano.a(libc_a-findfp.o)
                              E:/STM/ID/STM32CubeIDE_1.18.1/STM32CubeIDE/plugins/com.st.stm32cube.ide.mcu.externaltools.gnu-tools-for-stm32.13.3.rel1.win32_1.0.0.202411081344/tools/bin/../lib/gcc/arm-none-eabi/13.3.1/../../../../arm-none-eabi/lib/thumb/v7-m/nofp\libc_nano.a(libc_a-exit.o) (__stdio_exit_handler)
E:/STM/ID/STM32CubeIDE_1.18.1/STM32CubeIDE/plugins/com.st.stm32cube.ide.mcu.externaltools.gnu-tools-for-stm32.13.3.rel1.win32_1.0.0.202411081344/tools/bin/../lib/gcc/arm-none-eabi/13.3.1/../../../../arm-none-eabi/lib/thumb/v7-m/nofp\libc_nano.a(libc_a-fwalk.o)
                              E:/STM/ID/STM32CubeIDE_1.18.1/STM32CubeIDE/plugins/com.st.stm32cube.ide.mcu.externaltools.gnu-tools-for-stm32.13.3.rel1.win32_1.0.0.202411081344/tools/bin/../lib/gcc/arm-none-eabi/13.3.1/../../../../arm-none-eabi/lib/thumb/v7-m/nofp\libc_nano.a(libc_a-findfp.o) (_fwalk_sglue)
E:/STM/ID/STM32CubeIDE_1.18.1/STM32CubeIDE/plugins/com.st.stm32cube.ide.mcu.externaltools.gnu-tools-for-stm32.13.3.rel1.win32_1.0.0.202411081344/tools/bin/../lib/gcc/arm-none-eabi/13.3.1/../../../../arm-none-eabi/lib/thumb/v7-m/nofp\libc_nano.a(libc_a-sprintf.o)
                              ./Core/Src/main.o (sprintf)
E:/STM/ID/STM32CubeIDE_1.18.1/STM32CubeIDE/plugins/com.st.stm32cube.ide.mcu.externaltools.gnu-tools-for-stm32.13.3.rel1.win32_1.0.0.202411081344/tools/bin/../lib/gcc/arm-none-eabi/13.3.1/../../../../arm-none-eabi/lib/thumb/v7-m/nofp\libc_nano.a(libc_a-stdio.o)
                              E:/STM/ID/STM32CubeIDE_1.18.1/STM32CubeIDE/plugins/com.st.stm32cube.ide.mcu.externaltools.gnu-tools-for-stm32.13.3.rel1.win32_1.0.0.202411081344/tools/bin/../lib/gcc/arm-none-eabi/13.3.1/../../../../arm-none-eabi/lib/thumb/v7-m/nofp\libc_nano.a(libc_a-findfp.o) (__sread)
E:/STM/ID/STM32CubeIDE_1.18.1/STM32CubeIDE/plugins/com.st.stm32cube.ide.mcu.externaltools.gnu-tools-for-stm32.13.3.rel1.win32_1.0.0.202411081344/tools/bin/../lib/gcc/arm-none-eabi/13.3.1/../../../../arm-none-eabi/lib/thumb/v7-m/nofp\libc_nano.a(libc_a-memset.o)
                              E:/STM/ID/STM32CubeIDE_1.18.1/STM32CubeIDE/plugins/com.st.stm32cube.ide.mcu.externaltools.gnu-tools-for-stm32.13.3.rel1.win32_1.0.0.202411081344/tools/bin/../lib/gcc/arm-none-eabi/13.3.1/../../../../arm-none-eabi/lib/thumb/v7-m/nofp/crt0.o (memset)
E:/STM/ID/STM32CubeIDE_1.18.1/STM32CubeIDE/plugins/com.st.stm32cube.ide.mcu.externaltools.gnu-tools-for-stm32.13.3.rel1.win32_1.0.0.202411081344/tools/bin/../lib/gcc/arm-none-eabi/13.3.1/../../../../arm-none-eabi/lib/thumb/v7-m/nofp\libc_nano.a(libc_a-closer.o)
                              E:/STM/ID/STM32CubeIDE_1.18.1/STM32CubeIDE/plugins/com.st.stm32cube.ide.mcu.externaltools.gnu-tools-for-stm32.13.3.rel1.win32_1.0.0.202411081344/tools/bin/../lib/gcc/arm-none-eabi/13.3.1/../../../../arm-none-eabi/lib/thumb/v7-m/nofp\libc_nano.a(libc_a-stdio.o) (_close_r)
E:/STM/ID/STM32CubeIDE_1.18.1/STM32CubeIDE/plugins/com.st.stm32cube.ide.mcu.externaltools.gnu-tools-for-stm32.13.3.rel1.win32_1.0.0.202411081344/tools/bin/../lib/gcc/arm-none-eabi/13.3.1/../../../../arm-none-eabi/lib/thumb/v7-m/nofp\libc_nano.a(libc_a-reent.o)
                              E:/STM/ID/STM32CubeIDE_1.18.1/STM32CubeIDE/plugins/com.st.stm32cube.ide.mcu.externaltools.gnu-tools-for-stm32.13.3.rel1.win32_1.0.0.202411081344/tools/bin/../lib/gcc/arm-none-eabi/13.3.1/../../../../arm-none-eabi/lib/thumb/v7-m/nofp\libc_nano.a(libc_a-closer.o) (errno)
E:/STM/ID/STM32CubeIDE_1.18.1/STM32CubeIDE/plugins/com.st.stm32cube.ide.mcu.externaltools.gnu-tools-for-stm32.13.3.rel1.win32_1.0.0.202411081344/tools/bin/../lib/gcc/arm-none-eabi/13.3.1/../../../../arm-none-eabi/lib/thumb/v7-m/nofp\libc_nano.a(libc_a-impure.o)
                              E:/STM/ID/STM32CubeIDE_1.18.1/STM32CubeIDE/plugins/com.st.stm32cube.ide.mcu.externaltools.gnu-tools-for-stm32.13.3.rel1.win32_1.0.0.202411081344/tools/bin/../lib/gcc/arm-none-eabi/13.3.1/../../../../arm-none-eabi/lib/thumb/v7-m/nofp\libc_nano.a(libc_a-sprintf.o) (_impure_ptr)
[...]
Memory Configuration

Name             Origin             Length             Attributes
RAM              0x20000000         0x00005000         xrw
FLASH            0x08000000         0x00010000         xr
*default*        0x00000000         0xffffffff

Linker script and memory map

LOAD E:/STM/ID/STM32CubeIDE_1.18.1/STM32CubeIDE/plugins/com.st.stm32cube.ide.mcu.externaltools.gnu-tools-for-stm32.13.3.rel1.win32_1.0.0.202411081344/tools/bin/../lib/gcc/arm-none-eabi/13.3.1/thumb/v7-m/nofp/crti.o
LOAD E:/STM/ID/STM32CubeIDE_1.18.1/STM32CubeIDE/plugins/com.st.stm32cube.ide.mcu.externaltools.gnu-tools-for-stm32.13.3.rel1.win32_1.0.0.202411081344/tools/bin/../lib/gcc/arm-none-eabi/13.3.1/thumb/v7-m/nofp/crtbegin.o
LOAD E:/STM/ID/STM32CubeIDE_1.18.1/STM32CubeIDE/plugins/com.st.stm32cube.ide.mcu.externaltools.gnu-tools-for-stm32.13.3.rel1.win32_1.0.0.202411081344/tools/bin/../lib/gcc/arm-none-eabi/13.3.1/../../../../arm-none-eabi/lib/thumb/v7-m/nofp/crt0.o
LOAD ./Core/Src/UnerProtocol.o
LOAD ./Core/Src/main.o
LOAD ./Core/Src/stm32f1xx_hal_msp.o
LOAD ./Core/Src/stm32f1xx_it.o
LOAD ./Core/Src/syscalls.o
LOAD ./Core/Src/sysmem.o
LOAD ./Core/Src/system_stm32f1xx.o
LOAD ./Core/Startup/startup_stm32f103c8tx.o
LOAD ./Drivers/STM32F1xx_HAL_Driver/Src/stm32f1xx_hal.o
LOAD ./Drivers/STM32F1xx_HAL_Driver/Src/stm32f1xx_hal_adc.o
LOAD ./Drivers/STM32F1xx_HAL_Driver/Src/stm32f1xx_hal_adc_ex.o
LOAD ./Drivers/STM32F1xx_HAL_Driver/Src/stm32f1xx_hal_cortex.o
LOAD ./Drivers/STM32F1xx_HAL_Driver/Src/stm32f1xx_hal_dma.o
LOAD ./Drivers/STM32F1xx_HAL_Driver/Src/stm32f1xx_hal_exti.o
LOAD ./Drivers/STM32F1xx_HAL_Driver/Src/stm32f1xx_hal_flash.o
LOAD ./Drivers/STM32F1xx_HAL_Driver/Src/stm32f1xx_hal_flash_ex.o
LOAD ./Drivers/STM32F1xx_HAL_Driver/Src/stm32f1xx_hal_gpio.o
LOAD ./Drivers/STM32F1xx_HAL_Driver/Src/stm32f1xx_hal_gpio_ex.o
LOAD ./Drivers/STM32F1xx_HAL_Driver/Src/stm32f1xx_hal_pcd.o
LOAD ./Drivers/STM32F1xx_HAL_Driver/Src/stm32f1xx_hal_pcd_ex.o
LOAD ./Drivers/STM32F1xx_HAL_Driver/Src/stm32f1xx_hal_pwr.o
LOAD ./Drivers/STM32F1xx_HAL_Driver/Src/stm32f1xx_hal_rcc.o
LOAD ./Drivers/STM32F1xx_HAL_Driver/Src/stm32f1xx_hal_rcc_ex.o
LOAD ./Drivers/STM32F1xx_HAL_Driver/Src/stm32f1xx_hal_tim.o
LOAD ./Drivers/STM32F1xx_HAL_Driver/Src/stm32f1xx_hal_tim_ex.o
LOAD ./Drivers/STM32F1xx_HAL_Driver/Src/stm32f1xx_ll_usb.o
LOAD ./Middlewares/ST/STM32_USB_Device_Library/Class/CDC/Src/usbd_cdc.o
LOAD ./Middlewares/ST/STM32_USB_Device_Library/Core/Src/usbd_core.o
LOAD ./Middlewares/ST/STM32_USB_Device_Library/Core/Src/usbd_ctlreq.o
LOAD ./Middlewares/ST/STM32_USB_Device_Library/Core/Src/usbd_ioreq.o
LOAD ./USB_DEVICE/App/usb_device.o
LOAD ./USB_DEVICE/App/usbd_cdc_if.o
LOAD ./USB_DEVICE/App/usbd_desc.o
LOAD ./USB_DEVICE/Target/usbd_conf.o
START GROUP
LOAD E:/STM/ID/STM32CubeIDE_1.18.1/STM32CubeIDE/plugins/com.st.stm32cube.ide.mcu.externaltools.gnu-tools-for-stm32.13.3.rel1.win32_1.0.0.202411081344/tools/bin/../lib/gcc/arm-none-eabi/13.3.1/../../../../arm-none-eabi/lib/thumb/v7-m/nofp\libc_nano.a
LOAD E:/STM/ID/STM32CubeIDE_1.18.1/STM32CubeIDE/plugins/com.st.stm32cube.ide.mcu.externaltools.gnu-tools-for-stm32.13.3.rel1.win32_1.0.0.202411081344/tools/bin/../lib/gcc/arm-none-eabi/13.3.1/../../../../arm-none-eabi/lib/thumb/v7-m/nofp\libm.a
END GROUP
START GROUP
LOAD E:/STM/ID/STM32CubeIDE_1.18.1/STM32CubeIDE/plugins/com.st.stm32cube.ide.mcu.externaltools.gnu-tools-for-stm32.13.3.rel1.win32_1.0.0.202411081344/tools/bin/../lib/gcc/arm-none-eabi/13.3.1/thumb/v7-m/nofp\libgcc.a
LOAD E:/STM/ID/STM32CubeIDE_1.18.1/STM32CubeIDE/plugins/com.st.stm32cube.ide.mcu.externaltools.gnu-tools-for-stm32.13.3.rel1.win32_1.0.0.202411081344/tools/bin/../lib/gcc/arm-none-eabi/13.3.1/../../../../arm-none-eabi/lib/thumb/v7-m/nofp\libc_nano.a
END GROUP
START GROUP
LOAD E:/STM/ID/STM32CubeIDE_1.18.1/STM32CubeIDE/plugins/com.st.stm32cube.ide.mcu.externaltools.gnu-tools-for-stm32.13.3.rel1.win32_1.0.0.202411081344/tools/bin/../lib/gcc/arm-none-eabi/13.3.1/thumb/v7-m/nofp\libgcc.a
LOAD E:/STM/ID/STM32CubeIDE_1.18.1/STM32CubeIDE/plugins/com.st.stm32cube.ide.mcu.externaltools.gnu-tools-for-stm32.13.3.rel1.win32_1.0.0.202411081344/tools/bin/../lib/gcc/arm-none-eabi/13.3.1/../../../../arm-none-eabi/lib/thumb/v7-m/nofp\libc_nano.a
LOAD E:/STM/ID/STM32CubeIDE_1.18.1/STM32CubeIDE/plugins/com.st.stm32cube.ide.mcu.externaltools.gnu-tools-for-stm32.13.3.rel1.win32_1.0.0.202411081344/tools/bin/../lib/gcc/arm-none-eabi/13.3.1/../../../../arm-none-eabi/lib/thumb/v7-m/nofp\libnosys.a
END GROUP
START GROUP
LOAD E:/STM/ID/STM32CubeIDE_1.18.1/STM32CubeIDE/plugins/com.st.stm32cube.ide.mcu.externaltools.gnu-tools-for-stm32.13.3.rel1.win32_1.0.0.202411081344/tools/bin/../lib/gcc/arm-none-eabi/13.3.1/thumb/v7-m/nofp\libgcc.a
LOAD E:/STM/ID/STM32CubeIDE_1.18.1/STM32CubeIDE/plugins/com.st.stm32cube.ide.mcu.externaltools.gnu-tools-for-stm32.13.3.rel1.win32_1.0.0.202411081344/tools/bin/../lib/gcc/arm-none-eabi/13.3.1/../../../../arm-none-eabi/lib/thumb/v7-m/nofp\libc_nano.a
LOAD E:/STM/ID/STM32CubeIDE_1.18.1/STM32CubeIDE/plugins/com.st.stm32cube.ide.mcu.externaltools.gnu-tools-for-stm32.13.3.rel1.win32_1.0.0.202411081344/tools/bin/../lib/gcc/arm-none-eabi/13.3.1/../../../../arm-none-eabi/lib/thumb/v7-m/nofp\libnosys.a
END GROUP
LOAD E:/STM/ID/STM32CubeIDE_1.18.1/STM32CubeIDE/plugins/com.st.stm32cube.ide.mcu.externaltools.gnu-tools-for-stm32.13.3.rel1.win32_1.0.0.202411081344/tools/bin/../lib/gcc/arm-none-eabi/13.3.1/thumb/v7-m/nofp/crtend.o
LOAD E:/STM/ID/STM32CubeIDE_1.18.1/STM32CubeIDE/plugins/com.st.stm32cube.ide.mcu.externaltools.gnu-tools-for-stm32.13.3.rel1.win32_1.0.0.202411081344/tools/bin/../lib/gcc/arm-none-eabi/13.3.1/thumb/v7-m/nofp/crtn.o
                0x20005000                        _estack = (ORIGIN (RAM) + LENGTH (RAM))
                0x00000200                        _Min_Heap_Size = 0x200
                0x00000400                        _Min_Stack_Size = 0x400

.isr_vector     0x08000000      0x10c
                0x08000000                        . = ALIGN (0x4)
 *(.isr_vector)
 .isr_vector    0x08000000      0x10c ./Core/Startup/startup_stm32f103c8tx.o
                0x08000000                g_pfnVectors
                0x0800010c                        . = ALIGN (0x4)

.text           0x0800010c     0x9d30
                0x0800010c                        . = ALIGN (0x4)
 *(.text)
 .text          0x0800010c       0x40 E:/STM/ID/STM32CubeIDE_1.18.1/STM32CubeIDE/plugins/com.st.stm32cube.ide.mcu.externaltools.gnu-tools-for-stm32.13.3.rel1.win32_1.0.0.202411081344/tools/bin/../lib/gcc/arm-none-eabi/13.3.1/thumb/v7-m/nofp/crtbegin.o
 *(.text*)
 .text.SendInfo
                0x0800014c      0x160 ./Core/Src/UnerProtocol.o
                0x0800014c                SendInfo
 .text.DecodeHeader
                0x080002ac      0x1f4 ./Core/Src/UnerProtocol.o
                0x080002ac                DecodeHeader
 .text.decodeData
                0x080004a0       0xac ./Core/Src/UnerProtocol.o
                0x080004a0                decodeData
 .text.datafromUSB
                0x0800054c       0x54 ./Core/Src/UnerProtocol.o
                0x0800054c                datafromUSB
 .text.HAL_ADC_ConvCpltCallback
                0x080005a0       0x50 ./Core/Src/main.o
                0x080005a0                HAL_ADC_ConvCpltCallback
 .text.HAL_TIM_PeriodElapsedCallback
                0x080005f0       0x20 ./Core/Src/main.o
                0x080005f0                HAL_TIM_PeriodElapsedCallback
 .text.main     0x08000610       0xc0 ./Core/Src/main.o
                0x08000610                main
 .text.SystemClock_Config
                0x080006d0       0xba ./Core/Src/main.o
                0x080006d0                SystemClock_Config
 *fill*         0x0800078a        0x2 
 .text.MX_ADC1_Init
                0x0800078c      0x144 ./Core/Src/main.o
 .text.MX_TIM2_Init
                0x080008d0       0x98 ./Core/Src/main.o
 .text.MX_DMA_Init
                0x08000968       0x3c ./Core/Src/main.o
 .text.MX_GPIO_Init
                0x080009a4       0x98 ./Core/Src/main.o
 .text.comunicationsTask
                0x08000a3c       0x58 ./Core/Src/main.o
                0x08000a3c                comunicationsTask
 .text.Error_Handler
                0x08000a94        0xc ./Core/Src/main.o
                0x08000a94                Error_Handler
 .text.HAL_MspInit
                0x08000aa0       0x64 ./Core/Src/stm32f1xx_hal_msp.o
                0x08000aa0                HAL_MspInit
 .text.HAL_ADC_MspInit
                0x08000b04       0xe0 ./Core/Src/stm32f1xx_hal_msp.o
                0x08000b04                HAL_ADC_MspInit
 .text.HAL_TIM_Base_MspInit
                0x08000be4       0x48 ./Core/Src/stm32f1xx_hal_msp.o
                0x08000be4                HAL_TIM_Base_MspInit
 .text.NMI_Handler
                0x08000c2c        0x8 ./Core/Src/stm32f1xx_it.o
                0x08000c2c                NMI_Handler
 .text.HardFault_Handler
                0x08000c34        0x8 ./Core/Src/stm32f1xx_it.o
                0x08000c34                HardFault_Handler
 .text.MemManage_Handler
                0x08000c3c        0x8 ./Core/Src/stm32f1xx_it.o
                0x08000c3c                MemManage_Handler
 .text.BusFault_Handler
                0x08000c44        0x8 ./Core/Src/stm32f1xx_it.o
                0x08000c44                BusFault_Handler
 .text.UsageFault_Handler
                0x08000c4c        0x8 ./Core/Src/stm32f1xx_it.o
                0x08000c4c                UsageFault_Handler
 .text.SVC_Handler
                0x08000c54        0xc ./Core/Src/stm32f1xx_it.o
                0x08000c54                SVC_Handler
 .text.DebugMon_Handler
                0x08000c60        0xc ./Core/Src/stm32f1xx_it.o
                0x08000c60                DebugMon_Handler
 .text.PendSV_Handler
                0x08000c6c        0xc ./Core/Src/stm32f1xx_it.o
                0x08000c6c                PendSV_Handler
 .text.SysTick_Handler
                0x08000c78        0xc ./Core/Src/stm32f1xx_it.o
                0x08000c78                SysTick_Handler
 .text.DMA1_Channel1_IRQHandler
                0x08000c84       0x14 ./Core/Src/stm32f1xx_it.o
                0x08000c84                DMA1_Channel1_IRQHandler
 .text.ADC1_2_IRQHandler
                0x08000c98       0x14 ./Core/Src/stm32f1xx_it.o
                0x08000c98                ADC1_2_IRQHandler
 .text.USB_LP_CAN1_RX0_IRQHandler
                0x08000cac       0x14 ./Core/Src/stm32f1xx_it.o
                0x08000cac                USB_LP_CAN1_RX0_IRQHandler
 .text.TIM2_IRQHandler
                0x08000cc0       0x14 ./Core/Src/stm32f1xx_it.o
                0x08000cc0                TIM2_IRQHandler
 .text._sbrk    0x08000cd4       0x6c ./Core/Src/sysmem.o
                0x08000cd4                _sbrk
 .text.SystemInit
                0x08000d40        0xc ./Core/Src/system_stm32f1xx.o
                0x08000d40                SystemInit
 .text.Reset_Handler
                0x08000d4c       0x48 ./Core/Startup/startup_stm32f103c8tx.o
                0x08000d4c                Reset_Handler
 .text.Default_Handler
                0x08000d94        0x2 ./Core/Startup/startup_stm32f103c8tx.o
                0x08000d94                RTC_Alarm_IRQHandler
                0x08000d94                EXTI2_IRQHandler
                0x08000d94                TIM1_CC_IRQHandler
                0x08000d94                PVD_IRQHandler
                0x08000d94                EXTI3_IRQHandler
                0x08000d94                EXTI0_IRQHandler
                0x08000d94                I2C2_EV_IRQHandler
                0x08000d94                SPI1_IRQHandler
                0x08000d94                TAMPER_IRQHandler
                0x08000d94                DMA1_Channel4_IRQHandler
                0x08000d94                USART3_IRQHandler
                0x08000d94                RTC_IRQHandler
                0x08000d94                DMA1_Channel7_IRQHandler
                0x08000d94                CAN1_RX1_IRQHandler
                0x08000d94                TIM4_IRQHandler
                0x08000d94                I2C1_EV_IRQHandler
                0x08000d94                DMA1_Channel6_IRQHandler
                0x08000d94                TIM3_IRQHandler
                0x08000d94                RCC_IRQHandler
                0x08000d94                TIM1_TRG_COM_IRQHandler
                0x08000d94                Default_Handler
                0x08000d94                EXTI15_10_IRQHandler
                0x08000d94                EXTI9_5_IRQHandler
                0x08000d94                SPI2_IRQHandler
                0x08000d94                DMA1_Channel5_IRQHandler
                0x08000d94                EXTI4_IRQHandler
                0x08000d94                USB_HP_CAN1_TX_IRQHandler
                0x08000d94                DMA1_Channel3_IRQHandler
                0x08000d94                TIM1_UP_IRQHandler
                0x08000d94                WWDG_IRQHandler
                0x08000d94                TIM1_BRK_IRQHandler
                0x08000d94                EXTI1_IRQHandler
                0x08000d94                USART2_IRQHandler
                0x08000d94                I2C2_ER_IRQHandler
                0x08000d94                DMA1_Channel2_IRQHandler
                0x08000d94                CAN1_SCE_IRQHandler
                0x08000d94                FLASH_IRQHandler
                0x08000d94                USART1_IRQHandler
                0x08000d94                I2C1_ER_IRQHandler
                0x08000d94                USBWakeUp_IRQHandler
 *fill*         0x08000d96        0x2 
 .text.HAL_Init
                0x08000d98       0x2c ./Drivers/STM32F1xx_HAL_Driver/Src/stm32f1xx_hal.o
                0x08000d98                HAL_Init
 .text.HAL_InitTick
                0x08000dc4       0x60 ./Drivers/STM32F1xx_HAL_Driver/Src/stm32f1xx_hal.o
                0x08000dc4                HAL_InitTick
 .text.HAL_IncTick
                0x08000e24       0x24 ./Drivers/STM32F1xx_HAL_Driver/Src/stm32f1xx_hal.o
                0x08000e24                HAL_IncTick
 .text.HAL_GetTick
                0x08000e48       0x14 ./Drivers/STM32F1xx_HAL_Driver/Src/stm32f1xx_hal.o
                0x08000e48                HAL_GetTick
 .text.HAL_ADC_Init
                0x08000e5c      0x1b0 ./Drivers/STM32F1xx_HAL_Driver/Src/stm32f1xx_hal_adc.o
                0x08000e5c                HAL_ADC_Init
 .text.HAL_ADC_Start_DMA
                0x0800100c      0x1bc ./Drivers/STM32F1xx_HAL_Driver/Src/stm32f1xx_hal_adc.o
                0x0800100c                HAL_ADC_Start_DMA
 .text.HAL_ADC_IRQHandler
                0x080011c8      0x17e ./Drivers/STM32F1xx_HAL_Driver/Src/stm32f1xx_hal_adc.o
                0x080011c8                HAL_ADC_IRQHandler
 .text.HAL_ADC_ConvHalfCpltCallback
                0x08001346       0x12 ./Drivers/STM32F1xx_HAL_Driver/Src/stm32f1xx_hal_adc.o
                0x08001346                HAL_ADC_ConvHalfCpltCallback
 .text.HAL_ADC_LevelOutOfWindowCallback
                0x08001358       0x12 ./Drivers/STM32F1xx_HAL_Driver/Src/stm32f1xx_hal_adc.o
                0x08001358                HAL_ADC_LevelOutOfWindowCallback
 .text.HAL_ADC_ErrorCallback
                0x0800136a       0x12 ./Drivers/STM32F1xx_HAL_Driver/Src/stm32f1xx_hal_adc.o
                0x0800136a                HAL_ADC_ErrorCallback
 .text.HAL_ADC_ConfigChannel
                0x0800137c      0x1f0 ./Drivers/STM32F1xx_HAL_Driver/Src/stm32f1xx_hal_adc.o
                0x0800137c                HAL_ADC_ConfigChannel
 .text.ADC_Enable
                0x0800156c       0xb4 ./Drivers/STM32F1xx_HAL_Driver/Src/stm32f1xx_hal_adc.o
                0x0800156c                ADC_Enable
 .text.ADC_ConversionStop_Disable
                0x08001620       0x82 ./Drivers/STM32F1xx_HAL_Driver/Src/stm32f1xx_hal_adc.o
                0x08001620                ADC_ConversionStop_Disable
 .text.ADC_DMAConvCplt
                0x080016a2       0x7c ./Drivers/STM32F1xx_HAL_Driver/Src/stm32f1xx_hal_adc.o
                0x080016a2                ADC_DMAConvCplt
 .text.ADC_DMAHalfConvCplt
                0x0800171e       0x1c ./Drivers/STM32F1xx_HAL_Driver/Src/stm32f1xx_hal_adc.o
                0x0800171e                ADC_DMAHalfConvCplt
 .text.ADC_DMAError
                0x0800173a       0x34 ./Drivers/STM32F1xx_HAL_Driver/Src/stm32f1xx_hal_adc.o
                0x0800173a                ADC_DMAError
 .text.HAL_ADCEx_InjectedConvCpltCallback
                0x0800176e       0x12 ./Drivers/STM32F1xx_HAL_Driver/Src/stm32f1xx_hal_adc_ex.o
                0x0800176e                HAL_ADCEx_InjectedConvCpltCallback
 .text.__NVIC_SetPriorityGrouping
                0x08001780       0x48 ./Drivers/STM32F1xx_HAL_Driver/Src/stm32f1xx_hal_cortex.o
 .text.__NVIC_GetPriorityGrouping
                0x080017c8       0x1c ./Drivers/STM32F1xx_HAL_Driver/Src/stm32f1xx_hal_cortex.o
 .text.__NVIC_EnableIRQ
                0x080017e4       0x38 ./Drivers/STM32F1xx_HAL_Driver/Src/stm32f1xx_hal_cortex.o
 .text.__NVIC_SetPriority
                0x0800181c       0x54 ./Drivers/STM32F1xx_HAL_Driver/Src/stm32f1xx_hal_cortex.o
 .text.NVIC_EncodePriority
                0x08001870       0x64 ./Drivers/STM32F1xx_HAL_Driver/Src/stm32f1xx_hal_cortex.o
 .text.SysTick_Config
                0x080018d4       0x44 ./Drivers/STM32F1xx_HAL_Driver/Src/stm32f1xx_hal_cortex.o
 .text.HAL_NVIC_SetPriorityGrouping
                0x08001918       0x16 ./Drivers/STM32F1xx_HAL_Driver/Src/stm32f1xx_hal_cortex.o
                0x08001918                HAL_NVIC_SetPriorityGrouping
 .text.HAL_NVIC_SetPriority
                0x0800192e       0x38 ./Drivers/STM32F1xx_HAL_Driver/Src/stm32f1xx_hal_cortex.o
                0x0800192e                HAL_NVIC_SetPriority
 .text.HAL_NVIC_EnableIRQ
                0x08001966       0x1c ./Drivers/STM32F1xx_HAL_Driver/Src/stm32f1xx_hal_cortex.o
                0x08001966                HAL_NVIC_EnableIRQ
 .text.HAL_SYSTICK_Config
                0x08001982       0x18 ./Drivers/STM32F1xx_HAL_Driver/Src/stm32f1xx_hal_cortex.o
                0x08001982                HAL_SYSTICK_Config
 *fill*         0x0800199a        0x2 
 .text.HAL_DMA_Init
                0x0800199c       0xb4 ./Drivers/STM32F1xx_HAL_Driver/Src/stm32f1xx_hal_dma.o
                0x0800199c                HAL_DMA_Init
 .text.HAL_DMA_Start_IT
                0x08001a50       0xc0 ./Drivers/STM32F1xx_HAL_Driver/Src/stm32f1xx_hal_dma.o
                0x08001a50                HAL_DMA_Start_IT
 .text.HAL_DMA_IRQHandler
                0x08001b10      0x20c ./Drivers/STM32F1xx_HAL_Driver/Src/stm32f1xx_hal_dma.o
                0x08001b10                HAL_DMA_IRQHandler
 .text.DMA_SetConfig
                0x08001d1c       0x5a ./Drivers/STM32F1xx_HAL_Driver/Src/stm32f1xx_hal_dma.o
 *fill*         0x08001d76        0x2 
 .text.HAL_GPIO_Init
                0x08001d78      0x308 ./Drivers/STM32F1xx_HAL_Driver/Src/stm32f1xx_hal_gpio.o
                0x08001d78                HAL_GPIO_Init
 .text.HAL_GPIO_WritePin
                0x08002080       0x30 ./Drivers/STM32F1xx_HAL_Driver/Src/stm32f1xx_hal_gpio.o
                0x08002080                HAL_GPIO_WritePin
 .text.HAL_GPIO_TogglePin
                0x080020b0       0x32 ./Drivers/STM32F1xx_HAL_Driver/Src/stm32f1xx_hal_gpio.o
                0x080020b0                HAL_GPIO_TogglePin
 .text.HAL_PCD_Init
                0x080020e2      0x1ec ./Drivers/STM32F1xx_HAL_Driver/Src/stm32f1xx_hal_pcd.o
                0x080020e2                HAL_PCD_Init
 .text.HAL_PCD_Start
                0x080022ce       0x4c ./Drivers/STM32F1xx_HAL_Driver/Src/stm32f1xx_hal_pcd.o
                0x080022ce                HAL_PCD_Start
 .text.HAL_PCD_IRQHandler
                0x0800231a      0x260 ./Drivers/STM32F1xx_HAL_Driver/Src/stm32f1xx_hal_pcd.o
                0x0800231a                HAL_PCD_IRQHandler
 .text.HAL_PCD_SetAddress
                0x0800257a       0x48 ./Drivers/STM32F1xx_HAL_Driver/Src/stm32f1xx_hal_pcd.o
                0x0800257a                HAL_PCD_SetAddress
 .text.HAL_PCD_EP_Open
                0x080025c2       0xba ./Drivers/STM32F1xx_HAL_Driver/Src/stm32f1xx_hal_pcd.o
                0x080025c2                HAL_PCD_EP_Open
 .text.HAL_PCD_EP_Close
                0x0800267c       0x90 ./Drivers/STM32F1xx_HAL_Driver/Src/stm32f1xx_hal_pcd.o
                0x0800267c                HAL_PCD_EP_Close
 .text.HAL_PCD_EP_Receive
                0x0800270c       0x62 ./Drivers/STM32F1xx_HAL_Driver/Src/stm32f1xx_hal_pcd.o
                0x0800270c                HAL_PCD_EP_Receive
 .text.HAL_PCD_EP_GetRxCount
                0x0800276e       0x2e ./Drivers/STM32F1xx_HAL_Driver/Src/stm32f1xx_hal_pcd.o
                0x0800276e                HAL_PCD_EP_GetRxCount
 .text.HAL_PCD_EP_Transmit
                0x0800279c       0x6e ./Drivers/STM32F1xx_HAL_Driver/Src/stm32f1xx_hal_pcd.o
                0x0800279c                HAL_PCD_EP_Transmit
 .text.HAL_PCD_EP_SetStall
                0x0800280a       0xc0 ./Drivers/STM32F1xx_HAL_Driver/Src/stm32f1xx_hal_pcd.o
                0x0800280a                HAL_PCD_EP_SetStall
 .text.HAL_PCD_EP_ClrStall
                0x080028ca       0xa8 ./Drivers/STM32F1xx_HAL_Driver/Src/stm32f1xx_hal_pcd.o
                0x080028ca                HAL_PCD_EP_ClrStall
 .text.PCD_EP_ISR_Handler
                0x08002972      0x79e ./Drivers/STM32F1xx_HAL_Driver/Src/stm32f1xx_hal_pcd.o
 .text.HAL_PCD_EP_DB_Receive
                0x08003110      0x21a ./Drivers/STM32F1xx_HAL_Driver/Src/stm32f1xx_hal_pcd.o
 .text.HAL_PCD_EP_DB_Transmit
                0x0800332a      0x7f4 ./Drivers/STM32F1xx_HAL_Driver/Src/stm32f1xx_hal_pcd.o
 .text.HAL_PCDEx_PMAConfig
                0x08003b1e       0x84 ./Drivers/STM32F1xx_HAL_Driver/Src/stm32f1xx_hal_pcd_ex.o
                0x08003b1e                HAL_PCDEx_PMAConfig
 *fill*         0x08003ba2        0x2 
 .text.HAL_RCC_OscConfig
                0x08003ba4      0x504 ./Drivers/STM32F1xx_HAL_Driver/Src/stm32f1xx_hal_rcc.o
                0x08003ba4                HAL_RCC_OscConfig
 .text.HAL_RCC_ClockConfig
                0x080040a8      0x1d4 ./Drivers/STM32F1xx_HAL_Driver/Src/stm32f1xx_hal_rcc.o
                0x080040a8                HAL_RCC_ClockConfig
 .text.HAL_RCC_GetSysClockFreq
                0x0800427c       0xa8 ./Drivers/STM32F1xx_HAL_Driver/Src/stm32f1xx_hal_rcc.o
                0x0800427c                HAL_RCC_GetSysClockFreq
 .text.RCC_Delay
                0x08004324       0x3c ./Drivers/STM32F1xx_HAL_Driver/Src/stm32f1xx_hal_rcc.o
 .text.HAL_RCCEx_PeriphCLKConfig
                0x08004360      0x16c ./Drivers/STM32F1xx_HAL_Driver/Src/stm32f1xx_hal_rcc_ex.o
                0x08004360                HAL_RCCEx_PeriphCLKConfig
 .text.HAL_TIM_Base_Init
                0x080044cc       0x9e ./Drivers/STM32F1xx_HAL_Driver/Src/stm32f1xx_hal_tim.o
                0x080044cc                HAL_TIM_Base_Init
 *fill*         0x0800456a        0x2 
 .text.HAL_TIM_Base_Start_IT
                0x0800456c       0xa4 ./Drivers/STM32F1xx_HAL_Driver/Src/stm32f1xx_hal_tim.o
                0x0800456c                HAL_TIM_Base_Start_IT
 .text.HAL_TIM_IRQHandler
                0x08004610      0x1e0 ./Drivers/STM32F1xx_HAL_Driver/Src/stm32f1xx_hal_tim.o
                0x08004610                HAL_TIM_IRQHandler
 .text.HAL_TIM_ConfigClockSource
                0x080047f0      0x18e ./Drivers/STM32F1xx_HAL_Driver/Src/stm32f1xx_hal_tim.o
                0x080047f0                HAL_TIM_ConfigClockSource
 .text.HAL_TIM_OC_DelayElapsedCallback
                0x0800497e       0x12 ./Drivers/STM32F1xx_HAL_Driver/Src/stm32f1xx_hal_tim.o
                0x0800497e                HAL_TIM_OC_DelayElapsedCallback
 .text.HAL_TIM_IC_CaptureCallback
                0x08004990       0x12 ./Drivers/STM32F1xx_HAL_Driver/Src/stm32f1xx_hal_tim.o
                0x08004990                HAL_TIM_IC_CaptureCallback
 .text.HAL_TIM_PWM_PulseFinishedCallback
                0x080049a2       0x12 ./Drivers/STM32F1xx_HAL_Driver/Src/stm32f1xx_hal_tim.o
                0x080049a2                HAL_TIM_PWM_PulseFinishedCallback
 .text.HAL_TIM_TriggerCallback
                0x080049b4       0x12 ./Drivers/STM32F1xx_HAL_Driver/Src/stm32f1xx_hal_tim.o
                0x080049b4                HAL_TIM_TriggerCallback
 *fill*         0x080049c6        0x2 
 .text.TIM_Base_SetConfig
                0x080049c8       0xdc ./Drivers/STM32F1xx_HAL_Driver/Src/stm32f1xx_hal_tim.o
                0x080049c8                TIM_Base_SetConfig
 .text.TIM_TI1_ConfigInputStage
                0x08004aa4       0x5c ./Drivers/STM32F1xx_HAL_Driver/Src/stm32f1xx_hal_tim.o
 .text.TIM_TI2_ConfigInputStage
                0x08004b00       0x5e ./Drivers/STM32F1xx_HAL_Driver/Src/stm32f1xx_hal_tim.o
 .text.TIM_ITRx_SetConfig
                0x08004b5e       0x34 ./Drivers/STM32F1xx_HAL_Driver/Src/stm32f1xx_hal_tim.o
 .text.TIM_ETR_SetConfig
                0x08004b92       0x3e ./Drivers/STM32F1xx_HAL_Driver/Src/stm32f1xx_hal_tim.o
                0x08004b92                TIM_ETR_SetConfig
 .text.HAL_TIMEx_MasterConfigSynchronization
                0x08004bd0       0xbc ./Drivers/STM32F1xx_HAL_Driver/Src/stm32f1xx_hal_tim_ex.o
                0x08004bd0                HAL_TIMEx_MasterConfigSynchronization
 .text.HAL_TIMEx_CommutCallback
                0x08004c8c       0x12 ./Drivers/STM32F1xx_HAL_Driver/Src/stm32f1xx_hal_tim_ex.o
                0x08004c8c                HAL_TIMEx_CommutCallback
 .text.HAL_TIMEx_BreakCallback
                0x08004c9e       0x12 ./Drivers/STM32F1xx_HAL_Driver/Src/stm32f1xx_hal_tim_ex.o
                0x08004c9e                HAL_TIMEx_BreakCallback
 .text.USB_CoreInit
                0x08004cb0       0x1a ./Drivers/STM32F1xx_HAL_Driver/Src/stm32f1xx_ll_usb.o
                0x08004cb0                USB_CoreInit
 .text.USB_EnableGlobalInt
                0x08004cca       0x2c ./Drivers/STM32F1xx_HAL_Driver/Src/stm32f1xx_ll_usb.o
                0x08004cca                USB_EnableGlobalInt
 .text.USB_DisableGlobalInt
                0x08004cf6       0x34 ./Drivers/STM32F1xx_HAL_Driver/Src/stm32f1xx_ll_usb.o
                0x08004cf6                USB_DisableGlobalInt
 .text.USB_SetCurrentMode
                0x08004d2a       0x18 ./Drivers/STM32F1xx_HAL_Driver/Src/stm32f1xx_ll_usb.o
                0x08004d2a                USB_SetCurrentMode
 .text.USB_DevInit
                0x08004d42       0x3a ./Drivers/STM32F1xx_HAL_Driver/Src/stm32f1xx_ll_usb.o
                0x08004d42                USB_DevInit
 .text.USB_ActivateEndpoint
                0x08004d7c      0x780 ./Drivers/STM32F1xx_HAL_Driver/Src/stm32f1xx_ll_usb.o
                0x08004d7c                USB_ActivateEndpoint
 .text.USB_DeactivateEndpoint
                0x080054fc      0x3d8 ./Drivers/STM32F1xx_HAL_Driver/Src/stm32f1xx_ll_usb.o
                0x080054fc                USB_DeactivateEndpoint
 .text.USB_EPStartXfer
                0x080058d4     0x1762 ./Drivers/STM32F1xx_HAL_Driver/Src/stm32f1xx_ll_usb.o
                0x080058d4                USB_EPStartXfer
 .text.USB_EPSetStall
                0x08007036       0xa0 ./Drivers/STM32F1xx_HAL_Driver/Src/stm32f1xx_ll_usb.o
                0x08007036                USB_EPSetStall
 .text.USB_EPClearStall
                0x080070d6      0x15a ./Drivers/STM32F1xx_HAL_Driver/Src/stm32f1xx_ll_usb.o
                0x080070d6                USB_EPClearStall
 .text.USB_SetDevAddress
                0x08007230       0x26 ./Drivers/STM32F1xx_HAL_Driver/Src/stm32f1xx_ll_usb.o
                0x08007230                USB_SetDevAddress
 .text.USB_DevConnect
                0x08007256       0x14 ./Drivers/STM32F1xx_HAL_Driver/Src/stm32f1xx_ll_usb.o
                0x08007256                USB_DevConnect
 .text.USB_DevDisconnect
                0x0800726a       0x14 ./Drivers/STM32F1xx_HAL_Driver/Src/stm32f1xx_ll_usb.o
                0x0800726a                USB_DevDisconnect
 .text.USB_ReadInterrupts
                0x0800727e       0x1e ./Drivers/STM32F1xx_HAL_Driver/Src/stm32f1xx_ll_usb.o
                0x0800727e                USB_ReadInterrupts
 .text.USB_EP0_OutStart
                0x0800729c       0x16 ./Drivers/STM32F1xx_HAL_Driver/Src/stm32f1xx_ll_usb.o
                0x0800729c                USB_EP0_OutStart
 .text.USB_WritePMA
                0x080072b2       0x8c ./Drivers/STM32F1xx_HAL_Driver/Src/stm32f1xx_ll_usb.o
                0x080072b2                USB_WritePMA
 .text.USB_ReadPMA
                0x0800733e       0x9e ./Drivers/STM32F1xx_HAL_Driver/Src/stm32f1xx_ll_usb.o
                0x0800733e                USB_ReadPMA
 .text.USBD_CDC_Init
                0x080073dc       0xf4 ./Middlewares/ST/STM32_USB_Device_Library/Class/CDC/Src/usbd_cdc.o
 .text.USBD_CDC_DeInit
                0x080074d0       0x6e ./Middlewares/ST/STM32_USB_Device_Library/Class/CDC/Src/usbd_cdc.o
 .text.USBD_CDC_Setup
                0x0800753e      0x146 ./Middlewares/ST/STM32_USB_Device_Library/Class/CDC/Src/usbd_cdc.o
 .text.USBD_CDC_DataIn
                0x08007684       0xa6 ./Middlewares/ST/STM32_USB_Device_Library/Class/CDC/Src/usbd_cdc.o
 .text.USBD_CDC_DataOut
                0x0800772a       0x56 ./Middlewares/ST/STM32_USB_Device_Library/Class/CDC/Src/usbd_cdc.o
 .text.USBD_CDC_EP0_RxReady
                0x08007780       0x4e ./Middlewares/ST/STM32_USB_Device_Library/Class/CDC/Src/usbd_cdc.o
 *fill*         0x080077ce        0x2 
 .text.USBD_CDC_GetFSCfgDesc
                0x080077d0       0x20 ./Middlewares/ST/STM32_USB_Device_Library/Class/CDC/Src/usbd_cdc.o
 .text.USBD_CDC_GetHSCfgDesc
                0x080077f0       0x20 ./Middlewares/ST/STM32_USB_Device_Library/Class/CDC/Src/usbd_cdc.o
 .text.USBD_CDC_GetOtherSpeedCfgDesc
                0x08007810       0x20 ./Middlewares/ST/STM32_USB_Device_Library/Class/CDC/Src/usbd_cdc.o
 .text.USBD_CDC_GetDeviceQualifierDescriptor
                0x08007830       0x20 ./Middlewares/ST/STM32_USB_Device_Library/Class/CDC/Src/usbd_cdc.o
                0x08007830                USBD_CDC_GetDeviceQualifierDescriptor
 .text.USBD_CDC_RegisterInterface
                0x08007850       0x2c ./Middlewares/ST/STM32_USB_Device_Library/Class/CDC/Src/usbd_cdc.o
                0x08007850                USBD_CDC_RegisterInterface
 .text.USBD_CDC_SetTxBuffer
                0x0800787c       0x32 ./Middlewares/ST/STM32_USB_Device_Library/Class/CDC/Src/usbd_cdc.o
                0x0800787c                USBD_CDC_SetTxBuffer
 .text.USBD_CDC_SetRxBuffer
                0x080078ae       0x26 ./Middlewares/ST/STM32_USB_Device_Library/Class/CDC/Src/usbd_cdc.o
                0x080078ae                USBD_CDC_SetRxBuffer
 .text.USBD_CDC_TransmitPacket
                0x080078d4       0x5e ./Middlewares/ST/STM32_USB_Device_Library/Class/CDC/Src/usbd_cdc.o
                0x080078d4                USBD_CDC_TransmitPacket
 .text.USBD_CDC_ReceivePacket
                0x08007932       0x54 ./Middlewares/ST/STM32_USB_Device_Library/Class/CDC/Src/usbd_cdc.o
                0x08007932                USBD_CDC_ReceivePacket
 .text.USBD_Init
                0x08007986       0x56 ./Middlewares/ST/STM32_USB_Device_Library/Core/Src/usbd_core.o
                0x08007986                USBD_Init
 .text.USBD_RegisterClass
                0x080079dc       0x32 ./Middlewares/ST/STM32_USB_Device_Library/Core/Src/usbd_core.o
                0x080079dc                USBD_RegisterClass
 .text.USBD_Start
                0x08007a0e       0x18 ./Middlewares/ST/STM32_USB_Device_Library/Core/Src/usbd_core.o
                0x08007a0e                USBD_Start
 .text.USBD_RunTestMode
                0x08007a26       0x14 ./Middlewares/ST/STM32_USB_Device_Library/Core/Src/usbd_core.o
                0x08007a26                USBD_RunTestMode
 .text.USBD_SetClassConfig
                0x08007a3a       0x3e ./Middlewares/ST/STM32_USB_Device_Library/Core/Src/usbd_core.o
                0x08007a3a                USBD_SetClassConfig
 .text.USBD_ClrClassConfig
                0x08007a78       0x26 ./Middlewares/ST/STM32_USB_Device_Library/Core/Src/usbd_core.o
                0x08007a78                USBD_ClrClassConfig
 .text.USBD_LL_SetupStage
                0x08007a9e       0x9a ./Middlewares/ST/STM32_USB_Device_Library/Core/Src/usbd_core.o
                0x08007a9e                USBD_LL_SetupStage
 .text.USBD_LL_DataOutStage
                0x08007b38       0xe2 ./Middlewares/ST/STM32_USB_Device_Library/Core/Src/usbd_core.o
                0x08007b38                USBD_LL_DataOutStage
 .text.USBD_LL_DataInStage
                0x08007c1a      0x14a ./Middlewares/ST/STM32_USB_Device_Library/Core/Src/usbd_core.o
                0x08007c1a                USBD_LL_DataInStage
 .text.USBD_LL_Reset
                0x08007d64       0x82 ./Middlewares/ST/STM32_USB_Device_Library/Core/Src/usbd_core.o
                0x08007d64                USBD_LL_Reset
 .text.USBD_LL_SetSpeed
                0x08007de6       0x1e ./Middlewares/ST/STM32_USB_Device_Library/Core/Src/usbd_core.o
                0x08007de6                USBD_LL_SetSpeed
 .text.USBD_LL_Suspend
                0x08007e04       0x28 ./Middlewares/ST/STM32_USB_Device_Library/Core/Src/usbd_core.o
                0x08007e04                USBD_LL_Suspend
 .text.USBD_LL_Resume
                0x08007e2c       0x2a ./Middlewares/ST/STM32_USB_Device_Library/Core/Src/usbd_core.o
                0x08007e2c                USBD_LL_Resume
 .text.USBD_LL_SOF
                0x08007e56       0x34 ./Middlewares/ST/STM32_USB_Device_Library/Core/Src/usbd_core.o
                0x08007e56                USBD_LL_SOF
 *fill*         0x08007e8a        0x2 
 .text.USBD_StdDevReq
                0x08007e8c       0xd4 ./Middlewares/ST/STM32_USB_Device_Library/Core/Src/usbd_ctlreq.o
                0x08007e8c                USBD_StdDevReq
 .text.USBD_StdItfReq
                0x08007f60       0x90 ./Middlewares/ST/STM32_USB_Device_Library/Core/Src/usbd_ctlreq.o
                0x08007f60                USBD_StdItfReq
 .text.USBD_StdEPReq
                0x08007ff0      0x2c6 ./Middlewares/ST/STM32_USB_Device_Library/Core/Src/usbd_ctlreq.o
                0x08007ff0                USBD_StdEPReq
 *fill*         0x080082b6        0x2 
 .text.USBD_GetDescriptor
                0x080082b8      0x2d0 ./Middlewares/ST/STM32_USB_Device_Library/Core/Src/usbd_ctlreq.o
 .text.USBD_SetAddress
                0x08008588       0x86 ./Middlewares/ST/STM32_USB_Device_Library/Core/Src/usbd_ctlreq.o
 *fill*         0x0800860e        0x2 
 .text.USBD_SetConfig
                0x08008610      0x11c ./Middlewares/ST/STM32_USB_Device_Library/Core/Src/usbd_ctlreq.o
 .text.USBD_GetConfig
                0x0800872c       0x6a ./Middlewares/ST/STM32_USB_Device_Library/Core/Src/usbd_ctlreq.o
 .text.USBD_GetStatus
                0x08008796       0x66 ./Middlewares/ST/STM32_USB_Device_Library/Core/Src/usbd_ctlreq.o
 .text.USBD_SetFeature
                0x080087fc       0x28 ./Middlewares/ST/STM32_USB_Device_Library/Core/Src/usbd_ctlreq.o
 .text.USBD_ClrFeature
                0x08008824       0x42 ./Middlewares/ST/STM32_USB_Device_Library/Core/Src/usbd_ctlreq.o
 .text.USBD_ParseSetupRequest
                0x08008866       0x72 ./Middlewares/ST/STM32_USB_Device_Library/Core/Src/usbd_ctlreq.o
                0x08008866                USBD_ParseSetupRequest
 .text.USBD_CtlError
                0x080088d8       0x22 ./Middlewares/ST/STM32_USB_Device_Library/Core/Src/usbd_ctlreq.o
                0x080088d8                USBD_CtlError
 .text.USBD_GetString
                0x080088fa       0x84 ./Middlewares/ST/STM32_USB_Device_Library/Core/Src/usbd_ctlreq.o
                0x080088fa                USBD_GetString
 .text.USBD_GetLen
                0x0800897e       0x2e ./Middlewares/ST/STM32_USB_Device_Library/Core/Src/usbd_ctlreq.o
 .text.USBD_CtlSendData
                0x080089ac       0x38 ./Middlewares/ST/STM32_USB_Device_Library/Core/Src/usbd_ioreq.o
                0x080089ac                USBD_CtlSendData
 .text.USBD_CtlContinueSendData
                0x080089e4       0x24 ./Middlewares/ST/STM32_USB_Device_Library/Core/Src/usbd_ioreq.o
                0x080089e4                USBD_CtlContinueSendData
 .text.USBD_CtlPrepareRx
                0x08008a08       0x3c ./Middlewares/ST/STM32_USB_Device_Library/Core/Src/usbd_ioreq.o
                0x08008a08                USBD_CtlPrepareRx
 .text.USBD_CtlContinueRx
                0x08008a44       0x24 ./Middlewares/ST/STM32_USB_Device_Library/Core/Src/usbd_ioreq.o
                0x08008a44                USBD_CtlContinueRx
 .text.USBD_CtlSendStatus
                0x08008a68       0x26 ./Middlewares/ST/STM32_USB_Device_Library/Core/Src/usbd_ioreq.o
                0x08008a68                USBD_CtlSendStatus
 .text.USBD_CtlReceiveStatus
                0x08008a8e       0x26 ./Middlewares/ST/STM32_USB_Device_Library/Core/Src/usbd_ioreq.o
                0x08008a8e                USBD_CtlReceiveStatus
 .text.MX_USB_DEVICE_Init
                0x08008ab4       0x60 ./USB_DEVICE/App/usb_device.o
                0x08008ab4                MX_USB_DEVICE_Init
 .text.CDC_Init_FS
                0x08008b14       0x28 ./USB_DEVICE/App/usbd_cdc_if.o
 .text.CDC_DeInit_FS
                0x08008b3c        0xe ./USB_DEVICE/App/usbd_cdc_if.o
 *fill*         0x08008b4a        0x2 
 .text.CDC_Control_FS
                0x08008b4c      0x15c ./USB_DEVICE/App/usbd_cdc_if.o
 .text.CDC_Receive_FS
                0x08008ca8       0x44 ./USB_DEVICE/App/usbd_cdc_if.o
 .text.CDC_Transmit_FS
                0x08008cec       0x4c ./USB_DEVICE/App/usbd_cdc_if.o
                0x08008cec                CDC_Transmit_FS
 .text.CDC_AttachRxData
                0x08008d38       0x1c ./USB_DEVICE/App/usbd_cdc_if.o
                0x08008d38                CDC_AttachRxData
 .text.USBD_FS_DeviceDescriptor
                0x08008d54       0x24 ./USB_DEVICE/App/usbd_desc.o
                0x08008d54                USBD_FS_DeviceDescriptor
 .text.USBD_FS_LangIDStrDescriptor
                0x08008d78       0x24 ./USB_DEVICE/App/usbd_desc.o
                0x08008d78                USBD_FS_LangIDStrDescriptor
 .text.USBD_FS_ProductStrDescriptor
                0x08008d9c       0x3c ./USB_DEVICE/App/usbd_desc.o
                0x08008d9c                USBD_FS_ProductStrDescriptor
 .text.USBD_FS_ManufacturerStrDescriptor
                0x08008dd8       0x28 ./USB_DEVICE/App/usbd_desc.o
                0x08008dd8                USBD_FS_ManufacturerStrDescriptor
 .text.USBD_FS_SerialStrDescriptor
                0x08008e00       0x24 ./USB_DEVICE/App/usbd_desc.o
                0x08008e00                USBD_FS_SerialStrDescriptor
 .text.USBD_FS_ConfigStrDescriptor
                0x08008e24       0x3c ./USB_DEVICE/App/usbd_desc.o
                0x08008e24                USBD_FS_ConfigStrDescriptor
 .text.USBD_FS_InterfaceStrDescriptor
                0x08008e60       0x3c ./USB_DEVICE/App/usbd_desc.o
                0x08008e60                USBD_FS_InterfaceStrDescriptor
 .text.Get_SerialNum
                0x08008e9c       0x58 ./USB_DEVICE/App/usbd_desc.o
 .text.IntToUnicode
                0x08008ef4       0x7c ./USB_DEVICE/App/usbd_desc.o
 .text.HAL_PCD_MspInit
                0x08008f70       0x4c ./USB_DEVICE/Target/usbd_conf.o
                0x08008f70                HAL_PCD_MspInit
 .text.HAL_PCD_SetupStageCallback
                0x08008fbc       0x24 ./USB_DEVICE/Target/usbd_conf.o
                0x08008fbc                HAL_PCD_SetupStageCallback
 .text.HAL_PCD_DataOutStageCallback
                0x08008fe0       0x36 ./USB_DEVICE/Target/usbd_conf.o
                0x08008fe0                HAL_PCD_DataOutStageCallback
 .text.HAL_PCD_DataInStageCallback
                0x08009016       0x34 ./USB_DEVICE/Target/usbd_conf.o
                0x08009016                HAL_PCD_DataInStageCallback
 .text.HAL_PCD_SOFCallback
                0x0800904a       0x1c ./USB_DEVICE/Target/usbd_conf.o
                0x0800904a                HAL_PCD_SOFCallback
 .text.HAL_PCD_ResetCallback
                0x08009066       0x3c ./USB_DEVICE/Target/usbd_conf.o
                0x08009066                HAL_PCD_ResetCallback
 *fill*         0x080090a2        0x2 
 .text.HAL_PCD_SuspendCallback
                0x080090a4       0x34 ./USB_DEVICE/Target/usbd_conf.o
                0x080090a4                HAL_PCD_SuspendCallback
 .text.HAL_PCD_ResumeCallback
                0x080090d8       0x1c ./USB_DEVICE/Target/usbd_conf.o
                0x080090d8                HAL_PCD_ResumeCallback
 .text.USBD_LL_Init
                0x080090f4       0xb4 ./USB_DEVICE/Target/usbd_conf.o
                0x080090f4                USBD_LL_Init
 .text.USBD_LL_Start
                0x080091a8       0x36 ./USB_DEVICE/Target/usbd_conf.o
                0x080091a8                USBD_LL_Start
 .text.USBD_LL_OpenEP
                0x080091de       0x4c ./USB_DEVICE/Target/usbd_conf.o
                0x080091de                USBD_LL_OpenEP
 .text.USBD_LL_CloseEP
                0x0800922a       0x3e ./USB_DEVICE/Target/usbd_conf.o
                0x0800922a                USBD_LL_CloseEP
 .text.USBD_LL_StallEP
                0x08009268       0x3e ./USB_DEVICE/Target/usbd_conf.o
                0x08009268                USBD_LL_StallEP
 .text.USBD_LL_ClearStallEP
                0x080092a6       0x3e ./USB_DEVICE/Target/usbd_conf.o
                0x080092a6                USBD_LL_ClearStallEP
 .text.USBD_LL_IsStallEP
                0x080092e4       0x56 ./USB_DEVICE/Target/usbd_conf.o
                0x080092e4                USBD_LL_IsStallEP
 .text.USBD_LL_SetUSBAddress
                0x0800933a       0x3e ./USB_DEVICE/Target/usbd_conf.o
                0x0800933a                USBD_LL_SetUSBAddress
 .text.USBD_LL_Transmit
                0x08009378       0x46 ./USB_DEVICE/Target/usbd_conf.o
                0x08009378                USBD_LL_Transmit
 .text.USBD_LL_PrepareReceive
                0x080093be       0x46 ./USB_DEVICE/Target/usbd_conf.o
                0x080093be                USBD_LL_PrepareReceive
 .text.USBD_LL_GetRxDataSize
                0x08009404       0x26 ./USB_DEVICE/Target/usbd_conf.o
                0x08009404                USBD_LL_GetRxDataSize
 *fill*         0x0800942a        0x2 
 .text.USBD_static_malloc
                0x0800942c       0x18 ./USB_DEVICE/Target/usbd_conf.o
                0x0800942c                USBD_static_malloc
 .text.USBD_static_free
                0x08009444       0x12 ./USB_DEVICE/Target/usbd_conf.o
                0x08009444                USBD_static_free
 .text.HAL_PCDEx_SetConnectionState
                0x08009456       0x16 ./USB_DEVICE/Target/usbd_conf.o
                0x08009456                HAL_PCDEx_SetConnectionState
 .text.USBD_Get_USB_Status
                0x0800946c       0x58 ./USB_DEVICE/Target/usbd_conf.o
 .text.sprintf  0x080094c4       0x44 E:/STM/ID/STM32CubeIDE_1.18.1/STM32CubeIDE/plugins/com.st.stm32cube.ide.mcu.externaltools.gnu-tools-for-stm32.13.3.rel1.win32_1.0.0.202411081344/tools/bin/../lib/gcc/arm-none-eabi/13.3.1/../../../../arm-none-eabi/lib/thumb/v7-m/nofp\libc_nano.a(libc_a-sprintf.o)
                0x080094c4                siprintf
                0x080094c4                sprintf
 .text.memset   0x08009508       0x10 E:/STM/ID/STM32CubeIDE_1.18.1/STM32CubeIDE/plugins/com.st.stm32cube.ide.mcu.externaltools.gnu-tools-for-stm32.13.3.rel1.win32_1.0.0.202411081344/tools/bin/../lib/gcc/arm-none-eabi/13.3.1/../../../../arm-none-eabi/lib/thumb/v7-m/nofp\libc_nano.a(libc_a-memset.o)
                0x08009508                memset
 .text.__errno  0x08009518        0xc E:/STM/ID/STM32CubeIDE_1.18.1/STM32CubeIDE/plugins/com.st.stm32cube.ide.mcu.externaltools.gnu-tools-for-stm32.13.3.rel1.win32_1.0.0.202411081344/tools/bin/../lib/gcc/arm-none-eabi/13.3.1/../../../../arm-none-eabi/lib/thumb/v7-m/nofp\libc_nano.a(libc_a-errno.o)
                0x08009518                __errno
 .text.__libc_init_array
                0x08009524       0x48 E:/STM/ID/STM32CubeIDE_1.18.1/STM32CubeIDE/plugins/com.st.stm32cube.ide.mcu.externaltools.gnu-tools-for-stm32.13.3.rel1.win32_1.0.0.202411081344/tools/bin/../lib/gcc/arm-none-eabi/13.3.1/../../../../arm-none-eabi/lib/thumb/v7-m/nofp\libc_nano.a(libc_a-init.o)
                0x08009524                __libc_init_array
 .text.__retarget_lock_acquire_recursive
                0x0800956c        0x2 E:/STM/ID/STM32CubeIDE_1.18.1/STM32CubeIDE/plugins/com.st.stm32cube.ide.mcu.externaltools.gnu-tools-for-stm32.13.3.rel1.win32_1.0.0.202411081344/tools/bin/../lib/gcc/arm-none-eabi/13.3.1/../../../../arm-none-eabi/lib/thumb/v7-m/nofp\libc_nano.a(libc_a-lock.o)
                0x0800956c                __retarget_lock_acquire_recursive
 .text.__retarget_lock_release_recursive
                0x0800956e        0x2 E:/STM/ID/STM32CubeIDE_1.18.1/STM32CubeIDE/plugins/com.st.stm32cube.ide.mcu.externaltools.gnu-tools-for-stm32.13.3.rel1.win32_1.0.0.202411081344/tools/bin/../lib/gcc/arm-none-eabi/13.3.1/../../../../arm-none-eabi/lib/thumb/v7-m/nofp\libc_nano.a(libc_a-lock.o)
                0x0800956e                __retarget_lock_release_recursive
 .text._free_r  0x08009570       0x90 E:/STM/ID/STM32CubeIDE_1.18.1/STM32CubeIDE/plugins/com.st.stm32cube.ide.mcu.externaltools.gnu-tools-for-stm32.13.3.rel1.win32_1.0.0.202411081344/tools/bin/../lib/gcc/arm-none-eabi/13.3.1/../../../../arm-none-eabi/lib/thumb/v7-m/nofp\libc_nano.a(libc_a-freer.o)
                0x08009570                _free_r
 .text.sbrk_aligned
                0x08009600       0x44 E:/STM/ID/STM32CubeIDE_1.18.1/STM32CubeIDE/plugins/com.st.stm32cube.ide.mcu.externaltools.gnu-tools-for-stm32.13.3.rel1.win32_1.0.0.202411081344/tools/bin/../lib/gcc/arm-none-eabi/13.3.1/../../../../arm-none-eabi/lib/thumb/v7-m/nofp\libc_nano.a(libc_a-mallocr.o)
 .text._malloc_r
                0x08009644      0x100 E:/STM/ID/STM32CubeIDE_1.18.1/STM32CubeIDE/plugins/com.st.stm32cube.ide.mcu.externaltools.gnu-tools-for-stm32.13.3.rel1.win32_1.0.0.202411081344/tools/bin/../lib/gcc/arm-none-eabi/13.3.1/../../../../arm-none-eabi/lib/thumb/v7-m/nofp\libc_nano.a(libc_a-mallocr.o)
                0x08009644                _malloc_r
 .text.__malloc_lock
                0x08009744        0xc E:/STM/ID/STM32CubeIDE_1.18.1/STM32CubeIDE/plugins/com.st.stm32cube.ide.mcu.externaltools.gnu-tools-for-stm32.13.3.rel1.win32_1.0.0.202411081344/tools/bin/../lib/gcc/arm-none-eabi/13.3.1/../../../../arm-none-eabi/lib/thumb/v7-m/nofp\libc_nano.a(libc_a-mlock.o)
                0x08009744                __malloc_lock
 .text.__malloc_unlock
                0x08009750        0xc E:/STM/ID/STM32CubeIDE_1.18.1/STM32CubeIDE/plugins/com.st.stm32cube.ide.mcu.externaltools.gnu-tools-for-stm32.13.3.rel1.win32_1.0.0.202411081344/tools/bin/../lib/gcc/arm-none-eabi/13.3.1/../../../../arm-none-eabi/lib/thumb/v7-m/nofp\libc_nano.a(libc_a-mlock.o)
                0x08009750                __malloc_unlock
 .text.__ssputs_r
                0x0800975c       0xb6 E:/STM/ID/STM32CubeIDE_1.18.1/STM32CubeIDE/plugins/com.st.stm32cube.ide.mcu.externaltools.gnu-tools-for-stm32.13.3.rel1.win32_1.0.0.202411081344/tools/bin/../lib/gcc/arm-none-eabi/13.3.1/../../../../arm-none-eabi/lib/thumb/v7-m/nofp\libc_nano.a(libc_a-nano-svfprintf.o)
                0x0800975c                __ssputs_r
 *fill*         0x08009812        0x2 
 .text._svfprintf_r
                0x08009814      0x1f8 E:/STM/ID/STM32CubeIDE_1.18.1/STM32CubeIDE/plugins/com.st.stm32cube.ide.mcu.externaltools.gnu-tools-for-stm32.13.3.rel1.win32_1.0.0.202411081344/tools/bin/../lib/gcc/arm-none-eabi/13.3.1/../../../../arm-none-eabi/lib/thumb/v7-m/nofp\libc_nano.a(libc_a-nano-svfprintf.o)
                0x08009814                _svfiprintf_r
                0x08009814                _svfprintf_r
 .text._printf_common
                0x08009a0c       0xe4 E:/STM/ID/STM32CubeIDE_1.18.1/STM32CubeIDE/plugins/com.st.stm32cube.ide.mcu.externaltools.gnu-tools-for-stm32.13.3.rel1.win32_1.0.0.202411081344/tools/bin/../lib/gcc/arm-none-eabi/13.3.1/../../../../arm-none-eabi/lib/thumb/v7-m/nofp\libc_nano.a(libc_a-nano-vfprintf_i.o)
                0x08009a0c                _printf_common
 .text._printf_i
                0x08009af0      0x23c E:/STM/ID/STM32CubeIDE_1.18.1/STM32CubeIDE/plugins/com.st.stm32cube.ide.mcu.externaltools.gnu-tools-for-stm32.13.3.rel1.win32_1.0.0.202411081344/tools/bin/../lib/gcc/arm-none-eabi/13.3.1/../../../../arm-none-eabi/lib/thumb/v7-m/nofp\libc_nano.a(libc_a-nano-vfprintf_i.o)
                0x08009af0                _printf_i
 .text.memmove  0x08009d2c       0x34 E:/STM/ID/STM32CubeIDE_1.18.1/STM32CubeIDE/plugins/com.st.stm32cube.ide.mcu.externaltools.gnu-tools-for-stm32.13.3.rel1.win32_1.0.0.202411081344/tools/bin/../lib/gcc/arm-none-eabi/13.3.1/../../../../arm-none-eabi/lib/thumb/v7-m/nofp\libc_nano.a(libc_a-memmove.o)
                0x08009d2c                memmove
 .text._sbrk_r  0x08009d60       0x20 E:/STM/ID/STM32CubeIDE_1.18.1/STM32CubeIDE/plugins/com.st.stm32cube.ide.mcu.externaltools.gnu-tools-for-stm32.13.3.rel1.win32_1.0.0.202411081344/tools/bin/../lib/gcc/arm-none-eabi/13.3.1/../../../../arm-none-eabi/lib/thumb/v7-m/nofp\libc_nano.a(libc_a-sbrkr.o)
                0x08009d60                _sbrk_r
 .text.memchr   0x08009d80       0x1c E:/STM/ID/STM32CubeIDE_1.18.1/STM32CubeIDE/plugins/com.st.stm32cube.ide.mcu.externaltools.gnu-tools-for-stm32.13.3.rel1.win32_1.0.0.202411081344/tools/bin/../lib/gcc/arm-none-eabi/13.3.1/../../../../arm-none-eabi/lib/thumb/v7-m/nofp\libc_nano.a(libc_a-memchr-stub.o)
                0x08009d80                memchr
 .text.memcpy   0x08009d9c       0x1c E:/STM/ID/STM32CubeIDE_1.18.1/STM32CubeIDE/plugins/com.st.stm32cube.ide.mcu.externaltools.gnu-tools-for-stm32.13.3.rel1.win32_1.0.0.202411081344/tools/bin/../lib/gcc/arm-none-eabi/13.3.1/../../../../arm-none-eabi/lib/thumb/v7-m/nofp\libc_nano.a(libc_a-memcpy-stub.o)
                0x08009d9c                memcpy
 .text._realloc_r
                0x08009db8       0x5c E:/STM/ID/STM32CubeIDE_1.18.1/STM32CubeIDE/plugins/com.st.stm32cube.ide.mcu.externaltools.gnu-tools-for-stm32.13.3.rel1.win32_1.0.0.202411081344/tools/bin/../lib/gcc/arm-none-eabi/13.3.1/../../../../arm-none-eabi/lib/thumb/v7-m/nofp\libc_nano.a(libc_a-reallocr.o)
                0x08009db8                _realloc_r
 .text._malloc_usable_size_r
                0x08009e14       0x10 E:/STM/ID/STM32CubeIDE_1.18.1/STM32CubeIDE/plugins/com.st.stm32cube.ide.mcu.externaltools.gnu-tools-for-stm32.13.3.rel1.win32_1.0.0.202411081344/tools/bin/../lib/gcc/arm-none-eabi/13.3.1/../../../../arm-none-eabi/lib/thumb/v7-m/nofp\libc_nano.a(libc_a-msizer.o)
                0x08009e14                _malloc_usable_size_r
 *(.glue_7)
 .glue_7        0x08009e24        0x0 linker stubs
 *(.glue_7t)
 .glue_7t       0x08009e24        0x0 linker stubs
 *(.eh_frame)
 .eh_frame      0x08009e24        0x0 E:/STM/ID/STM32CubeIDE_1.18.1/STM32CubeIDE/plugins/com.st.stm32cube.ide.mcu.externaltools.gnu-tools-for-stm32.13.3.rel1.win32_1.0.0.202411081344/tools/bin/../lib/gcc/arm-none-eabi/13.3.1/thumb/v7-m/nofp/crtbegin.o
 *(.init)
 .init          0x08009e24        0x4 E:/STM/ID/STM32CubeIDE_1.18.1/STM32CubeIDE/plugins/com.st.stm32cube.ide.mcu.externaltools.gnu-tools-for-stm32.13.3.rel1.win32_1.0.0.202411081344/tools/bin/../lib/gcc/arm-none-eabi/13.3.1/thumb/v7-m/nofp/crti.o
                0x08009e24                _init
 .init          0x08009e28        0x8 E:/STM/ID/STM32CubeIDE_1.18.1/STM32CubeIDE/plugins/com.st.stm32cube.ide.mcu.externaltools.gnu-tools-for-stm32.13.3.rel1.win32_1.0.0.202411081344/tools/bin/../lib/gcc/arm-none-eabi/13.3.1/thumb/v7-m/nofp/crtn.o
 *(.fini)
 .fini          0x08009e30        0x4 E:/STM/ID/STM32CubeIDE_1.18.1/STM32CubeIDE/plugins/com.st.stm32cube.ide.mcu.externaltools.gnu-tools-for-stm32.13.3.rel1.win32_1.0.0.202411081344/tools/bin/../lib/gcc/arm-none-eabi/13.3.1/thumb/v7-m/nofp/crti.o
                0x08009e30                _fini
 .fini          0x08009e34        0x8 E:/STM/ID/STM32CubeIDE_1.18.1/STM32CubeIDE/plugins/com.st.stm32cube.ide.mcu.externaltools.gnu-tools-for-stm32.13.3.rel1.win32_1.0.0.202411081344/tools/bin/../lib/gcc/arm-none-eabi/13.3.1/thumb/v7-m/nofp/crtn.o
                0x08009e3c                        . = ALIGN (0x4)
                0x08009e3c                        _etext = .

.vfp11_veneer   0x08009e3c        0x0
 .vfp11_veneer  0x08009e3c        0x0 linker stubs

.v4_bx          0x08009e3c        0x0
 .v4_bx         0x08009e3c        0x0 linker stubs

.iplt           0x08009e3c        0x0
 .iplt          0x08009e3c        0x0 E:/STM/ID/STM32CubeIDE_1.18.1/STM32CubeIDE/plugins/com.st.stm32cube.ide.mcu.externaltools.gnu-tools-for-stm32.13.3.rel1.win32_1.0.0.202411081344/tools/bin/../lib/gcc/arm-none-eabi/13.3.1/thumb/v7-m/nofp/crtbegin.o

.rodata         0x08009e3c       0xb0
                0x08009e3c                        . = ALIGN (0x4)
 *(.rodata)
 .rodata        0x08009e3c        0xf ./Core/Src/main.o
 *fill*         0x08009e4b        0x1 
 .rodata        0x08009e4c       0x46 ./USB_DEVICE/App/usbd_desc.o
 *(.rodata*)
 *fill*         0x08009e92        0x2 
 .rodata.AHBPrescTable
                0x08009e94       0x10 ./Core/Src/system_stm32f1xx.o
                0x08009e94                AHBPrescTable
 .rodata.aPLLMULFactorTable.1
                0x08009ea4       0x10 ./Drivers/STM32F1xx_HAL_Driver/Src/stm32f1xx_hal_rcc.o
 .rodata.aPredivFactorTable.0
                0x08009eb4        0x2 ./Drivers/STM32F1xx_HAL_Driver/Src/stm32f1xx_hal_rcc.o
 .rodata._svfprintf_r.str1.1
                0x08009eb6       0x33 E:/STM/ID/STM32CubeIDE_1.18.1/STM32CubeIDE/plugins/com.st.stm32cube.ide.mcu.externaltools.gnu-tools-for-stm32.13.3.rel1.win32_1.0.0.202411081344/tools/bin/../lib/gcc/arm-none-eabi/13.3.1/../../../../arm-none-eabi/lib/thumb/v7-m/nofp\libc_nano.a(libc_a-nano-svfprintf.o)
                                 0x11 (size before relaxing)
 .rodata._printf_i.str1.1
                0x08009ee9       0x22 E:/STM/ID/STM32CubeIDE_1.18.1/STM32CubeIDE/plugins/com.st.stm32cube.ide.mcu.externaltools.gnu-tools-for-stm32.13.3.rel1.win32_1.0.0.202411081344/tools/bin/../lib/gcc/arm-none-eabi/13.3.1/../../../../arm-none-eabi/lib/thumb/v7-m/nofp\libc_nano.a(libc_a-nano-vfprintf_i.o)
                0x08009f0c                        . = ALIGN (0x4)
 *fill*         0x08009ee9        0x3 

.ARM.extab      0x08009eec        0x0
                0x08009eec                        . = ALIGN (0x4)
 *(.ARM.extab* .gnu.linkonce.armextab.*)
                0x08009eec                        . = ALIGN (0x4)

.ARM            0x08009eec        0x0
                0x08009eec                        . = ALIGN (0x4)
                0x08009eec                        __exidx_start = .
 *(.ARM.exidx*)
                0x08009eec                        __exidx_end = .
                0x08009eec                        . = ALIGN (0x4)

.preinit_array  0x08009eec        0x0
                0x08009eec                        . = ALIGN (0x4)
                0x08009eec                        PROVIDE (__preinit_array_start = .)
 *(.preinit_array*)
                0x08009eec                        PROVIDE (__preinit_array_end = .)
                0x08009eec                        . = ALIGN (0x4)

.init_array     0x08009eec        0x4
                0x08009eec                        . = ALIGN (0x4)
                0x08009eec                        PROVIDE (__init_array_start = .)
 *(SORT_BY_NAME(.init_array.*))
 *(.init_array*)
 .init_array    0x08009eec        0x4 E:/STM/ID/STM32CubeIDE_1.18.1/STM32CubeIDE/plugins/com.st.stm32cube.ide.mcu.externaltools.gnu-tools-for-stm32.13.3.rel1.win32_1.0.0.202411081344/tools/bin/../lib/gcc/arm-none-eabi/13.3.1/thumb/v7-m/nofp/crtbegin.o
                0x08009ef0                        PROVIDE (__init_array_end = .)
                0x08009ef0                        . = ALIGN (0x4)

.fini_array     0x08009ef0        0x4
                0x08009ef0                        . = ALIGN (0x4)
                [!provide]                        PROVIDE (__fini_array_start = .)
 *(SORT_BY_NAME(.fini_array.*))
 *(.fini_array*)
 .fini_array    0x08009ef0        0x4 E:/STM/ID/STM32CubeIDE_1.18.1/STM32CubeIDE/plugins/com.st.stm32cube.ide.mcu.externaltools.gnu-tools-for-stm32.13.3.rel1.win32_1.0.0.202411081344/tools/bin/../lib/gcc/arm-none-eabi/13.3.1/thumb/v7-m/nofp/crtbegin.o
                [!provide]                        PROVIDE (__fini_array_end = .)
                0x08009ef4                        . = ALIGN (0x4)
                0x08009ef4                        _sidata = LOADADDR (.data)

.rel.dyn        0x08009ef4        0x0
 .rel.iplt      0x08009ef4        0x0 E:/STM/ID/STM32CubeIDE_1.18.1/STM32CubeIDE/plugins/com.st.stm32cube.ide.mcu.externaltools.gnu-tools-for-stm32.13.3.rel1.win32_1.0.0.202411081344/tools/bin/../lib/gcc/arm-none-eabi/13.3.1/thumb/v7-m/nofp/crtbegin.o

.data           0x20000000      0x1d4 load address 0x08009ef4
                0x20000000                        . = ALIGN (0x4)
                0x20000000                        _sdata = .
 *(.data)
 *(.data*)
 .data.SystemCoreClock
                0x20000000        0x4 ./Core/Src/system_stm32f1xx.o
                0x20000000                SystemCoreClock
 .data.uwTickPrio
                0x20000004        0x4 ./Drivers/STM32F1xx_HAL_Driver/Src/stm32f1xx_hal.o
                0x20000004                uwTickPrio
 .data.uwTickFreq
                0x20000008        0x1 ./Drivers/STM32F1xx_HAL_Driver/Src/stm32f1xx_hal.o
                0x20000008                uwTickFreq
 *fill*         0x20000009        0x3 
 .data.USBD_CDC_DeviceQualifierDesc
                0x2000000c        0xa ./Middlewares/ST/STM32_USB_Device_Library/Class/CDC/Src/usbd_cdc.o
 *fill*         0x20000016        0x2 
 .data.USBD_CDC
                0x20000018       0x38 ./Middlewares/ST/STM32_USB_Device_Library/Class/CDC/Src/usbd_cdc.o
                0x20000018                USBD_CDC
 .data.USBD_CDC_CfgHSDesc
                0x20000050       0x43 ./Middlewares/ST/STM32_USB_Device_Library/Class/CDC/Src/usbd_cdc.o
                0x20000050                USBD_CDC_CfgHSDesc
 *fill*         0x20000093        0x1 
 .data.USBD_CDC_CfgFSDesc
                0x20000094       0x43 ./Middlewares/ST/STM32_USB_Device_Library/Class/CDC/Src/usbd_cdc.o
                0x20000094                USBD_CDC_CfgFSDesc
 *fill*         0x200000d7        0x1 
 .data.USBD_CDC_OtherSpeedCfgDesc
                0x200000d8       0x43 ./Middlewares/ST/STM32_USB_Device_Library/Class/CDC/Src/usbd_cdc.o
                0x200000d8                USBD_CDC_OtherSpeedCfgDesc
 *fill*         0x2000011b        0x1 
 .data.LineCoding
                0x2000011c        0x8 ./USB_DEVICE/App/usbd_cdc_if.o
                0x2000011c                LineCoding
 .data.USBD_Interface_fops_FS
                0x20000124       0x10 ./USB_DEVICE/App/usbd_cdc_if.o
                0x20000124                USBD_Interface_fops_FS
 .data.FS_Desc  0x20000134       0x1c ./USB_DEVICE/App/usbd_desc.o
                0x20000134                FS_Desc
 .data.USBD_FS_DeviceDesc
                0x20000150       0x12 ./USB_DEVICE/App/usbd_desc.o
                0x20000150                USBD_FS_DeviceDesc
 *fill*         0x20000162        0x2 
 .data.USBD_LangIDDesc
                0x20000164        0x4 ./USB_DEVICE/App/usbd_desc.o
                0x20000164                USBD_LangIDDesc
 .data.USBD_StringSerial
                0x20000168       0x1a ./USB_DEVICE/App/usbd_desc.o
                0x20000168                USBD_StringSerial
 *fill*         0x20000182        0x2 
 .data._impure_ptr
                0x20000184        0x4 E:/STM/ID/STM32CubeIDE_1.18.1/STM32CubeIDE/plugins/com.st.stm32cube.ide.mcu.externaltools.gnu-tools-for-stm32.13.3.rel1.win32_1.0.0.202411081344/tools/bin/../lib/gcc/arm-none-eabi/13.3.1/../../../../arm-none-eabi/lib/thumb/v7-m/nofp\libc_nano.a(libc_a-impure.o)
                0x20000184                _impure_ptr
 .data._impure_data
                0x20000188       0x4c E:/STM/ID/STM32CubeIDE_1.18.1/STM32CubeIDE/plugins/com.st.stm32cube.ide.mcu.externaltools.gnu-tools-for-stm32.13.3.rel1.win32_1.0.0.202411081344/tools/bin/../lib/gcc/arm-none-eabi/13.3.1/../../../../arm-none-eabi/lib/thumb/v7-m/nofp\libc_nano.a(libc_a-impure.o)
                0x20000188                _impure_data
 *(.RamFunc)
 *(.RamFunc*)
                0x200001d4                        . = ALIGN (0x4)
                0x200001d4                        _edata = .

.igot.plt       0x200001d4        0x0 load address 0x0800a0c8
 .igot.plt      0x200001d4        0x0 E:/STM/ID/STM32CubeIDE_1.18.1/STM32CubeIDE/plugins/com.st.stm32cube.ide.mcu.externaltools.gnu-tools-for-stm32.13.3.rel1.win32_1.0.0.202411081344/tools/bin/../lib/gcc/arm-none-eabi/13.3.1/thumb/v7-m/nofp/crtbegin.o
                0x200001d4                        . = ALIGN (0x4)

.bss            0x200001d4     0x1610 load address 0x0800a0c8
                0x200001d4                        _sbss = .
                0x200001d4                        __bss_start__ = _sbss
 *(.bss)
 .bss           0x200001d4       0x1c E:/STM/ID/STM32CubeIDE_1.18.1/STM32CubeIDE/plugins/com.st.stm32cube.ide.mcu.externaltools.gnu-tools-for-stm32.13.3.rel1.win32_1.0.0.202411081344/tools/bin/../lib/gcc/arm-none-eabi/13.3.1/thumb/v7-m/nofp/crtbegin.o
 *(.bss*)
 .bss.nBytes.0  0x200001f0        0x1 ./Core/Src/UnerProtocol.o
 *fill*         0x200001f1        0x3 
 .bss.hadc1     0x200001f4       0x30 ./Core/Src/main.o
                0x200001f4                hadc1
 .bss.hdma_adc1
                0x20000224       0x44 ./Core/Src/main.o
                0x20000224                hdma_adc1
 .bss.htim2     0x20000268       0x48 ./Core/Src/main.o
                0x20000268                htim2
 .bss.datosComSerie
                0x200002b0      0x208 ./Core/Src/main.o
                0x200002b0                datosComSerie
 .bss.estadoProtocolo
                0x200004b8        0x1 ./Core/Src/main.o
                0x200004b8                estadoProtocolo
 *fill*         0x200004b9        0x3 
 .bss.adcBuffer
                0x200004bc       0x10 ./Core/Src/main.o
                0x200004bc                adcBuffer
 .bss.myFlags   0x200004cc        0x1 ./Core/Src/main.o
                0x200004cc                myFlags
 *fill*         0x200004cd        0x3 
 .bss.__sbrk_heap_end
                0x200004d0        0x4 ./Core/Src/sysmem.o
 .bss.uwTick    0x200004d4        0x4 ./Drivers/STM32F1xx_HAL_Driver/Src/stm32f1xx_hal.o
                0x200004d4                uwTick
 .bss.cfgidx.0  0x200004d8        0x1 ./Middlewares/ST/STM32_USB_Device_Library/Core/Src/usbd_ctlreq.o
 *fill*         0x200004d9        0x3 
 .bss.hUsbDeviceFS
                0x200004dc      0x2c4 ./USB_DEVICE/App/usb_device.o
                0x200004dc                hUsbDeviceFS
 .bss.UserRxBufferFS
                0x200007a0      0x400 ./USB_DEVICE/App/usbd_cdc_if.o
                0x200007a0                UserRxBufferFS
 .bss.UserTxBufferFS
                0x20000ba0      0x400 ./USB_DEVICE/App/usbd_cdc_if.o
                0x20000ba0                UserTxBufferFS
 .bss.aPtrFunRx
                0x20000fa0        0x4 ./USB_DEVICE/App/usbd_cdc_if.o
 .bss.USBD_StrDesc
                0x20000fa4      0x200 ./USB_DEVICE/App/usbd_desc.o
                0x20000fa4                USBD_StrDesc
 .bss.hpcd_USB_FS
                0x200011a4      0x2d8 ./USB_DEVICE/Target/usbd_conf.o
                0x200011a4                hpcd_USB_FS
 .bss.mem.0     0x2000147c      0x220 ./USB_DEVICE/Target/usbd_conf.o
 .bss.__sf      0x2000169c      0x138 E:/STM/ID/STM32CubeIDE_1.18.1/STM32CubeIDE/plugins/com.st.stm32cube.ide.mcu.externaltools.gnu-tools-for-stm32.13.3.rel1.win32_1.0.0.202411081344/tools/bin/../lib/gcc/arm-none-eabi/13.3.1/../../../../arm-none-eabi/lib/thumb/v7-m/nofp\libc_nano.a(libc_a-findfp.o)
                0x2000169c                __sf
 .bss.errno     0x200017d4        0x4 E:/STM/ID/STM32CubeIDE_1.18.1/STM32CubeIDE/plugins/com.st.stm32cube.ide.mcu.externaltools.gnu-tools-for-stm32.13.3.rel1.win32_1.0.0.202411081344/tools/bin/../lib/gcc/arm-none-eabi/13.3.1/../../../../arm-none-eabi/lib/thumb/v7-m/nofp\libc_nano.a(libc_a-reent.o)
                0x200017d4                errno
 .bss.__lock___malloc_recursive_mutex
                0x200017d8        0x1 E:/STM/ID/STM32CubeIDE_1.18.1/STM32CubeIDE/plugins/com.st.stm32cube.ide.mcu.externaltools.gnu-tools-for-stm32.13.3.rel1.win32_1.0.0.202411081344/tools/bin/../lib/gcc/arm-none-eabi/13.3.1/../../../../arm-none-eabi/lib/thumb/v7-m/nofp\libc_nano.a(libc_a-lock.o)
                0x200017d8                __lock___malloc_recursive_mutex
 *fill*         0x200017d9        0x3 
 .bss.__malloc_sbrk_start
                0x200017dc        0x4 E:/STM/ID/STM32CubeIDE_1.18.1/STM32CubeIDE/plugins/com.st.stm32cube.ide.mcu.externaltools.gnu-tools-for-stm32.13.3.rel1.win32_1.0.0.202411081344/tools/bin/../lib/gcc/arm-none-eabi/13.3.1/../../../../arm-none-eabi/lib/thumb/v7-m/nofp\libc_nano.a(libc_a-mallocr.o)
                0x200017dc                __malloc_sbrk_start
 .bss.__malloc_free_list
                0x200017e0        0x4 E:/STM/ID/STM32CubeIDE_1.18.1/STM32CubeIDE/plugins/com.st.stm32cube.ide.mcu.externaltools.gnu-tools-for-stm32.13.3.rel1.win32_1.0.0.202411081344/tools/bin/../lib/gcc/arm-none-eabi/13.3.1/../../../../arm-none-eabi/lib/thumb/v7-m/nofp\libc_nano.a(libc_a-mallocr.o)
                0x200017e0                __malloc_free_list
 *(COMMON)
                0x200017e4                        . = ALIGN (0x4)
                0x200017e4                        _ebss = .
                0x200017e4                        __bss_end__ = _ebss

._user_heap_stack
                0x200017e4      0x604 load address 0x0800a0c8
                0x200017e8                        . = ALIGN (0x8)
 *fill*         0x200017e4        0x4 
                [!provide]                        PROVIDE (end = .)
                0x200017e8                        PROVIDE (_end = .)
                0x200019e8                        . = (. + _Min_Heap_Size)
 *fill*         0x200017e8      0x200 
                0x20001de8                        . = (. + _Min_Stack_Size)
 *fill*         0x200019e8      0x400 
                0x20001de8                        . = ALIGN (0x8)

/DISCARD/
 libc.a(*)
 libm.a(*)
 libgcc.a(*)

.ARM.attributes
                0x00000000       0x29
 *(.ARM.attributes)
 .ARM.attributes
                0x00000000       0x1d E:/STM/ID/STM32CubeIDE_1.18.1/STM32CubeIDE/plugins/com.st.stm32cube.ide.mcu.externaltools.gnu-tools-for-stm32.13.3.rel1.win32_1.0.0.202411081344/tools/bin/../lib/gcc/arm-none-eabi/13.3.1/thumb/v7-m/nofp/crti.o
 .ARM.attributes
                0x0000001d       0x2d E:/STM/ID/STM32CubeIDE_1.18.1/STM32CubeIDE/plugins/com.st.stm32cube.ide.mcu.externaltools.gnu-tools-for-stm32.13.3.rel1.win32_1.0.0.202411081344/tools/bin/../lib/gcc/arm-none-eabi/13.3.1/thumb/v7-m/nofp/crtbegin.o
 .ARM.attributes
                0x0000004a       0x2d ./Core/Src/UnerProtocol.o
 .ARM.attributes
                0x00000077       0x2d ./Core/Src/main.o
 .ARM.attributes
                0x000000a4       0x2d ./Core/Src/stm32f1xx_hal_msp.o
 .ARM.attributes
                0x000000d1       0x2d ./Core/Src/stm32f1xx_it.o
 .ARM.attributes
                0x000000fe       0x2d ./Core/Src/sysmem.o
 .ARM.attributes
                0x0000012b       0x2d ./Core/Src/system_stm32f1xx.o
 .ARM.attributes
                0x00000158       0x21 ./Core/Startup/startup_stm32f103c8tx.o
 .ARM.attributes
                0x00000179       0x2d ./Drivers/STM32F1xx_HAL_Driver/Src/stm32f1xx_hal.o
 .ARM.attributes
                0x000001a6       0x2d ./Drivers/STM32F1xx_HAL_Driver/Src/stm32f1xx_hal_adc.o
 .ARM.attributes
                0x000001d3       0x2d ./Drivers/STM32F1xx_HAL_Driver/Src/stm32f1xx_hal_adc_ex.o
 .ARM.attributes
                0x00000200       0x2d ./Drivers/STM32F1xx_HAL_Driver/Src/stm32f1xx_hal_cortex.o
 .ARM.attributes
                0x0000022d       0x2d ./Drivers/STM32F1xx_HAL_Driver/Src/stm32f1xx_hal_dma.o
 .ARM.attributes
                0x0000025a       0x2d ./Drivers/STM32F1xx_HAL_Driver/Src/stm32f1xx_hal_gpio.o
 .ARM.attributes
                0x00000287       0x2d ./Drivers/STM32F1xx_HAL_Driver/Src/stm32f1xx_hal_pcd.o
 .ARM.attributes
                0x000002b4       0x2d ./Drivers/STM32F1xx_HAL_Driver/Src/stm32f1xx_hal_pcd_ex.o
 .ARM.attributes
                0x000002e1       0x2d ./Drivers/STM32F1xx_HAL_Driver/Src/stm32f1xx_hal_rcc.o
 .ARM.attributes
                0x0000030e       0x2d ./Drivers/STM32F1xx_HAL_Driver/Src/stm32f1xx_hal_rcc_ex.o
 .ARM.attributes
                0x0000033b       0x2d ./Drivers/STM32F1xx_HAL_Driver/Src/stm32f1xx_hal_tim.o
 .ARM.attributes
                0x00000368       0x2d ./Drivers/STM32F1xx_HAL_Driver/Src/stm32f1xx_hal_tim_ex.o
 .ARM.attributes
                0x00000395       0x2d ./Drivers/STM32F1xx_HAL_Driver/Src/stm32f1xx_ll_usb.o
 .ARM.attributes
                0x000003c2       0x2d ./Middlewares/ST/STM32_USB_Device_Library/Class/CDC/Src/usbd_cdc.o
 .ARM.attributes
                0x000003ef       0x2d ./Middlewares/ST/STM32_USB_Device_Library/Core/Src/usbd_core.o
 .ARM.attributes
                0x0000041c       0x2d ./Middlewares/ST/STM32_USB_Device_Library/Core/Src/usbd_ctlreq.o
 .ARM.attributes
                0x00000449       0x2d ./Middlewares/ST/STM32_USB_Device_Library/Core/Src/usbd_ioreq.o
 .ARM.attributes
                0x00000476       0x2d ./USB_DEVICE/App/usb_device.o
 .ARM.attributes
                0x000004a3       0x2d ./USB_DEVICE/App/usbd_cdc_if.o
 .ARM.attributes
                0x000004d0       0x2d ./USB_DEVICE/App/usbd_desc.o
 .ARM.attributes
                0x000004fd       0x2d ./USB_DEVICE/Target/usbd_conf.o
 .ARM.attributes
                0x0000052a       0x2d E:/STM/ID/STM32CubeIDE_1.18.1/STM32CubeIDE/plugins/com.st.stm32cube.ide.mcu.externaltools.gnu-tools-for-stm32.13.3.rel1.win32_1.0.0.202411081344/tools/bin/../lib/gcc/arm-none-eabi/13.3.1/../../../../arm-none-eabi/lib/thumb/v7-m/nofp\libc_nano.a(libc_a-findfp.o)
 .ARM.attributes
                0x00000557       0x2d E:/STM/ID/STM32CubeIDE_1.18.1/STM32CubeIDE/plugins/com.st.stm32cube.ide.mcu.externaltools.gnu-tools-for-stm32.13.3.rel1.win32_1.0.0.202411081344/tools/bin/../lib/gcc/arm-none-eabi/13.3.1/../../../../arm-none-eabi/lib/thumb/v7-m/nofp\libc_nano.a(libc_a-sprintf.o)
 .ARM.attributes
                0x00000584       0x2d E:/STM/ID/STM32CubeIDE_1.18.1/STM32CubeIDE/plugins/com.st.stm32cube.ide.mcu.externaltools.gnu-tools-for-stm32.13.3.rel1.win32_1.0.0.202411081344/tools/bin/../lib/gcc/arm-none-eabi/13.3.1/../../../../arm-none-eabi/lib/thumb/v7-m/nofp\libc_nano.a(libc_a-memset.o)
 .ARM.attributes
                0x000005b1       0x2d E:/STM/ID/STM32CubeIDE_1.18.1/STM32CubeIDE/plugins/com.st.stm32cube.ide.mcu.externaltools.gnu-tools-for-stm32.13.3.rel1.win32_1.0.0.202411081344/tools/bin/../lib/gcc/arm-none-eabi/13.3.1/../../../../arm-none-eabi/lib/thumb/v7-m/nofp\libc_nano.a(libc_a-reent.o)
 .ARM.attributes
                0x000005de       0x2d E:/STM/ID/STM32CubeIDE_1.18.1/STM32CubeIDE/plugins/com.st.stm32cube.ide.mcu.externaltools.gnu-tools-for-stm32.13.3.rel1.win32_1.0.0.202411081344/tools/bin/../lib/gcc/arm-none-eabi/13.3.1/../../../../arm-none-eabi/lib/thumb/v7-m/nofp\libc_nano.a(libc_a-impure.o)
 .ARM.attributes
                0x0000060b       0x2d E:/STM/ID/STM32CubeIDE_1.18.1/STM32CubeIDE/plugins/com.st.stm32cube.ide.mcu.externaltools.gnu-tools-for-stm32.13.3.rel1.win32_1.0.0.202411081344/tools/bin/../lib/gcc/arm-none-eabi/13.3.1/../../../../arm-none-eabi/lib/thumb/v7-m/nofp\libc_nano.a(libc_a-errno.o)
 .ARM.attributes
                0x00000638       0x2d E:/STM/ID/STM32CubeIDE_1.18.1/STM32CubeIDE/plugins/com.st.stm32cube.ide.mcu.externaltools.gnu-tools-for-stm32.13.3.rel1.win32_1.0.0.202411081344/tools/bin/../lib/gcc/arm-none-eabi/13.3.1/../../../../arm-none-eabi/lib/thumb/v7-m/nofp\libc_nano.a(libc_a-init.o)
 .ARM.attributes
                0x00000665       0x2d E:/STM/ID/STM32CubeIDE_1.18.1/STM32CubeIDE/plugins/com.st.stm32cube.ide.mcu.externaltools.gnu-tools-for-stm32.13.3.rel1.win32_1.0.0.202411081344/tools/bin/../lib/gcc/arm-none-eabi/13.3.1/../../../../arm-none-eabi/lib/thumb/v7-m/nofp\libc_nano.a(libc_a-lock.o)
 .ARM.attributes
                0x00000692       0x2d E:/STM/ID/STM32CubeIDE_1.18.1/STM32CubeIDE/plugins/com.st.stm32cube.ide.mcu.externaltools.gnu-tools-for-stm32.13.3.rel1.win32_1.0.0.202411081344/tools/bin/../lib/gcc/arm-none-eabi/13.3.1/../../../../arm-none-eabi/lib/thumb/v7-m/nofp\libc_nano.a(libc_a-freer.o)
 .ARM.attributes
                0x000006bf       0x2d E:/STM/ID/STM32CubeIDE_1.18.1/STM32CubeIDE/plugins/com.st.stm32cube.ide.mcu.externaltools.gnu-tools-for-stm32.13.3.rel1.win32_1.0.0.202411081344/tools/bin/../lib/gcc/arm-none-eabi/13.3.1/../../../../arm-none-eabi/lib/thumb/v7-m/nofp\libc_nano.a(libc_a-mallocr.o)
 .ARM.attributes
                0x000006ec       0x2d E:/STM/ID/STM32CubeIDE_1.18.1/STM32CubeIDE/plugins/com.st.stm32cube.ide.mcu.externaltools.gnu-tools-for-stm32.13.3.rel1.win32_1.0.0.202411081344/tools/bin/../lib/gcc/arm-none-eabi/13.3.1/../../../../arm-none-eabi/lib/thumb/v7-m/nofp\libc_nano.a(libc_a-mlock.o)
 .ARM.attributes
                0x00000719       0x2d E:/STM/ID/STM32CubeIDE_1.18.1/STM32CubeIDE/plugins/com.st.stm32cube.ide.mcu.externaltools.gnu-tools-for-stm32.13.3.rel1.win32_1.0.0.202411081344/tools/bin/../lib/gcc/arm-none-eabi/13.3.1/../../../../arm-none-eabi/lib/thumb/v7-m/nofp\libc_nano.a(libc_a-nano-svfprintf.o)
 .ARM.attributes
                0x00000746       0x2d E:/STM/ID/STM32CubeIDE_1.18.1/STM32CubeIDE/plugins/com.st.stm32cube.ide.mcu.externaltools.gnu-tools-for-stm32.13.3.rel1.win32_1.0.0.202411081344/tools/bin/../lib/gcc/arm-none-eabi/13.3.1/../../../../arm-none-eabi/lib/thumb/v7-m/nofp\libc_nano.a(libc_a-nano-vfprintf_i.o)
 .ARM.attributes
                0x00000773       0x2d E:/STM/ID/STM32CubeIDE_1.18.1/STM32CubeIDE/plugins/com.st.stm32cube.ide.mcu.externaltools.gnu-tools-for-stm32.13.3.rel1.win32_1.0.0.202411081344/tools/bin/../lib/gcc/arm-none-eabi/13.3.1/../../../../arm-none-eabi/lib/thumb/v7-m/nofp\libc_nano.a(libc_a-memmove.o)
 .ARM.attributes
                0x000007a0       0x2d E:/STM/ID/STM32CubeIDE_1.18.1/STM32CubeIDE/plugins/com.st.stm32cube.ide.mcu.externaltools.gnu-tools-for-stm32.13.3.rel1.win32_1.0.0.202411081344/tools/bin/../lib/gcc/arm-none-eabi/13.3.1/../../../../arm-none-eabi/lib/thumb/v7-m/nofp\libc_nano.a(libc_a-sbrkr.o)
 .ARM.attributes
                0x000007cd       0x2d E:/STM/ID/STM32CubeIDE_1.18.1/STM32CubeIDE/plugins/com.st.stm32cube.ide.mcu.externaltools.gnu-tools-for-stm32.13.3.rel1.win32_1.0.0.202411081344/tools/bin/../lib/gcc/arm-none-eabi/13.3.1/../../../../arm-none-eabi/lib/thumb/v7-m/nofp\libc_nano.a(libc_a-memchr-stub.o)
 .ARM.attributes
                0x000007fa       0x2d E:/STM/ID/STM32CubeIDE_1.18.1/STM32CubeIDE/plugins/com.st.stm32cube.ide.mcu.externaltools.gnu-tools-for-stm32.13.3.rel1.win32_1.0.0.202411081344/tools/bin/../lib/gcc/arm-none-eabi/13.3.1/../../../../arm-none-eabi/lib/thumb/v7-m/nofp\libc_nano.a(libc_a-memcpy-stub.o)
 .ARM.attributes
                0x00000827       0x2d E:/STM/ID/STM32CubeIDE_1.18.1/STM32CubeIDE/plugins/com.st.stm32cube.ide.mcu.externaltools.gnu-tools-for-stm32.13.3.rel1.win32_1.0.0.202411081344/tools/bin/../lib/gcc/arm-none-eabi/13.3.1/../../../../arm-none-eabi/lib/thumb/v7-m/nofp\libc_nano.a(libc_a-reallocr.o)
 .ARM.attributes
                0x00000854       0x2d E:/STM/ID/STM32CubeIDE_1.18.1/STM32CubeIDE/plugins/com.st.stm32cube.ide.mcu.externaltools.gnu-tools-for-stm32.13.3.rel1.win32_1.0.0.202411081344/tools/bin/../lib/gcc/arm-none-eabi/13.3.1/../../../../arm-none-eabi/lib/thumb/v7-m/nofp\libc_nano.a(libc_a-msizer.o)
 .ARM.attributes
                0x00000881       0x1d E:/STM/ID/STM32CubeIDE_1.18.1/STM32CubeIDE/plugins/com.st.stm32cube.ide.mcu.externaltools.gnu-tools-for-stm32.13.3.rel1.win32_1.0.0.202411081344/tools/bin/../lib/gcc/arm-none-eabi/13.3.1/thumb/v7-m/nofp/crtn.o
OUTPUT(ADCtest2025.elf elf32-littlearm)
LOAD linker stubs
LOAD E:/STM/ID/STM32CubeIDE_1.18.1/STM32CubeIDE/plugins/com.st.stm32cube.ide.mcu.externaltools.gnu-tools-for-stm32.13.3.rel1.win32_1.0.0.202411081344/tools/bin/../lib/gcc/arm-none-eabi/13.3.1/../../../../arm-none-eabi/lib/thumb/v7-m/nofp\libc.a
LOAD E:/STM/ID/STM32CubeIDE_1.18.1/STM32CubeIDE/plugins/com.st.stm32cube.ide.mcu.externaltools.gnu-tools-for-stm32.13.3.rel1.win32_1.0.0.202411081344/tools/bin/../lib/gcc/arm-none-eabi/13.3.1/../../../../arm-none-eabi/lib/thumb/v7-m/nofp\libm.a
LOAD E:/STM/ID/STM32CubeIDE_1.18.1/STM32CubeIDE/plugins/com.st.stm32cube.ide.mcu.externaltools.gnu-tools-for-stm32.13.3.rel1.win32_1.0.0.202411081344/tools/bin/../lib/gcc/arm-none-eabi/13.3.1/thumb/v7-m/nofp\libgcc.a

.debug_info     0x00000000    0x1404b
 .debug_info    0x00000000      0x32c ./Core/Src/UnerProtocol.o
 .debug_info    0x0000032c     0x1512 ./Core/Src/main.o
 .debug_info    0x0000183e      0xd4f ./Core/Src/stm32f1xx_hal_msp.o
 .debug_info    0x0000258d      0xdf1 ./Core/Src/stm32f1xx_it.o
 .debug_info    0x0000337e      0x168 ./Core/Src/sysmem.o
 .debug_info    0x000034e6      0x222 ./Core/Src/system_stm32f1xx.o
 .debug_info    0x00003708       0x30 ./Core/Startup/startup_stm32f103c8tx.o
 .debug_info    0x00003738      0x704 ./Drivers/STM32F1xx_HAL_Driver/Src/stm32f1xx_hal.o
 .debug_info    0x00003e3c      0xc50 ./Drivers/STM32F1xx_HAL_Driver/Src/stm32f1xx_hal_adc.o
 .debug_info    0x00004a8c      0xa10 ./Drivers/STM32F1xx_HAL_Driver/Src/stm32f1xx_hal_adc_ex.o
 .debug_info    0x0000549c      0xa87 ./Drivers/STM32F1xx_HAL_Driver/Src/stm32f1xx_hal_cortex.o
 .debug_info    0x00005f23      0x6d2 ./Drivers/STM32F1xx_HAL_Driver/Src/stm32f1xx_hal_dma.o
 .debug_info    0x000065f5      0x5ab ./Drivers/STM32F1xx_HAL_Driver/Src/stm32f1xx_hal_gpio.o
 .debug_info    0x00006ba0     0x16dc ./Drivers/STM32F1xx_HAL_Driver/Src/stm32f1xx_hal_pcd.o
 .debug_info    0x0000827c      0x6c3 ./Drivers/STM32F1xx_HAL_Driver/Src/stm32f1xx_hal_pcd_ex.o
 .debug_info    0x0000893f      0x7d5 ./Drivers/STM32F1xx_HAL_Driver/Src/stm32f1xx_hal_rcc.o
 .debug_info    0x00009114      0x3c0 ./Drivers/STM32F1xx_HAL_Driver/Src/stm32f1xx_hal_rcc_ex.o
 .debug_info    0x000094d4     0x2959 ./Drivers/STM32F1xx_HAL_Driver/Src/stm32f1xx_hal_tim.o
 .debug_info    0x0000be2d     0x149b ./Drivers/STM32F1xx_HAL_Driver/Src/stm32f1xx_hal_tim_ex.o
 .debug_info    0x0000d2c8     0x17ae ./Drivers/STM32F1xx_HAL_Driver/Src/stm32f1xx_ll_usb.o
 .debug_info    0x0000ea76     0x1043 ./Middlewares/ST/STM32_USB_Device_Library/Class/CDC/Src/usbd_cdc.o
 .debug_info    0x0000fab9      0xa52 ./Middlewares/ST/STM32_USB_Device_Library/Core/Src/usbd_core.o
 .debug_info    0x0001050b      0x91c ./Middlewares/ST/STM32_USB_Device_Library/Core/Src/usbd_ctlreq.o
 .debug_info    0x00010e27      0x6a0 ./Middlewares/ST/STM32_USB_Device_Library/Core/Src/usbd_ioreq.o
 .debug_info    0x000114c7      0x63d ./USB_DEVICE/App/usb_device.o
 .debug_info    0x00011b04      0x899 ./USB_DEVICE/App/usbd_cdc_if.o
 .debug_info    0x0001239d      0x44a ./USB_DEVICE/App/usbd_desc.o
 .debug_info    0x000127e7     0x1864 ./USB_DEVICE/Target/usbd_conf.o

.debug_abbrev   0x00000000     0x3a22
 .debug_abbrev  0x00000000      0x152 ./Core/Src/UnerProtocol.o
 .debug_abbrev  0x00000152      0x3cc ./Core/Src/main.o
 .debug_abbrev  0x0000051e      0x215 ./Core/Src/stm32f1xx_hal_msp.o
 .debug_abbrev  0x00000733      0x1c6 ./Core/Src/stm32f1xx_it.o
 .debug_abbrev  0x000008f9       0xbc ./Core/Src/sysmem.o
 .debug_abbrev  0x000009b5      0x13f ./Core/Src/system_stm32f1xx.o
 .debug_abbrev  0x00000af4       0x24 ./Core/Startup/startup_stm32f103c8tx.o
 .debug_abbrev  0x00000b18      0x201 ./Drivers/STM32F1xx_HAL_Driver/Src/stm32f1xx_hal.o
 .debug_abbrev  0x00000d19      0x225 ./Drivers/STM32F1xx_HAL_Driver/Src/stm32f1xx_hal_adc.o
 .debug_abbrev  0x00000f3e      0x249 ./Drivers/STM32F1xx_HAL_Driver/Src/stm32f1xx_hal_adc_ex.o
 .debug_abbrev  0x00001187      0x2f8 ./Drivers/STM32F1xx_HAL_Driver/Src/stm32f1xx_hal_cortex.o
 .debug_abbrev  0x0000147f      0x20b ./Drivers/STM32F1xx_HAL_Driver/Src/stm32f1xx_hal_dma.o
 .debug_abbrev  0x0000168a      0x1ca ./Drivers/STM32F1xx_HAL_Driver/Src/stm32f1xx_hal_gpio.o
 .debug_abbrev  0x00001854      0x2d6 ./Drivers/STM32F1xx_HAL_Driver/Src/stm32f1xx_hal_pcd.o
 .debug_abbrev  0x00001b2a      0x189 ./Drivers/STM32F1xx_HAL_Driver/Src/stm32f1xx_hal_pcd_ex.o
 .debug_abbrev  0x00001cb3      0x2b3 ./Drivers/STM32F1xx_HAL_Driver/Src/stm32f1xx_hal_rcc.o
 .debug_abbrev  0x00001f66      0x188 ./Drivers/STM32F1xx_HAL_Driver/Src/stm32f1xx_hal_rcc_ex.o
 .debug_abbrev  0x000020ee      0x277 ./Drivers/STM32F1xx_HAL_Driver/Src/stm32f1xx_hal_tim.o
 .debug_abbrev  0x00002365      0x282 ./Drivers/STM32F1xx_HAL_Driver/Src/stm32f1xx_hal_tim_ex.o
 .debug_abbrev  0x000025e7      0x1de ./Drivers/STM32F1xx_HAL_Driver/Src/stm32f1xx_ll_usb.o
 .debug_abbrev  0x000027c5      0x2d3 ./Middlewares/ST/STM32_USB_Device_Library/Class/CDC/Src/usbd_cdc.o
 .debug_abbrev  0x00002a98      0x24a ./Middlewares/ST/STM32_USB_Device_Library/Core/Src/usbd_core.o
 .debug_abbrev  0x00002ce2      0x26b ./Middlewares/ST/STM32_USB_Device_Library/Core/Src/usbd_ctlreq.o
 .debug_abbrev  0x00002f4d      0x192 ./Middlewares/ST/STM32_USB_Device_Library/Core/Src/usbd_ioreq.o
 .debug_abbrev  0x000030df      0x18d ./USB_DEVICE/App/usb_device.o
 .debug_abbrev  0x0000326c      0x2a1 ./USB_DEVICE/App/usbd_cdc_if.o
 .debug_abbrev  0x0000350d      0x1ff ./USB_DEVICE/App/usbd_desc.o
 .debug_abbrev  0x0000370c      0x316 ./USB_DEVICE/Target/usbd_conf.o

.debug_aranges  0x00000000     0x1260
 .debug_aranges
                0x00000000       0x38 ./Core/Src/UnerProtocol.o
 .debug_aranges
                0x00000038       0x68 ./Core/Src/main.o
 .debug_aranges
                0x000000a0       0x40 ./Core/Src/stm32f1xx_hal_msp.o
 .debug_aranges
                0x000000e0       0x80 ./Core/Src/stm32f1xx_it.o
 .debug_aranges
                0x00000160       0x20 ./Core/Src/sysmem.o
 .debug_aranges
                0x00000180       0x28 ./Core/Src/system_stm32f1xx.o
 .debug_aranges
                0x000001a8       0x28 ./Core/Startup/startup_stm32f103c8tx.o
 .debug_aranges
                0x000001d0       0xe0 ./Drivers/STM32F1xx_HAL_Driver/Src/stm32f1xx_hal.o
 .debug_aranges
                0x000002b0       0xf0 ./Drivers/STM32F1xx_HAL_Driver/Src/stm32f1xx_hal_adc.o
 .debug_aranges
                0x000003a0       0x80 ./Drivers/STM32F1xx_HAL_Driver/Src/stm32f1xx_hal_adc_ex.o
 .debug_aranges
                0x00000420      0x100 ./Drivers/STM32F1xx_HAL_Driver/Src/stm32f1xx_hal_cortex.o
 .debug_aranges
                0x00000520       0x80 ./Drivers/STM32F1xx_HAL_Driver/Src/stm32f1xx_hal_dma.o
 .debug_aranges
                0x000005a0       0x58 ./Drivers/STM32F1xx_HAL_Driver/Src/stm32f1xx_hal_gpio.o
 .debug_aranges
                0x000005f8      0x140 ./Drivers/STM32F1xx_HAL_Driver/Src/stm32f1xx_hal_pcd.o
 .debug_aranges
                0x00000738       0x38 ./Drivers/STM32F1xx_HAL_Driver/Src/stm32f1xx_hal_pcd_ex.o
 .debug_aranges
                0x00000770       0x90 ./Drivers/STM32F1xx_HAL_Driver/Src/stm32f1xx_hal_rcc.o
 .debug_aranges
                0x00000800       0x30 ./Drivers/STM32F1xx_HAL_Driver/Src/stm32f1xx_hal_rcc_ex.o
 .debug_aranges
                0x00000830      0x3d0 ./Drivers/STM32F1xx_HAL_Driver/Src/stm32f1xx_hal_tim.o
 .debug_aranges
                0x00000c00      0x168 ./Drivers/STM32F1xx_HAL_Driver/Src/stm32f1xx_hal_tim_ex.o
 .debug_aranges
                0x00000d68       0xf8 ./Drivers/STM32F1xx_HAL_Driver/Src/stm32f1xx_ll_usb.o
 .debug_aranges
                0x00000e60       0x90 ./Middlewares/ST/STM32_USB_Device_Library/Class/CDC/Src/usbd_cdc.o
 .debug_aranges
                0x00000ef0       0xb8 ./Middlewares/ST/STM32_USB_Device_Library/Core/Src/usbd_core.o
 .debug_aranges
                0x00000fa8       0x88 ./Middlewares/ST/STM32_USB_Device_Library/Core/Src/usbd_ctlreq.o
 .debug_aranges
                0x00001030       0x50 ./Middlewares/ST/STM32_USB_Device_Library/Core/Src/usbd_ioreq.o
 .debug_aranges
                0x00001080       0x20 ./USB_DEVICE/App/usb_device.o
 .debug_aranges
                0x000010a0       0x48 ./USB_DEVICE/App/usbd_cdc_if.o
 .debug_aranges
                0x000010e8       0x60 ./USB_DEVICE/App/usbd_desc.o
 .debug_aranges
                0x00001148      0x118 ./USB_DEVICE/Target/usbd_conf.o

.debug_rnglists
                0x00000000      0xdf0
 .debug_rnglists
                0x00000000       0x28 ./Core/Src/UnerProtocol.o
 .debug_rnglists
                0x00000028       0x4e ./Core/Src/main.o
 .debug_rnglists
                0x00000076       0x2c ./Core/Src/stm32f1xx_hal_msp.o
 .debug_rnglists
                0x000000a2       0x5b ./Core/Src/stm32f1xx_it.o
 .debug_rnglists
                0x000000fd       0x13 ./Core/Src/sysmem.o
 .debug_rnglists
                0x00000110       0x1a ./Core/Src/system_stm32f1xx.o
 .debug_rnglists
                0x0000012a       0x19 ./Core/Startup/startup_stm32f103c8tx.o
 .debug_rnglists
                0x00000143       0xa3 ./Drivers/STM32F1xx_HAL_Driver/Src/stm32f1xx_hal.o
 .debug_rnglists
                0x000001e6       0xbc ./Drivers/STM32F1xx_HAL_Driver/Src/stm32f1xx_hal_adc.o
 .debug_rnglists
                0x000002a2       0x65 ./Drivers/STM32F1xx_HAL_Driver/Src/stm32f1xx_hal_adc_ex.o
 .debug_rnglists
                0x00000307       0xbb ./Drivers/STM32F1xx_HAL_Driver/Src/stm32f1xx_hal_cortex.o
 .debug_rnglists
                0x000003c2       0x64 ./Drivers/STM32F1xx_HAL_Driver/Src/stm32f1xx_hal_dma.o
 .debug_rnglists
                0x00000426       0x3f ./Drivers/STM32F1xx_HAL_Driver/Src/stm32f1xx_hal_gpio.o
 .debug_rnglists
                0x00000465       0xf4 ./Drivers/STM32F1xx_HAL_Driver/Src/stm32f1xx_hal_pcd.o
 .debug_rnglists
                0x00000559       0x26 ./Drivers/STM32F1xx_HAL_Driver/Src/stm32f1xx_hal_pcd_ex.o
 .debug_rnglists
                0x0000057f       0x6c ./Drivers/STM32F1xx_HAL_Driver/Src/stm32f1xx_hal_rcc.o
 .debug_rnglists
                0x000005eb       0x21 ./Drivers/STM32F1xx_HAL_Driver/Src/stm32f1xx_hal_rcc_ex.o
 .debug_rnglists
                0x0000060c      0x31a ./Drivers/STM32F1xx_HAL_Driver/Src/stm32f1xx_hal_tim.o
 .debug_rnglists
                0x00000926      0x125 ./Drivers/STM32F1xx_HAL_Driver/Src/stm32f1xx_hal_tim_ex.o
 .debug_rnglists
                0x00000a4b       0xbd ./Drivers/STM32F1xx_HAL_Driver/Src/stm32f1xx_ll_usb.o
 .debug_rnglists
                0x00000b08       0x6a ./Middlewares/ST/STM32_USB_Device_Library/Class/CDC/Src/usbd_cdc.o
 .debug_rnglists
                0x00000b72       0x89 ./Middlewares/ST/STM32_USB_Device_Library/Core/Src/usbd_core.o
 .debug_rnglists
                0x00000bfb       0x68 ./Middlewares/ST/STM32_USB_Device_Library/Core/Src/usbd_ctlreq.o
 .debug_rnglists
                0x00000c63       0x37 ./Middlewares/ST/STM32_USB_Device_Library/Core/Src/usbd_ioreq.o
 .debug_rnglists
                0x00000c9a       0x13 ./USB_DEVICE/App/usb_device.o
 .debug_rnglists
                0x00000cad       0x32 ./USB_DEVICE/App/usbd_cdc_if.o
 .debug_rnglists
                0x00000cdf       0x43 ./USB_DEVICE/App/usbd_desc.o
 .debug_rnglists
                0x00000d22       0xce ./USB_DEVICE/Target/usbd_conf.o

.debug_macro    0x00000000    0x1b1be
 .debug_macro   0x00000000      0x1db ./Core/Src/UnerProtocol.o
 .debug_macro   0x000001db      0xacc ./Core/Src/UnerProtocol.o
 .debug_macro   0x00000ca7      0x227 ./Core/Src/UnerProtocol.o
 .debug_macro   0x00000ece       0x2e ./Core/Src/UnerProtocol.o
 .debug_macro   0x00000efc       0x22 ./Core/Src/UnerProtocol.o
 .debug_macro   0x00000f1e       0x22 ./Core/Src/UnerProtocol.o
 .debug_macro   0x00000f40       0x8e ./Core/Src/UnerProtocol.o
 .debug_macro   0x00000fce       0x51 ./Core/Src/UnerProtocol.o
 .debug_macro   0x0000101f      0x103 ./Core/Src/UnerProtocol.o
 .debug_macro   0x00001122       0x6a ./Core/Src/UnerProtocol.o
 .debug_macro   0x0000118c      0x1df ./Core/Src/UnerProtocol.o
 .debug_macro   0x0000136b       0x1c ./Core/Src/UnerProtocol.o
 .debug_macro   0x00001387       0x22 ./Core/Src/UnerProtocol.o
 .debug_macro   0x000013a9       0xbd ./Core/Src/UnerProtocol.o
 .debug_macro   0x00001466      0xd23 ./Core/Src/UnerProtocol.o
 .debug_macro   0x00002189     0xe09e ./Core/Src/UnerProtocol.o
 .debug_macro   0x00010227       0x6d ./Core/Src/UnerProtocol.o
 .debug_macro   0x00010294     0x34a2 ./Core/Src/UnerProtocol.o
 .debug_macro   0x00013736      0x190 ./Core/Src/UnerProtocol.o
 .debug_macro   0x000138c6       0x5c ./Core/Src/UnerProtocol.o
 .debug_macro   0x00013922      0x5bc ./Core/Src/UnerProtocol.o
 .debug_macro   0x00013ede      0x289 ./Core/Src/UnerProtocol.o
 .debug_macro   0x00014167      0x1cb ./Core/Src/UnerProtocol.o
 .debug_macro   0x00014332      0x114 ./Core/Src/UnerProtocol.o
 .debug_macro   0x00014446      0x1b2 ./Core/Src/UnerProtocol.o
 .debug_macro   0x000145f8       0x27 ./Core/Src/UnerProtocol.o
 .debug_macro   0x0001461f      0x136 ./Core/Src/UnerProtocol.o
 .debug_macro   0x00014755      0x1bc ./Core/Src/UnerProtocol.o
 .debug_macro   0x00014911       0x34 ./Core/Src/UnerProtocol.o
 .debug_macro   0x00014945       0x3c ./Core/Src/UnerProtocol.o
 .debug_macro   0x00014981       0x57 ./Core/Src/UnerProtocol.o
 .debug_macro   0x000149d8      0x46a ./Core/Src/UnerProtocol.o
 .debug_macro   0x00014e42      0x1b5 ./Core/Src/UnerProtocol.o
 .debug_macro   0x00014ff7       0x87 ./Core/Src/UnerProtocol.o
 .debug_macro   0x0001507e      0x240 ./Core/Src/UnerProtocol.o
 .debug_macro   0x000152be      0x140 ./Core/Src/UnerProtocol.o
 .debug_macro   0x000153fe      0x8ed ./Core/Src/UnerProtocol.o
 .debug_macro   0x00015ceb       0xb7 ./Core/Src/UnerProtocol.o
 .debug_macro   0x00015da2      0x242 ./Core/Src/UnerProtocol.o
 .debug_macro   0x00015fe4       0x83 ./Core/Src/UnerProtocol.o
 .debug_macro   0x00016067      0x35a ./Core/Src/main.o
 .debug_macro   0x000163c1       0x10 ./Core/Src/main.o
 .debug_macro   0x000163d1       0x61 ./Core/Src/main.o
 .debug_macro   0x00016432       0x24 ./Core/Src/main.o
 .debug_macro   0x00016456       0x43 ./Core/Src/main.o
 .debug_macro   0x00016499       0x34 ./Core/Src/main.o
 .debug_macro   0x000164cd       0x16 ./Core/Src/main.o
 .debug_macro   0x000164e3       0x3c ./Core/Src/main.o
 .debug_macro   0x0001651f      0x370 ./Core/Src/main.o
 .debug_macro   0x0001688f       0x10 ./Core/Src/main.o
 .debug_macro   0x0001689f       0x16 ./Core/Src/main.o
 .debug_macro   0x000168b5       0x4a ./Core/Src/main.o
 .debug_macro   0x000168ff       0x34 ./Core/Src/main.o
 .debug_macro   0x00016933       0x10 ./Core/Src/main.o
 .debug_macro   0x00016943       0x58 ./Core/Src/main.o
 .debug_macro   0x0001699b       0x8e ./Core/Src/main.o
 .debug_macro   0x00016a29       0x1c ./Core/Src/main.o
 .debug_macro   0x00016a45      0x185 ./Core/Src/main.o
 .debug_macro   0x00016bca       0x16 ./Core/Src/main.o
 .debug_macro   0x00016be0       0x16 ./Core/Src/main.o
 .debug_macro   0x00016bf6      0x146 ./Core/Src/main.o
 .debug_macro   0x00016d3c       0x16 ./Core/Src/main.o
 .debug_macro   0x00016d52       0x16 ./Core/Src/main.o
 .debug_macro   0x00016d68       0x29 ./Core/Src/main.o
 .debug_macro   0x00016d91       0x16 ./Core/Src/main.o
 .debug_macro   0x00016da7       0x20 ./Core/Src/main.o
 .debug_macro   0x00016dc7       0x5f ./Core/Src/main.o
 .debug_macro   0x00016e26      0x1c8 ./Core/Src/main.o
 .debug_macro   0x00016fee      0x1e0 ./Core/Src/stm32f1xx_hal_msp.o
 .debug_macro   0x000171ce      0x1ea ./Core/Src/stm32f1xx_it.o
 .debug_macro   0x000173b8      0x112 ./Core/Src/sysmem.o
 .debug_macro   0x000174ca      0x23c ./Core/Src/sysmem.o
 .debug_macro   0x00017706      0x1d1 ./Core/Src/system_stm32f1xx.o
 .debug_macro   0x000178d7      0x1f5 ./Drivers/STM32F1xx_HAL_Driver/Src/stm32f1xx_hal.o
 .debug_macro   0x00017acc      0x1ee ./Drivers/STM32F1xx_HAL_Driver/Src/stm32f1xx_hal_adc.o
 .debug_macro   0x00017cba      0x1e3 ./Drivers/STM32F1xx_HAL_Driver/Src/stm32f1xx_hal_adc_ex.o
 .debug_macro   0x00017e9d      0x1d1 ./Drivers/STM32F1xx_HAL_Driver/Src/stm32f1xx_hal_cortex.o
 .debug_macro   0x0001806e      0x1d1 ./Drivers/STM32F1xx_HAL_Driver/Src/stm32f1xx_hal_dma.o
 .debug_macro   0x0001823f      0x23c ./Drivers/STM32F1xx_HAL_Driver/Src/stm32f1xx_hal_gpio.o
 .debug_macro   0x0001847b      0x1dd ./Drivers/STM32F1xx_HAL_Driver/Src/stm32f1xx_hal_pcd.o
 .debug_macro   0x00018658      0x1d1 ./Drivers/STM32F1xx_HAL_Driver/Src/stm32f1xx_hal_pcd_ex.o
 .debug_macro   0x00018829      0x1e3 ./Drivers/STM32F1xx_HAL_Driver/Src/stm32f1xx_hal_rcc.o
 .debug_macro   0x00018a0c      0x1d1 ./Drivers/STM32F1xx_HAL_Driver/Src/stm32f1xx_hal_rcc_ex.o
 .debug_macro   0x00018bdd      0x1d2 ./Drivers/STM32F1xx_HAL_Driver/Src/stm32f1xx_hal_tim.o
 .debug_macro   0x00018daf      0x1d1 ./Drivers/STM32F1xx_HAL_Driver/Src/stm32f1xx_hal_tim_ex.o
 .debug_macro   0x00018f80      0x1d1 ./Drivers/STM32F1xx_HAL_Driver/Src/stm32f1xx_ll_usb.o
 .debug_macro   0x00019151      0x36f ./Middlewares/ST/STM32_USB_Device_Library/Class/CDC/Src/usbd_cdc.o
 .debug_macro   0x000194c0       0x9e ./Middlewares/ST/STM32_USB_Device_Library/Class/CDC/Src/usbd_cdc.o
 .debug_macro   0x0001955e      0x112 ./Middlewares/ST/STM32_USB_Device_Library/Class/CDC/Src/usbd_cdc.o
 .debug_macro   0x00019670       0x56 ./Middlewares/ST/STM32_USB_Device_Library/Class/CDC/Src/usbd_cdc.o
 .debug_macro   0x000196c6       0x8f ./Middlewares/ST/STM32_USB_Device_Library/Class/CDC/Src/usbd_cdc.o
 .debug_macro   0x00019755      0x356 ./Middlewares/ST/STM32_USB_Device_Library/Core/Src/usbd_core.o
 .debug_macro   0x00019aab      0x1ce ./Middlewares/ST/STM32_USB_Device_Library/Core/Src/usbd_core.o
 .debug_macro   0x00019c79      0x360 ./Middlewares/ST/STM32_USB_Device_Library/Core/Src/usbd_ctlreq.o
 .debug_macro   0x00019fd9      0x35c ./Middlewares/ST/STM32_USB_Device_Library/Core/Src/usbd_ioreq.o
 .debug_macro   0x0001a335      0x38f ./USB_DEVICE/App/usb_device.o
 .debug_macro   0x0001a6c4       0x16 ./USB_DEVICE/App/usb_device.o
 .debug_macro   0x0001a6da       0x22 ./USB_DEVICE/App/usb_device.o
 .debug_macro   0x0001a6fc       0x16 ./USB_DEVICE/App/usb_device.o
 .debug_macro   0x0001a712      0x37a ./USB_DEVICE/App/usbd_cdc_if.o
 .debug_macro   0x0001aa8c       0x10 ./USB_DEVICE/App/usbd_cdc_if.o
 .debug_macro   0x0001aa9c      0x393 ./USB_DEVICE/App/usbd_desc.o
 .debug_macro   0x0001ae2f       0x1c ./USB_DEVICE/App/usbd_desc.o