Archive member included to satisfy reference by file (symbol)

E:/STM/ID/STM32CubeIDE_1.18.1/STM32CubeIDE/plugins/com.st.stm32cube.ide.mcu.externaltools.gnu-tools-for-stm32.13.3.rel1.win32_1.0.0.202411081344/tools/bin/../lib/gcc/arm-none-eabi/13.3.1/../../../../arm-none-eabi/lib/thumb/v7e-m+fp/hard\libc_nano.a(libc_a-exit.o)
                              E:/STM/ID/STM32CubeIDE_1.18.1/STM32CubeIDE/plugins/com.st.stm32cube.ide.mcu.externaltools.gnu-tools-for-stm32.13.3.rel1.win32_1.0.0.202411081344/tools/bin/../lib/gcc/arm-none-eabi/13.3.1/../../../../arm-none-eabi/lib/thumb/v7e-m+fp/hard/crt0.o (exit)
E:/STM/ID/STM32CubeIDE_1.18.1/STM32CubeIDE/plugins/com.st.stm32cube.ide.mcu.externaltools.gnu-tools-for-stm32.13.3.rel1.win32_1.0.0.202411081344/tools/bin/../lib/gcc/arm-none-eabi/13.3.1/../../../../arm-none-eabi/lib/thumb/v7e-m+fp/hard\libc_nano.a(libc_a-malloc.o)
                              ./Core/Src/UnerProtocol.o (malloc)
E:/STM/ID/STM32CubeIDE_1.18.1/STM32CubeIDE/plugins/com.st.stm32cube.ide.mcu.externaltools.gnu-tools-for-stm32.13.3.rel1.win32_1.0.0.202411081344/tools/bin/../lib/gcc/arm-none-eabi/13.3.1/../../../../arm-none-eabi/lib/thumb/v7e-m+fp/hard\libc_nano.a(libc_a-mallocr.o)
                              E:/STM/ID/STM32CubeIDE_1.18.1/STM32CubeIDE/plugins/com.st.stm32cube.ide.mcu.externaltools.gnu-tools-for-stm32.13.3.rel1.win32_1.0.0.202411081344/tools/bin/../lib/gcc/arm-none-eabi/13.3.1/../../../../arm-none-eabi/lib/thumb/v7e-m+fp/hard\libc_nano.a(libc_a-malloc.o) (_malloc_r)
E:/STM/ID/STM32CubeIDE_1.18.1/STM32CubeIDE/plugins/com.st.stm32cube.ide.mcu.externaltools.gnu-tools-for-stm32.13.3.rel1.win32_1.0.0.202411081344/tools/bin/../lib/gcc/arm-none-eabi/13.3.1/../../../../arm-none-eabi/lib/thumb/v7e-m+fp/hard\libc_nano.a(libc_a-mlock.o)
                              E:/STM/ID/STM32CubeIDE_1.18.1/STM32CubeIDE/plugins/com.st.stm32cube.ide.mcu.externaltools.gnu-tools-for-stm32.13.3.rel1.win32_1.0.0.202411081344/tools/bin/../lib/gcc/arm-none-eabi/13.3.1/../../../../arm-none-eabi/lib/thumb/v7e-m+fp/hard\libc_nano.a(libc_a-mallocr.o) (__malloc_lock)
E:/STM/ID/STM32CubeIDE_1.18.1/STM32CubeIDE/plugins/com.st.stm32cube.ide.mcu.externaltools.gnu-tools-for-stm32.13.3.rel1.win32_1.0.0.202411081344/tools/bin/../lib/gcc/arm-none-eabi/13.3.1/../../../../arm-none-eabi/lib/thumb/v7e-m+fp/hard\libc_nano.a(libc_a-nano-vfprintf_float.o)
                              (_printf_float)
E:/STM/ID/STM32CubeIDE_1.18.1/STM32CubeIDE/plugins/com.st.stm32cube.ide.mcu.externaltools.gnu-tools-for-stm32.13.3.rel1.win32_1.0.0.202411081344/tools/bin/../lib/gcc/arm-none-eabi/13.3.1/../../../../arm-none-eabi/lib/thumb/v7e-m+fp/hard\libc_nano.a(libc_a-nano-vfprintf_i.o)
                              E:/STM/ID/STM32CubeIDE_1.18.1/STM32CubeIDE/plugins/com.st.stm32cube.ide.mcu.externaltools.gnu-tools-for-stm32.13.3.rel1.win32_1.0.0.202411081344/tools/bin/../lib/gcc/arm-none-eabi/13.3.1/../../../../arm-none-eabi/lib/thumb/v7e-m+fp/hard\libc_nano.a(libc_a-nano-vfprintf_float.o) (_printf_common)
E:/STM/ID/STM32CubeIDE_1.18.1/STM32CubeIDE/plugins/com.st.stm32cube.ide.mcu.externaltools.gnu-tools-for-stm32.13.3.rel1.win32_1.0.0.202411081344/tools/bin/../lib/gcc/arm-none-eabi/13.3.1/../../../../arm-none-eabi/lib/thumb/v7e-m+fp/hard\libc_nano.a(libc_a-nano-vfscanf_float.o)
                              (_scanf_float)
E:/STM/ID/STM32CubeIDE_1.18.1/STM32CubeIDE/plugins/com.st.stm32cube.ide.mcu.externaltools.gnu-tools-for-stm32.13.3.rel1.win32_1.0.0.202411081344/tools/bin/../lib/gcc/arm-none-eabi/13.3.1/../../../../arm-none-eabi/lib/thumb/v7e-m+fp/hard\libc_nano.a(libc_a-findfp.o)
                              E:/STM/ID/STM32CubeIDE_1.18.1/STM32CubeIDE/plugins/com.st.stm32cube.ide.mcu.externaltools.gnu-tools-for-stm32.13.3.rel1.win32_1.0.0.202411081344/tools/bin/../lib/gcc/arm-none-eabi/13.3.1/../../../../arm-none-eabi/lib/thumb/v7e-m+fp/hard\libc_nano.a(libc_a-exit.o) (__stdio_exit_handler)
E:/STM/ID/STM32CubeIDE_1.18.1/STM32CubeIDE/plugins/com.st.stm32cube.ide.mcu.externaltools.gnu-tools-for-stm32.13.3.rel1.win32_1.0.0.202411081344/tools/bin/../lib/gcc/arm-none-eabi/13.3.1/../../../../arm-none-eabi/lib/thumb/v7e-m+fp/hard\libc_nano.a(libc_a-fwalk.o)
                              E:/STM/ID/STM32CubeIDE_1.18.1/STM32CubeIDE/plugins/com.st.stm32cube.ide.mcu.externaltools.gnu-tools-for-stm32.13.3.rel1.win32_1.0.0.202411081344/tools/bin/../lib/gcc/arm-none-eabi/13.3.1/../../../../arm-none-eabi/lib/thumb/v7e-m+fp/hard\libc_nano.a(libc_a-findfp.o) (_fwalk_sglue)
E:/STM/ID/STM32CubeIDE_1.18.1/STM32CubeIDE/plugins/com.st.stm32cube.ide.mcu.externaltools.gnu-tools-for-stm32.13.3.rel1.win32_1.0.0.202411081344/tools/bin/../lib/gcc/arm-none-eabi/13.3.1/../../../../arm-none-eabi/lib/thumb/v7e-m+fp/hard\libc_nano.a(libc_a-sprintf.o)
                              ./Core/Src/main.o (sprintf)
[...]
Memory Configuration

Name             Origin             Length             Attributes
RAM              0x20000000         0x00020000         xrw
FLASH            0x08000000         0x00080000         xr
*default*        0x00000000         0xffffffff

Linker script and memory map

LOAD E:/STM/ID/STM32CubeIDE_1.18.1/STM32CubeIDE/plugins/com.st.stm32cube.ide.mcu.externaltools.gnu-tools-for-stm32.13.3.rel1.win32_1.0.0.202411081344/tools/bin/../lib/gcc/arm-none-eabi/13.3.1/thumb/v7e-m+fp/hard/crti.o
LOAD E:/STM/ID/STM32CubeIDE_1.18.1/STM32CubeIDE/plugins/com.st.stm32cube.ide.mcu.externaltools.gnu-tools-for-stm32.13.3.rel1.win32_1.0.0.202411081344/tools/bin/../lib/gcc/arm-none-eabi/13.3.1/thumb/v7e-m+fp/hard/crtbegin.o
LOAD E:/STM/ID/STM32CubeIDE_1.18.1/STM32CubeIDE/plugins/com.st.stm32cube.ide.mcu.externaltools.gnu-tools-for-stm32.13.3.rel1.win32_1.0.0.202411081344/tools/bin/../lib/gcc/arm-none-eabi/13.3.1/../../../../arm-none-eabi/lib/thumb/v7e-m+fp/hard/crt0.o
LOAD ./Core/Src/UnerProtocol.o
LOAD ./Core/Src/engines.o
LOAD ./Core/Src/fonts.o
LOAD ./Core/Src/main.o
LOAD ./Core/Src/mpu6050.o
LOAD ./Core/Src/ssd1306_oled.o
LOAD ./Core/Src/stm32f4xx_hal_msp.o
LOAD ./Core/Src/stm32f4xx_it.o
LOAD ./Core/Src/syscalls.o
LOAD ./Core/Src/sysmem.o
LOAD ./Core/Src/system_stm32f4xx.o
LOAD ./Core/Startup/startup_stm32f411ceux.o
LOAD ./Drivers/STM32F4xx_HAL_Driver/Src/stm32f4xx_hal.o
LOAD ./Drivers/STM32F4xx_HAL_Driver/Src/stm32f4xx_hal_adc.o
LOAD ./Drivers/STM32F4xx_HAL_Driver/Src/stm32f4xx_hal_adc_ex.o
LOAD ./Drivers/STM32F4xx_HAL_Driver/Src/stm32f4xx_hal_cortex.o
LOAD ./Drivers/STM32F4xx_HAL_Driver/Src/stm32f4xx_hal_dma.o
LOAD ./Drivers/STM32F4xx_HAL_Driver/Src/stm32f4xx_hal_dma_ex.o
LOAD ./Drivers/STM32F4xx_HAL_Driver/Src/stm32f4xx_hal_exti.o
LOAD ./Drivers/STM32F4xx_HAL_Driver/Src/stm32f4xx_hal_flash.o
LOAD ./Drivers/STM32F4xx_HAL_Driver/Src/stm32f4xx_hal_flash_ex.o
LOAD ./Drivers/STM32F4xx_HAL_Driver/Src/stm32f4xx_hal_flash_ramfunc.o
LOAD ./Drivers/STM32F4xx_HAL_Driver/Src/stm32f4xx_hal_gpio.o
LOAD ./Drivers/STM32F4xx_HAL_Driver/Src/stm32f4xx_hal_i2c.o
LOAD ./Drivers/STM32F4xx_HAL_Driver/Src/stm32f4xx_hal_i2c_ex.o
LOAD ./Drivers/STM32F4xx_HAL_Driver/Src/stm32f4xx_hal_pcd.o
LOAD ./Drivers/STM32F4xx_HAL_Driver/Src/stm32f4xx_hal_pcd_ex.o
LOAD ./Drivers/STM32F4xx_HAL_Driver/Src/stm32f4xx_hal_pwr.o
LOAD ./Drivers/STM32F4xx_HAL_Driver/Src/stm32f4xx_hal_pwr_ex.o
LOAD ./Drivers/STM32F4xx_HAL_Driver/Src/stm32f4xx_hal_rcc.o
LOAD ./Drivers/STM32F4xx_HAL_Driver/Src/stm32f4xx_hal_rcc_ex.o
LOAD ./Drivers/STM32F4xx_HAL_Driver/Src/stm32f4xx_hal_tim.o
LOAD ./Drivers/STM32F4xx_HAL_Driver/Src/stm32f4xx_hal_tim_ex.o
LOAD ./Drivers/STM32F4xx_HAL_Driver/Src/stm32f4xx_ll_adc.o
LOAD ./Drivers/STM32F4xx_HAL_Driver/Src/stm32f4xx_ll_usb.o
LOAD ./Middlewares/ST/STM32_USB_Device_Library/Class/CDC/Src/usbd_cdc.o
LOAD ./Middlewares/ST/STM32_USB_Device_Library/Core/Src/usbd_core.o
LOAD ./Middlewares/ST/STM32_USB_Device_Library/Core/Src/usbd_ctlreq.o
LOAD ./Middlewares/ST/STM32_USB_Device_Library/Core/Src/usbd_ioreq.o
LOAD ./USB_DEVICE/App/usb_device.o
LOAD ./USB_DEVICE/App/usbd_cdc_if.o
LOAD ./USB_DEVICE/App/usbd_desc.o
LOAD ./USB_DEVICE/Target/usbd_conf.o
START GROUP
LOAD E:/STM/ID/STM32CubeIDE_1.18.1/STM32CubeIDE/plugins/com.st.stm32cube.ide.mcu.externaltools.gnu-tools-for-stm32.13.3.rel1.win32_1.0.0.202411081344/tools/bin/../lib/gcc/arm-none-eabi/13.3.1/../../../../arm-none-eabi/lib/thumb/v7e-m+fp/hard\libc_nano.a
LOAD E:/STM/ID/STM32CubeIDE_1.18.1/STM32CubeIDE/plugins/com.st.stm32cube.ide.mcu.externaltools.gnu-tools-for-stm32.13.3.rel1.win32_1.0.0.202411081344/tools/bin/../lib/gcc/arm-none-eabi/13.3.1/../../../../arm-none-eabi/lib/thumb/v7e-m+fp/hard\libm.a
END GROUP
START GROUP
LOAD E:/STM/ID/STM32CubeIDE_1.18.1/STM32CubeIDE/plugins/com.st.stm32cube.ide.mcu.externaltools.gnu-tools-for-stm32.13.3.rel1.win32_1.0.0.202411081344/tools/bin/../lib/gcc/arm-none-eabi/13.3.1/thumb/v7e-m+fp/hard\libgcc.a
LOAD E:/STM/ID/STM32CubeIDE_1.18.1/STM32CubeIDE/plugins/com.st.stm32cube.ide.mcu.externaltools.gnu-tools-for-stm32.13.3.rel1.win32_1.0.0.202411081344/tools/bin/../lib/gcc/arm-none-eabi/13.3.1/../../../../arm-none-eabi/lib/thumb/v7e-m+fp/hard\libc_nano.a
END GROUP
START GROUP
LOAD E:/STM/ID/STM32CubeIDE_1.18.1/STM32CubeIDE/plugins/com.st.stm32cube.ide.mcu.externaltools.gnu-tools-for-stm32.13.3.rel1.win32_1.0.0.202411081344/tools/bin/../lib/gcc/arm-none-eabi/13.3.1/thumb/v7e-m+fp/hard\libgcc.a
LOAD E:/STM/ID/STM32CubeIDE_1.18.1/STM32CubeIDE/plugins/com.st.stm32cube.ide.mcu.externaltools.gnu-tools-for-stm32.13.3.rel1.win32_1.0.0.202411081344/tools/bin/../lib/gcc/arm-none-eabi/13.3.1/../../../../arm-none-eabi/lib/thumb/v7e-m+fp/hard\libc_nano.a
LOAD E:/STM/ID/STM32CubeIDE_1.18.1/STM32CubeIDE/plugins/com.st.stm32cube.ide.mcu.externaltools.gnu-tools-for-stm32.13.3.rel1.win32_1.0.0.202411081344/tools/bin/../lib/gcc/arm-none-eabi/13.3.1/../../../../arm-none-eabi/lib/thumb/v7e-m+fp/hard\libnosys.a
END GROUP
START GROUP
LOAD E:/STM/ID/STM32CubeIDE_1.18.1/STM32CubeIDE/plugins/com.st.stm32cube.ide.mcu.externaltools.gnu-tools-for-stm32.13.3.rel1.win32_1.0.0.202411081344/tools/bin/../lib/gcc/arm-none-eabi/13.3.1/thumb/v7e-m+fp/hard\libgcc.a
LOAD E:/STM/ID/STM32CubeIDE_1.18.1/STM32CubeIDE/plugins/com.st.stm32cube.ide.mcu.externaltools.gnu-tools-for-stm32.13.3.rel1.win32_1.0.0.202411081344/tools/bin/../lib/gcc/arm-none-eabi/13.3.1/../../../../arm-none-eabi/lib/thumb/v7e-m+fp/hard\libc_nano.a
LOAD E:/STM/ID/STM32CubeIDE_1.18.1/STM32CubeIDE/plugins/com.st.stm32cube.ide.mcu.externaltools.gnu-tools-for-stm32.13.3.rel1.win32_1.0.0.202411081344/tools/bin/../lib/gcc/arm-none-eabi/13.3.1/../../../../arm-none-eabi/lib/thumb/v7e-m+fp/hard\libnosys.a
END GROUP
LOAD E:/STM/ID/STM32CubeIDE_1.18.1/STM32CubeIDE/plugins/com.st.stm32cube.ide.mcu.externaltools.gnu-tools-for-stm32.13.3.rel1.win32_1.0.0.202411081344/tools/bin/../lib/gcc/arm-none-eabi/13.3.1/thumb/v7e-m+fp/hard/crtend.o
LOAD E:/STM/ID/STM32CubeIDE_1.18.1/STM32CubeIDE/plugins/com.st.stm32cube.ide.mcu.externaltools.gnu-tools-for-stm32.13.3.rel1.win32_1.0.0.202411081344/tools/bin/../lib/gcc/arm-none-eabi/13.3.1/thumb/v7e-m+fp/hard/crtn.o
                0x20020000                        _estack = (ORIGIN (RAM) + LENGTH (RAM))
                0x00000200                        _Min_Heap_Size = 0x200
                0x00000400                        _Min_Stack_Size = 0x400

.isr_vector     0x08000000      0x198
                0x08000000                        . = ALIGN (0x4)
 *(.isr_vector)
 .isr_vector    0x08000000      0x198 ./Core/Startup/startup_stm32f411ceux.o
                0x08000000                g_pfnVectors
                0x08000198                        . = ALIGN (0x4)

.text           0x080001a0    0x1340c
                0x080001a0                        . = ALIGN (0x4)
 *(.text)
 .text          0x080001a0       0x40 E:/STM/ID/STM32CubeIDE_1.18.1/STM32CubeIDE/plugins/com.st.stm32cube.ide.mcu.externaltools.gnu-tools-for-stm32.13.3.rel1.win32_1.0.0.202411081344/tools/bin/../lib/gcc/arm-none-eabi/13.3.1/thumb/v7e-m+fp/hard/crtbegin.o
 .text          0x080001e0       0xa0 E:/STM/ID/STM32CubeIDE_1.18.1/STM32CubeIDE/plugins/com.st.stm32cube.ide.mcu.externaltools.gnu-tools-for-stm32.13.3.rel1.win32_1.0.0.202411081344/tools/bin/../lib/gcc/arm-none-eabi/13.3.1/../../../../arm-none-eabi/lib/thumb/v7e-m+fp/hard\libc_nano.a(libc_a-memchr.o)
                0x080001e0                memchr
 .text          0x08000280       0x10 E:/STM/ID/STM32CubeIDE_1.18.1/STM32CubeIDE/plugins/com.st.stm32cube.ide.mcu.externaltools.gnu-tools-for-stm32.13.3.rel1.win32_1.0.0.202411081344/tools/bin/../lib/gcc/arm-none-eabi/13.3.1/../../../../arm-none-eabi/lib/thumb/v7e-m+fp/hard\libc_nano.a(libc_a-strlen.o)
                0x08000280                strlen
 .text          0x08000290      0x378 E:/STM/ID/STM32CubeIDE_1.18.1/STM32CubeIDE/plugins/com.st.stm32cube.ide.mcu.externaltools.gnu-tools-for-stm32.13.3.rel1.win32_1.0.0.202411081344/tools/bin/../lib/gcc/arm-none-eabi/13.3.1/thumb/v7e-m+fp/hard\libgcc.a(_arm_addsubdf3.o)
                0x08000290                __aeabi_drsub
                0x08000298                __aeabi_dsub
                0x08000298                __subdf3
                0x0800029c                __aeabi_dadd
                0x0800029c                __adddf3
                0x08000514                __floatunsidf
                0x08000514                __aeabi_ui2d
                0x08000534                __floatsidf
                0x08000534                __aeabi_i2d
                0x08000558                __aeabi_f2d
                0x08000558                __extendsfdf2
                0x0800059c                __floatundidf
                0x0800059c                __aeabi_ul2d
                0x080005ac                __floatdidf
                0x080005ac                __aeabi_l2d
 .text          0x08000608      0x424 E:/STM/ID/STM32CubeIDE_1.18.1/STM32CubeIDE/plugins/com.st.stm32cube.ide.mcu.externaltools.gnu-tools-for-stm32.13.3.rel1.win32_1.0.0.202411081344/tools/bin/../lib/gcc/arm-none-eabi/13.3.1/thumb/v7e-m+fp/hard\libgcc.a(_arm_muldivdf3.o)
                0x08000608                __aeabi_dmul
                0x08000608                __muldf3
                0x0800085c                __divdf3
                0x0800085c                __aeabi_ddiv
 .text          0x08000a2c      0x110 E:/STM/ID/STM32CubeIDE_1.18.1/STM32CubeIDE/plugins/com.st.stm32cube.ide.mcu.externaltools.gnu-tools-for-stm32.13.3.rel1.win32_1.0.0.202411081344/tools/bin/../lib/gcc/arm-none-eabi/13.3.1/thumb/v7e-m+fp/hard\libgcc.a(_arm_cmpdf2.o)
                0x08000a2c                __gtdf2
                0x08000a2c                __gedf2
                0x08000a34                __ltdf2
                0x08000a34                __ledf2
                0x08000a3c                __nedf2
                0x08000a3c                __eqdf2
                0x08000a3c                __cmpdf2
                0x08000ab8                __aeabi_cdrcmple
                0x08000ac8                __aeabi_cdcmpeq
                0x08000ac8                __aeabi_cdcmple
                0x08000ad8                __aeabi_dcmpeq
                0x08000aec                __aeabi_dcmplt
                0x08000b00                __aeabi_dcmple
                0x08000b14                __aeabi_dcmpge
                0x08000b28                __aeabi_dcmpgt
 .text          0x08000b3c       0x2c E:/STM/ID/STM32CubeIDE_1.18.1/STM32CubeIDE/plugins/com.st.stm32cube.ide.mcu.externaltools.gnu-tools-for-stm32.13.3.rel1.win32_1.0.0.202411081344/tools/bin/../lib/gcc/arm-none-eabi/13.3.1/thumb/v7e-m+fp/hard\libgcc.a(_arm_unorddf2.o)
                0x08000b3c                __unorddf2
                0x08000b3c                __aeabi_dcmpun
 .text          0x08000b68       0x50 E:/STM/ID/STM32CubeIDE_1.18.1/STM32CubeIDE/plugins/com.st.stm32cube.ide.mcu.externaltools.gnu-tools-for-stm32.13.3.rel1.win32_1.0.0.202411081344/tools/bin/../lib/gcc/arm-none-eabi/13.3.1/thumb/v7e-m+fp/hard\libgcc.a(_arm_fixdfsi.o)
                0x08000b68                __aeabi_d2iz
                0x08000b68                __fixdfsi
 .text          0x08000bb8       0x40 E:/STM/ID/STM32CubeIDE_1.18.1/STM32CubeIDE/plugins/com.st.stm32cube.ide.mcu.externaltools.gnu-tools-for-stm32.13.3.rel1.win32_1.0.0.202411081344/tools/bin/../lib/gcc/arm-none-eabi/13.3.1/thumb/v7e-m+fp/hard\libgcc.a(_arm_fixunsdfsi.o)
                0x08000bb8                __aeabi_d2uiz
                0x08000bb8                __fixunsdfsi
 .text          0x08000bf8       0xa0 E:/STM/ID/STM32CubeIDE_1.18.1/STM32CubeIDE/plugins/com.st.stm32cube.ide.mcu.externaltools.gnu-tools-for-stm32.13.3.rel1.win32_1.0.0.202411081344/tools/bin/../lib/gcc/arm-none-eabi/13.3.1/thumb/v7e-m+fp/hard\libgcc.a(_arm_truncdfsf2.o)
                0x08000bf8                __truncdfsf2
                0x08000bf8                __aeabi_d2f
 .text          0x08000c98       0x30 E:/STM/ID/STM32CubeIDE_1.18.1/STM32CubeIDE/plugins/com.st.stm32cube.ide.mcu.externaltools.gnu-tools-for-stm32.13.3.rel1.win32_1.0.0.202411081344/tools/bin/../lib/gcc/arm-none-eabi/13.3.1/thumb/v7e-m+fp/hard\libgcc.a(_aeabi_uldivmod.o)
                0x08000c98                __aeabi_uldivmod
 .text          0x08000cc8       0x30 E:/STM/ID/STM32CubeIDE_1.18.1/STM32CubeIDE/plugins/com.st.stm32cube.ide.mcu.externaltools.gnu-tools-for-stm32.13.3.rel1.win32_1.0.0.202411081344/tools/bin/../lib/gcc/arm-none-eabi/13.3.1/thumb/v7e-m+fp/hard\libgcc.a(_fixdfdi.o)
                0x08000cc8                __fixdfdi
                0x08000cc8                __aeabi_d2lz
 .text          0x08000cf8       0x3c E:/STM/ID/STM32CubeIDE_1.18.1/STM32CubeIDE/plugins/com.st.stm32cube.ide.mcu.externaltools.gnu-tools-for-stm32.13.3.rel1.win32_1.0.0.202411081344/tools/bin/../lib/gcc/arm-none-eabi/13.3.1/thumb/v7e-m+fp/hard\libgcc.a(_fixunsdfdi.o)
                0x08000cf8                __fixunsdfdi
                0x08000cf8                __aeabi_d2ulz
 .text          0x08000d34      0x2f8 E:/STM/ID/STM32CubeIDE_1.18.1/STM32CubeIDE/plugins/com.st.stm32cube.ide.mcu.externaltools.gnu-tools-for-stm32.13.3.rel1.win32_1.0.0.202411081344/tools/bin/../lib/gcc/arm-none-eabi/13.3.1/thumb/v7e-m+fp/hard\libgcc.a(_udivmoddi4.o)
                0x08000d34                __udivmoddi4
 .text          0x0800102c        0x4 E:/STM/ID/STM32CubeIDE_1.18.1/STM32CubeIDE/plugins/com.st.stm32cube.ide.mcu.externaltools.gnu-tools-for-stm32.13.3.rel1.win32_1.0.0.202411081344/tools/bin/../lib/gcc/arm-none-eabi/13.3.1/thumb/v7e-m+fp/hard\libgcc.a(_dvmd_tls.o)
                0x0800102c                __aeabi_idiv0
                0x0800102c                __aeabi_ldiv0
 *(.text*)
 .text.UP_initprotocol
                0x08001030       0x40 ./Core/Src/UnerProtocol.o
                0x08001030                UP_initprotocol
 .text.UP_sendInfo
                0x08001070      0x184 ./Core/Src/UnerProtocol.o
                0x08001070                UP_sendInfo
 .text.UP_decodeHeader
                0x080011f4      0x1f4 ./Core/Src/UnerProtocol.o
                0x080011f4                UP_decodeHeader
 .text.UP_decodeData
                0x080013e8       0xf4 ./Core/Src/UnerProtocol.o
                0x080013e8                UP_decodeData
 .text.UP_datafromUSB
                0x080014dc       0x5c ./Core/Src/UnerProtocol.o
                0x080014dc                UP_datafromUSB
 .text.en_InitENG
                0x08001538       0x2a ./Core/Src/engines.o
                0x08001538                en_InitENG
 *fill*         0x08001562        0x2 
 .text.HAL_ADC_ConvCpltCallback
                0x08001564       0x54 ./Core/Src/main.o
                0x08001564                HAL_ADC_ConvCpltCallback
 .text.HAL_TIM_PeriodElapsedCallback
                0x080015b8       0x68 ./Core/Src/main.o
                0x080015b8                HAL_TIM_PeriodElapsedCallback
 .text.HAL_I2C_MemTxCpltCallback
                0x08001620       0x1c ./Core/Src/main.o
                0x08001620                HAL_I2C_MemTxCpltCallback
 .text.HAL_I2C_MemRxCpltCallback
                0x0800163c       0xd4 ./Core/Src/main.o
                0x0800163c                HAL_I2C_MemRxCpltCallback
 .text.SSD1306_Task
                0x08001710       0xf8 ./Core/Src/main.o
                0x08001710                SSD1306_Task
 .text.task10ms
                0x08001808       0x8c ./Core/Src/main.o
                0x08001808                task10ms
 .text.main     0x08001894      0x130 ./Core/Src/main.o
                0x08001894                main
 .text.SystemClock_Config
                0x080019c4       0xd0 ./Core/Src/main.o
                0x080019c4                SystemClock_Config
 .text.MX_ADC1_Init
                0x08001a94       0xa4 ./Core/Src/main.o
 .text.MX_I2C1_Init
                0x08001b38       0x5c ./Core/Src/main.o
 .text.MX_TIM3_Init
                0x08001b94      0x104 ./Core/Src/main.o
 .text.MX_TIM9_Init
                0x08001c98       0x74 ./Core/Src/main.o
 .text.MX_TIM10_Init
                0x08001d0c       0x48 ./Core/Src/main.o
 .text.MX_TIM11_Init
                0x08001d54       0x48 ./Core/Src/main.o
 .text.MX_DMA_Init
                0x08001d9c       0x50 ./Core/Src/main.o
 .text.MX_GPIO_Init
                0x08001dec      0x118 ./Core/Src/main.o
 .text.UP_comunicationsTask
                0x08001f04       0x92 ./Core/Src/main.o
                0x08001f04                UP_comunicationsTask
 *fill*         0x08001f96        0x2 
 .text.I2C_DMA_Transmit
                0x08001f98       0x38 ./Core/Src/main.o
                0x08001f98                I2C_DMA_Transmit
 .text.I2C_1_Abstract_Master_Transmit_Blocking
                0x08001fd0       0x34 ./Core/Src/main.o
                0x08001fd0                I2C_1_Abstract_Master_Transmit_Blocking
 .text.I2C_1_Abstract_Mem_Write_Blocking
                0x08002004       0x40 ./Core/Src/main.o
                0x08002004                I2C_1_Abstract_Mem_Write_Blocking
 .text.I2C_DMA_Recive
                0x08002044       0x38 ./Core/Src/main.o
                0x08002044                I2C_DMA_Recive
 .text.I2C_RBlocking
                0x0800207c       0x40 ./Core/Src/main.o
                0x0800207c                I2C_RBlocking
 .text.Error_Handler
                0x080020bc        0xc ./Core/Src/main.o
                0x080020bc                Error_Handler
 .text.MPU6050_Init
                0x080020c8       0xd8 ./Core/Src/mpu6050.o
                0x080020c8                MPU6050_Init
 .text.MPU6050_Read_All
                0x080021a0       0x3c ./Core/Src/mpu6050.o
                0x080021a0                MPU6050_Read_All
 .text.MPU6050_Calibrate
                0x080021dc      0x140 ./Core/Src/mpu6050.o
                0x080021dc                MPU6050_Calibrate
 .text.MPU6050_MAF
                0x0800231c      0x248 ./Core/Src/mpu6050.o
                0x0800231c                MPU6050_MAF
 .text.MPU6050_NonBlocking_DMA
                0x08002564       0x2c ./Core/Src/mpu6050.o
                0x08002564                MPU6050_NonBlocking_DMA
 .text.MPU6050_I2C_Blocking
                0x08002590       0x2c ./Core/Src/mpu6050.o
                0x08002590                MPU6050_I2C_Blocking
 .text.SSD1306_DrawBitmap
                0x080025bc       0xd0 ./Core/Src/ssd1306_oled.o
                0x080025bc                SSD1306_DrawBitmap
 .text.SSD1306_Init
                0x0800268c      0x164 ./Core/Src/ssd1306_oled.o
                0x0800268c                SSD1306_Init
 .text.SSD1306_UpdateScreen
                0x080027f0       0xc8 ./Core/Src/ssd1306_oled.o
                0x080027f0                SSD1306_UpdateScreen
 .text.SSD1306_Fill
                0x080028b8       0x30 ./Core/Src/ssd1306_oled.o
                0x080028b8                SSD1306_Fill
 .text.SSD1306_DrawPixel
                0x080028e8       0xc0 ./Core/Src/ssd1306_oled.o
                0x080028e8                SSD1306_DrawPixel
 .text.SSD1306_GotoXY
                0x080029a8       0x2c ./Core/Src/ssd1306_oled.o
                0x080029a8                SSD1306_GotoXY
 .text.SSD1306_Putc
                0x080029d4       0xfc ./Core/Src/ssd1306_oled.o
                0x080029d4                SSD1306_Putc
 .text.SSD1306_Puts
                0x08002ad0       0x4a ./Core/Src/ssd1306_oled.o
                0x08002ad0                SSD1306_Puts
 .text.SSD1306_Clear
                0x08002b1a       0x12 ./Core/Src/ssd1306_oled.o
                0x08002b1a                SSD1306_Clear
 .text.SSD1306_I2C_Write
                0x08002b2c       0x38 ./Core/Src/ssd1306_oled.o
                0x08002b2c                SSD1306_I2C_Write
 .text.Display_Set_I2C_Master_Transmit
                0x08002b64       0x2c ./Core/Src/ssd1306_oled.o
                0x08002b64                Display_Set_I2C_Master_Transmit
 .text.SSD1306_DMAREADY
                0x08002b90       0x18 ./Core/Src/ssd1306_oled.o
                0x08002b90                SSD1306_DMAREADY
 .text.SSD1306_RefreshReady
                0x08002ba8       0x18 ./Core/Src/ssd1306_oled.o
                0x08002ba8                SSD1306_RefreshReady
 .text.HAL_MspInit
                0x08002bc0       0x5c ./Core/Src/stm32f4xx_hal_msp.o
                0x08002bc0                HAL_MspInit
 .text.HAL_ADC_MspInit
                0x08002c1c       0xd0 ./Core/Src/stm32f4xx_hal_msp.o
                0x08002c1c                HAL_ADC_MspInit
 .text.HAL_I2C_MspInit
                0x08002cec      0x178 ./Core/Src/stm32f4xx_hal_msp.o
                0x08002cec                HAL_I2C_MspInit
 .text.HAL_TIM_Base_MspInit
                0x08002e64      0x104 ./Core/Src/stm32f4xx_hal_msp.o
                0x08002e64                HAL_TIM_Base_MspInit
 .text.HAL_TIM_MspPostInit
                0x08002f68       0x74 ./Core/Src/stm32f4xx_hal_msp.o
                0x08002f68                HAL_TIM_MspPostInit
 .text.NMI_Handler
                0x08002fdc        0x8 ./Core/Src/stm32f4xx_it.o
                0x08002fdc                NMI_Handler
 .text.HardFault_Handler
                0x08002fe4        0x8 ./Core/Src/stm32f4xx_it.o
                0x08002fe4                HardFault_Handler
 .text.MemManage_Handler
                0x08002fec        0x8 ./Core/Src/stm32f4xx_it.o
                0x08002fec                MemManage_Handler
 .text.BusFault_Handler
                0x08002ff4        0x8 ./Core/Src/stm32f4xx_it.o
                0x08002ff4                BusFault_Handler
 .text.UsageFault_Handler
                0x08002ffc        0x8 ./Core/Src/stm32f4xx_it.o
                0x08002ffc                UsageFault_Handler
 .text.SVC_Handler
                0x08003004        0xe ./Core/Src/stm32f4xx_it.o
                0x08003004                SVC_Handler
 .text.DebugMon_Handler
                0x08003012        0xe ./Core/Src/stm32f4xx_it.o
                0x08003012                DebugMon_Handler
 .text.PendSV_Handler
                0x08003020        0xe ./Core/Src/stm32f4xx_it.o
                0x08003020                PendSV_Handler
 .text.SysTick_Handler
                0x0800302e        0xc ./Core/Src/stm32f4xx_it.o
                0x0800302e                SysTick_Handler
 *fill*         0x0800303a        0x2 
 .text.DMA1_Stream0_IRQHandler
                0x0800303c       0x14 ./Core/Src/stm32f4xx_it.o
                0x0800303c                DMA1_Stream0_IRQHandler
 .text.DMA1_Stream1_IRQHandler
                0x08003050       0x14 ./Core/Src/stm32f4xx_it.o
                0x08003050                DMA1_Stream1_IRQHandler
 .text.ADC_IRQHandler
                0x08003064       0x14 ./Core/Src/stm32f4xx_it.o
                0x08003064                ADC_IRQHandler
 .text.TIM1_BRK_TIM9_IRQHandler
                0x08003078       0x14 ./Core/Src/stm32f4xx_it.o
                0x08003078                TIM1_BRK_TIM9_IRQHandler
 .text.TIM1_UP_TIM10_IRQHandler
                0x0800308c       0x14 ./Core/Src/stm32f4xx_it.o
                0x0800308c                TIM1_UP_TIM10_IRQHandler
 .text.TIM1_TRG_COM_TIM11_IRQHandler
                0x080030a0       0x14 ./Core/Src/stm32f4xx_it.o
                0x080030a0                TIM1_TRG_COM_TIM11_IRQHandler
 .text.TIM3_IRQHandler
                0x080030b4       0x14 ./Core/Src/stm32f4xx_it.o
                0x080030b4                TIM3_IRQHandler
 .text.I2C1_EV_IRQHandler
                0x080030c8       0x14 ./Core/Src/stm32f4xx_it.o
                0x080030c8                I2C1_EV_IRQHandler
 .text.I2C1_ER_IRQHandler
                0x080030dc       0x14 ./Core/Src/stm32f4xx_it.o
                0x080030dc                I2C1_ER_IRQHandler
 .text.OTG_FS_IRQHandler
                0x080030f0       0x14 ./Core/Src/stm32f4xx_it.o
                0x080030f0                OTG_FS_IRQHandler
 .text.FPU_IRQHandler
                0x08003104        0xe ./Core/Src/stm32f4xx_it.o
                0x08003104                FPU_IRQHandler
 .text._getpid  0x08003112       0x10 ./Core/Src/syscalls.o
                0x08003112                _getpid
 .text._kill    0x08003122       0x20 ./Core/Src/syscalls.o
                0x08003122                _kill
 .text._exit    0x08003142       0x16 ./Core/Src/syscalls.o
                0x08003142                _exit
 .text._read    0x08003158       0x3a ./Core/Src/syscalls.o
                0x08003158                _read
 .text._write   0x08003192       0x38 ./Core/Src/syscalls.o
                0x08003192                _write
 .text._close   0x080031ca       0x18 ./Core/Src/syscalls.o
                0x080031ca                _close
 .text._fstat   0x080031e2       0x20 ./Core/Src/syscalls.o
                0x080031e2                _fstat
 .text._isatty  0x08003202       0x16 ./Core/Src/syscalls.o
                0x08003202                _isatty
 .text._lseek   0x08003218       0x1a ./Core/Src/syscalls.o
                0x08003218                _lseek
 *fill*         0x08003232        0x2 
 .text._sbrk    0x08003234       0x6c ./Core/Src/sysmem.o
                0x08003234                _sbrk
 .text.SystemInit
                0x080032a0       0x24 ./Core/Src/system_stm32f4xx.o
                0x080032a0                SystemInit
 .text.Reset_Handler
                0x080032c4       0x50 ./Core/Startup/startup_stm32f411ceux.o
                0x080032c4                Reset_Handler
 .text.Default_Handler
                0x08003314        0x2 ./Core/Startup/startup_stm32f411ceux.o
                0x08003314                RTC_Alarm_IRQHandler
                0x08003314                EXTI2_IRQHandler
                0x08003314                SPI4_IRQHandler
                0x08003314                TIM1_CC_IRQHandler
                0x08003314                DMA2_Stream5_IRQHandler
                0x08003314                DMA1_Stream5_IRQHandler
                0x08003314                PVD_IRQHandler
                0x08003314                SDIO_IRQHandler
                0x08003314                TAMP_STAMP_IRQHandler
                0x08003314                EXTI3_IRQHandler
                0x08003314                I2C3_ER_IRQHandler
                0x08003314                EXTI0_IRQHandler
                0x08003314                I2C2_EV_IRQHandler
                0x08003314                DMA1_Stream2_IRQHandler
                0x08003314                DMA2_Stream2_IRQHandler
                0x08003314                SPI1_IRQHandler
                0x08003314                DMA2_Stream3_IRQHandler
                0x08003314                USART6_IRQHandler
                0x08003314                DMA2_Stream0_IRQHandler
                0x08003314                TIM4_IRQHandler
                0x08003314                DMA1_Stream6_IRQHandler
                0x08003314                RCC_IRQHandler
                0x08003314                Default_Handler
                0x08003314                EXTI15_10_IRQHandler
                0x08003314                DMA1_Stream7_IRQHandler
                0x08003314                SPI5_IRQHandler
                0x08003314                TIM5_IRQHandler
                0x08003314                DMA2_Stream7_IRQHandler
                0x08003314                I2C3_EV_IRQHandler
                0x08003314                EXTI9_5_IRQHandler
                0x08003314                RTC_WKUP_IRQHandler
                0x08003314                SPI2_IRQHandler
                0x08003314                EXTI4_IRQHandler
                0x08003314                WWDG_IRQHandler
                0x08003314                TIM2_IRQHandler
                0x08003314                OTG_FS_WKUP_IRQHandler
                0x08003314                EXTI1_IRQHandler
                0x08003314                USART2_IRQHandler
                0x08003314                I2C2_ER_IRQHandler
                0x08003314                DMA2_Stream1_IRQHandler
                0x08003314                FLASH_IRQHandler
                0x08003314                DMA2_Stream4_IRQHandler
                0x08003314                USART1_IRQHandler
                0x08003314                SPI3_IRQHandler
                0x08003314                DMA1_Stream4_IRQHandler
                0x08003314                DMA2_Stream6_IRQHandler
                0x08003314                DMA1_Stream3_IRQHandler
 *fill*         0x08003316        0x2 
 .text.HAL_Init
                0x08003318       0x44 ./Drivers/STM32F4xx_HAL_Driver/Src/stm32f4xx_hal.o
                0x08003318                HAL_Init
 .text.HAL_InitTick
                0x0800335c       0x60 ./Drivers/STM32F4xx_HAL_Driver/Src/stm32f4xx_hal.o
                0x0800335c                HAL_InitTick
 .text.HAL_IncTick
                0x080033bc       0x28 ./Drivers/STM32F4xx_HAL_Driver/Src/stm32f4xx_hal.o
                0x080033bc                HAL_IncTick
 .text.HAL_GetTick
                0x080033e4       0x18 ./Drivers/STM32F4xx_HAL_Driver/Src/stm32f4xx_hal.o
                0x080033e4                HAL_GetTick
 .text.HAL_Delay
                0x080033fc       0x48 ./Drivers/STM32F4xx_HAL_Driver/Src/stm32f4xx_hal.o
                0x080033fc                HAL_Delay
 .text.HAL_ADC_Init
                0x08003444       0x86 ./Drivers/STM32F4xx_HAL_Driver/Src/stm32f4xx_hal_adc.o
                0x08003444                HAL_ADC_Init
 .text.HAL_ADC_IRQHandler
                0x080034ca      0x220 ./Drivers/STM32F4xx_HAL_Driver/Src/stm32f4xx_hal_adc.o
                0x080034ca                HAL_ADC_IRQHandler
 *fill*         0x080036ea        0x2 
 .text.HAL_ADC_Start_DMA
                0x080036ec      0x1e8 ./Drivers/STM32F4xx_HAL_Driver/Src/stm32f4xx_hal_adc.o
                0x080036ec                HAL_ADC_Start_DMA
 .text.HAL_ADC_ConvHalfCpltCallback
                0x080038d4       0x14 ./Drivers/STM32F4xx_HAL_Driver/Src/stm32f4xx_hal_adc.o
                0x080038d4                HAL_ADC_ConvHalfCpltCallback
 .text.HAL_ADC_LevelOutOfWindowCallback
                0x080038e8       0x14 ./Drivers/STM32F4xx_HAL_Driver/Src/stm32f4xx_hal_adc.o
                0x080038e8                HAL_ADC_LevelOutOfWindowCallback
 .text.HAL_ADC_ErrorCallback
                0x080038fc       0x14 ./Drivers/STM32F4xx_HAL_Driver/Src/stm32f4xx_hal_adc.o
                0x080038fc                HAL_ADC_ErrorCallback
 .text.HAL_ADC_ConfigChannel
                0x08003910      0x264 ./Drivers/STM32F4xx_HAL_Driver/Src/stm32f4xx_hal_adc.o
                0x08003910                HAL_ADC_ConfigChannel
 .text.ADC_Init
                0x08003b74      0x1f8 ./Drivers/STM32F4xx_HAL_Driver/Src/stm32f4xx_hal_adc.o
 .text.ADC_DMAConvCplt
                0x08003d6c       0xba ./Drivers/STM32F4xx_HAL_Driver/Src/stm32f4xx_hal_adc.o
 .text.ADC_DMAHalfConvCplt
                0x08003e26       0x1c ./Drivers/STM32F4xx_HAL_Driver/Src/stm32f4xx_hal_adc.o
 .text.ADC_DMAError
                0x08003e42       0x2e ./Drivers/STM32F4xx_HAL_Driver/Src/stm32f4xx_hal_adc.o
 .text.HAL_ADCEx_InjectedConvCpltCallback
                0x08003e70       0x14 ./Drivers/STM32F4xx_HAL_Driver/Src/stm32f4xx_hal_adc_ex.o
                0x08003e70                HAL_ADCEx_InjectedConvCpltCallback
 .text.__NVIC_SetPriorityGrouping
                0x08003e84       0x48 ./Drivers/STM32F4xx_HAL_Driver/Src/stm32f4xx_hal_cortex.o
 .text.__NVIC_GetPriorityGrouping
                0x08003ecc       0x1c ./Drivers/STM32F4xx_HAL_Driver/Src/stm32f4xx_hal_cortex.o
 .text.__NVIC_EnableIRQ
                0x08003ee8       0x3c ./Drivers/STM32F4xx_HAL_Driver/Src/stm32f4xx_hal_cortex.o
 .text.__NVIC_SetPriority
                0x08003f24       0x54 ./Drivers/STM32F4xx_HAL_Driver/Src/stm32f4xx_hal_cortex.o
 .text.NVIC_EncodePriority
                0x08003f78       0x66 ./Drivers/STM32F4xx_HAL_Driver/Src/stm32f4xx_hal_cortex.o
 *fill*         0x08003fde        0x2 
 .text.SysTick_Config
                0x08003fe0       0x44 ./Drivers/STM32F4xx_HAL_Driver/Src/stm32f4xx_hal_cortex.o
 .text.HAL_NVIC_SetPriorityGrouping
                0x08004024       0x16 ./Drivers/STM32F4xx_HAL_Driver/Src/stm32f4xx_hal_cortex.o
                0x08004024                HAL_NVIC_SetPriorityGrouping
 .text.HAL_NVIC_SetPriority
                0x0800403a       0x38 ./Drivers/STM32F4xx_HAL_Driver/Src/stm32f4xx_hal_cortex.o
                0x0800403a                HAL_NVIC_SetPriority
 .text.HAL_NVIC_EnableIRQ
                0x08004072       0x1c ./Drivers/STM32F4xx_HAL_Driver/Src/stm32f4xx_hal_cortex.o
                0x08004072                HAL_NVIC_EnableIRQ
 .text.HAL_SYSTICK_Config
                0x0800408e       0x18 ./Drivers/STM32F4xx_HAL_Driver/Src/stm32f4xx_hal_cortex.o
                0x0800408e                HAL_SYSTICK_Config
 *fill*         0x080040a6        0x2 
 .text.HAL_DMA_Init
                0x080040a8      0x15c ./Drivers/STM32F4xx_HAL_Driver/Src/stm32f4xx_hal_dma.o
                0x080040a8                HAL_DMA_Init
 .text.HAL_DMA_Start_IT
                0x08004204       0xb0 ./Drivers/STM32F4xx_HAL_Driver/Src/stm32f4xx_hal_dma.o
                0x08004204                HAL_DMA_Start_IT
 .text.HAL_DMA_Abort_IT
                0x080042b4       0x44 ./Drivers/STM32F4xx_HAL_Driver/Src/stm32f4xx_hal_dma.o
                0x080042b4                HAL_DMA_Abort_IT
 .text.HAL_DMA_IRQHandler
                0x080042f8      0x314 ./Drivers/STM32F4xx_HAL_Driver/Src/stm32f4xx_hal_dma.o
                0x080042f8                HAL_DMA_IRQHandler
 .text.HAL_DMA_GetState
                0x0800460c       0x1c ./Drivers/STM32F4xx_HAL_Driver/Src/stm32f4xx_hal_dma.o
                0x0800460c                HAL_DMA_GetState
 .text.HAL_DMA_GetError
                0x08004628       0x18 ./Drivers/STM32F4xx_HAL_Driver/Src/stm32f4xx_hal_dma.o
                0x08004628                HAL_DMA_GetError
 .text.DMA_SetConfig
                0x08004640       0x5c ./Drivers/STM32F4xx_HAL_Driver/Src/stm32f4xx_hal_dma.o
 .text.DMA_CalcBaseAndBitshift
                0x0800469c       0x6c ./Drivers/STM32F4xx_HAL_Driver/Src/stm32f4xx_hal_dma.o
 .text.DMA_CheckFifoParam
                0x08004708       0xf8 ./Drivers/STM32F4xx_HAL_Driver/Src/stm32f4xx_hal_dma.o
 .text.HAL_GPIO_Init
                0x08004800      0x308 ./Drivers/STM32F4xx_HAL_Driver/Src/stm32f4xx_hal_gpio.o
                0x08004800                HAL_GPIO_Init
 .text.HAL_GPIO_WritePin
                0x08004b08       0x32 ./Drivers/STM32F4xx_HAL_Driver/Src/stm32f4xx_hal_gpio.o
                0x08004b08                HAL_GPIO_WritePin
 .text.HAL_GPIO_TogglePin
                0x08004b3a       0x34 ./Drivers/STM32F4xx_HAL_Driver/Src/stm32f4xx_hal_gpio.o
                0x08004b3a                HAL_GPIO_TogglePin
 *fill*         0x08004b6e        0x2 
 .text.HAL_I2C_Init
                0x08004b70      0x288 ./Drivers/STM32F4xx_HAL_Driver/Src/stm32f4xx_hal_i2c.o
                0x08004b70                HAL_I2C_Init
 .text.I2C_Flush_DR
                0x08004df8       0x2a ./Drivers/STM32F4xx_HAL_Driver/Src/stm32f4xx_hal_i2c.o
 *fill*         0x08004e22        0x2 
 .text.HAL_I2C_Master_Transmit
                0x08004e24      0x1fc ./Drivers/STM32F4xx_HAL_Driver/Src/stm32f4xx_hal_i2c.o
                0x08004e24                HAL_I2C_Master_Transmit
 .text.HAL_I2C_Mem_Write
                0x08005020      0x1f4 ./Drivers/STM32F4xx_HAL_Driver/Src/stm32f4xx_hal_i2c.o
                0x08005020                HAL_I2C_Mem_Write
 .text.HAL_I2C_Mem_Read
                0x08005214      0x464 ./Drivers/STM32F4xx_HAL_Driver/Src/stm32f4xx_hal_i2c.o
                0x08005214                HAL_I2C_Mem_Read
 .text.HAL_I2C_Mem_Write_DMA
                0x08005678      0x2bc ./Drivers/STM32F4xx_HAL_Driver/Src/stm32f4xx_hal_i2c.o
                0x08005678                HAL_I2C_Mem_Write_DMA
 .text.HAL_I2C_Mem_Read_DMA
                0x08005934      0x320 ./Drivers/STM32F4xx_HAL_Driver/Src/stm32f4xx_hal_i2c.o
                0x08005934                HAL_I2C_Mem_Read_DMA
 .text.HAL_I2C_EV_IRQHandler
                0x08005c54      0x2e2 ./Drivers/STM32F4xx_HAL_Driver/Src/stm32f4xx_hal_i2c.o
                0x08005c54                HAL_I2C_EV_IRQHandler
 .text.HAL_I2C_ER_IRQHandler
                0x08005f36      0x14e ./Drivers/STM32F4xx_HAL_Driver/Src/stm32f4xx_hal_i2c.o
                0x08005f36                HAL_I2C_ER_IRQHandler
 .text.HAL_I2C_MasterTxCpltCallback
                0x08006084       0x14 ./Drivers/STM32F4xx_HAL_Driver/Src/stm32f4xx_hal_i2c.o
                0x08006084                HAL_I2C_MasterTxCpltCallback
 .text.HAL_I2C_MasterRxCpltCallback
                0x08006098       0x14 ./Drivers/STM32F4xx_HAL_Driver/Src/stm32f4xx_hal_i2c.o
                0x08006098                HAL_I2C_MasterRxCpltCallback
 .text.HAL_I2C_SlaveTxCpltCallback
                0x080060ac       0x14 ./Drivers/STM32F4xx_HAL_Driver/Src/stm32f4xx_hal_i2c.o
                0x080060ac                HAL_I2C_SlaveTxCpltCallback
 .text.HAL_I2C_SlaveRxCpltCallback
                0x080060c0       0x14 ./Drivers/STM32F4xx_HAL_Driver/Src/stm32f4xx_hal_i2c.o
                0x080060c0                HAL_I2C_SlaveRxCpltCallback
 .text.HAL_I2C_AddrCallback
                0x080060d4       0x1c ./Drivers/STM32F4xx_HAL_Driver/Src/stm32f4xx_hal_i2c.o
                0x080060d4                HAL_I2C_AddrCallback
 .text.HAL_I2C_ListenCpltCallback
                0x080060f0       0x14 ./Drivers/STM32F4xx_HAL_Driver/Src/stm32f4xx_hal_i2c.o
                0x080060f0                HAL_I2C_ListenCpltCallback
 .text.HAL_I2C_ErrorCallback
                0x08006104       0x14 ./Drivers/STM32F4xx_HAL_Driver/Src/stm32f4xx_hal_i2c.o
                0x08006104                HAL_I2C_ErrorCallback
 .text.HAL_I2C_AbortCpltCallback
                0x08006118       0x14 ./Drivers/STM32F4xx_HAL_Driver/Src/stm32f4xx_hal_i2c.o
                0x08006118                HAL_I2C_AbortCpltCallback
 .text.I2C_MasterTransmit_TXE
                0x0800612c      0x138 ./Drivers/STM32F4xx_HAL_Driver/Src/stm32f4xx_hal_i2c.o
 .text.I2C_MasterTransmit_BTF
                0x08006264       0xec ./Drivers/STM32F4xx_HAL_Driver/Src/stm32f4xx_hal_i2c.o
 .text.I2C_MemoryTransmit_TXE_BTF
                0x08006350      0x130 ./Drivers/STM32F4xx_HAL_Driver/Src/stm32f4xx_hal_i2c.o
 .text.I2C_MasterReceive_RXNE
                0x08006480      0x190 ./Drivers/STM32F4xx_HAL_Driver/Src/stm32f4xx_hal_i2c.o
 .text.I2C_MasterReceive_BTF
                0x08006610      0x1e2 ./Drivers/STM32F4xx_HAL_Driver/Src/stm32f4xx_hal_i2c.o
 .text.I2C_Master_SB
                0x080067f2      0x10c ./Drivers/STM32F4xx_HAL_Driver/Src/stm32f4xx_hal_i2c.o
 .text.I2C_Master_ADD10
                0x080068fe       0x54 ./Drivers/STM32F4xx_HAL_Driver/Src/stm32f4xx_hal_i2c.o
 .text.I2C_Master_ADDR
                0x08006952      0x322 ./Drivers/STM32F4xx_HAL_Driver/Src/stm32f4xx_hal_i2c.o
 .text.I2C_SlaveTransmit_TXE
                0x08006c74       0x7a ./Drivers/STM32F4xx_HAL_Driver/Src/stm32f4xx_hal_i2c.o
 .text.I2C_SlaveTransmit_BTF
                0x08006cee       0x42 ./Drivers/STM32F4xx_HAL_Driver/Src/stm32f4xx_hal_i2c.o
 .text.I2C_SlaveReceive_RXNE
                0x08006d30       0x7c ./Drivers/STM32F4xx_HAL_Driver/Src/stm32f4xx_hal_i2c.o
 .text.I2C_SlaveReceive_BTF
                0x08006dac       0x44 ./Drivers/STM32F4xx_HAL_Driver/Src/stm32f4xx_hal_i2c.o
 .text.I2C_Slave_ADDR
                0x08006df0       0x94 ./Drivers/STM32F4xx_HAL_Driver/Src/stm32f4xx_hal_i2c.o
 .text.I2C_Slave_STOPF
                0x08006e84      0x260 ./Drivers/STM32F4xx_HAL_Driver/Src/stm32f4xx_hal_i2c.o
 .text.I2C_Slave_AF
                0x080070e4       0xe8 ./Drivers/STM32F4xx_HAL_Driver/Src/stm32f4xx_hal_i2c.o
 .text.I2C_ITError
                0x080071cc      0x264 ./Drivers/STM32F4xx_HAL_Driver/Src/stm32f4xx_hal_i2c.o
 .text.I2C_MasterRequestWrite
                0x08007430      0x104 ./Drivers/STM32F4xx_HAL_Driver/Src/stm32f4xx_hal_i2c.o
 .text.I2C_RequestMemoryWrite
                0x08007534      0x12c ./Drivers/STM32F4xx_HAL_Driver/Src/stm32f4xx_hal_i2c.o
 .text.I2C_RequestMemoryRead
                0x08007660      0x1d0 ./Drivers/STM32F4xx_HAL_Driver/Src/stm32f4xx_hal_i2c.o
 .text.I2C_DMAXferCplt
                0x08007830      0x1be ./Drivers/STM32F4xx_HAL_Driver/Src/stm32f4xx_hal_i2c.o
 .text.I2C_DMAError
                0x080079ee       0x7a ./Drivers/STM32F4xx_HAL_Driver/Src/stm32f4xx_hal_i2c.o
 .text.I2C_DMAAbort
                0x08007a68      0x150 ./Drivers/STM32F4xx_HAL_Driver/Src/stm32f4xx_hal_i2c.o
 .text.I2C_WaitOnFlagUntilTimeout
                0x08007bb8       0xf4 ./Drivers/STM32F4xx_HAL_Driver/Src/stm32f4xx_hal_i2c.o
 .text.I2C_WaitOnMasterAddressFlagUntilTimeout
                0x08007cac      0x140 ./Drivers/STM32F4xx_HAL_Driver/Src/stm32f4xx_hal_i2c.o
 .text.I2C_WaitOnTXEFlagUntilTimeout
                0x08007dec       0x90 ./Drivers/STM32F4xx_HAL_Driver/Src/stm32f4xx_hal_i2c.o
 .text.I2C_WaitOnBTFFlagUntilTimeout
                0x08007e7c       0x90 ./Drivers/STM32F4xx_HAL_Driver/Src/stm32f4xx_hal_i2c.o
 .text.I2C_WaitOnSTOPRequestThroughIT
                0x08007f0c       0x64 ./Drivers/STM32F4xx_HAL_Driver/Src/stm32f4xx_hal_i2c.o
 .text.I2C_WaitOnRXNEFlagUntilTimeout
                0x08007f70       0xba ./Drivers/STM32F4xx_HAL_Driver/Src/stm32f4xx_hal_i2c.o
 .text.I2C_IsAcknowledgeFailed
                0x0800802a       0x5e ./Drivers/STM32F4xx_HAL_Driver/Src/stm32f4xx_hal_i2c.o
 .text.I2C_ConvertOtherXferOptions
                0x08008088       0x36 ./Drivers/STM32F4xx_HAL_Driver/Src/stm32f4xx_hal_i2c.o
 .text.HAL_PCD_Init
                0x080080be      0x21e ./Drivers/STM32F4xx_HAL_Driver/Src/stm32f4xx_hal_pcd.o
                0x080080be                HAL_PCD_Init
 .text.HAL_PCD_Start
                0x080082dc       0x6a ./Drivers/STM32F4xx_HAL_Driver/Src/stm32f4xx_hal_pcd.o
                0x080082dc                HAL_PCD_Start
 .text.HAL_PCD_IRQHandler
                0x08008346      0x942 ./Drivers/STM32F4xx_HAL_Driver/Src/stm32f4xx_hal_pcd.o
                0x08008346                HAL_PCD_IRQHandler
 .text.HAL_PCD_SetAddress
                0x08008c88       0x48 ./Drivers/STM32F4xx_HAL_Driver/Src/stm32f4xx_hal_pcd.o
                0x08008c88                HAL_PCD_SetAddress
 .text.HAL_PCD_EP_Open
                0x08008cd0       0xd4 ./Drivers/STM32F4xx_HAL_Driver/Src/stm32f4xx_hal_pcd.o
                0x08008cd0                HAL_PCD_EP_Open
 .text.HAL_PCD_EP_Close
                0x08008da4       0x94 ./Drivers/STM32F4xx_HAL_Driver/Src/stm32f4xx_hal_pcd.o
                0x08008da4                HAL_PCD_EP_Close
 .text.HAL_PCD_EP_Receive
                0x08008e38       0x76 ./Drivers/STM32F4xx_HAL_Driver/Src/stm32f4xx_hal_pcd.o
                0x08008e38                HAL_PCD_EP_Receive
 .text.HAL_PCD_EP_GetRxCount
                0x08008eae       0x30 ./Drivers/STM32F4xx_HAL_Driver/Src/stm32f4xx_hal_pcd.o
                0x08008eae                HAL_PCD_EP_GetRxCount
 .text.HAL_PCD_EP_Transmit
                0x08008ede       0x74 ./Drivers/STM32F4xx_HAL_Driver/Src/stm32f4xx_hal_pcd.o
                0x08008ede                HAL_PCD_EP_Transmit
 .text.HAL_PCD_EP_SetStall
                0x08008f52       0xc6 ./Drivers/STM32F4xx_HAL_Driver/Src/stm32f4xx_hal_pcd.o
                0x08008f52                HAL_PCD_EP_SetStall
 .text.HAL_PCD_EP_ClrStall
                0x08009018       0xac ./Drivers/STM32F4xx_HAL_Driver/Src/stm32f4xx_hal_pcd.o
                0x08009018                HAL_PCD_EP_ClrStall
 .text.HAL_PCD_EP_Abort
                0x080090c4       0x62 ./Drivers/STM32F4xx_HAL_Driver/Src/stm32f4xx_hal_pcd.o
                0x080090c4                HAL_PCD_EP_Abort
 .text.PCD_WriteEmptyTxFifo
                0x08009126      0x118 ./Drivers/STM32F4xx_HAL_Driver/Src/stm32f4xx_hal_pcd.o
 *fill*         0x0800923e        0x2 
 .text.PCD_EP_OutXfrComplete_int
                0x08009240      0x1d0 ./Drivers/STM32F4xx_HAL_Driver/Src/stm32f4xx_hal_pcd.o
 .text.PCD_EP_OutSetupPacket_int
                0x08009410       0x8c ./Drivers/STM32F4xx_HAL_Driver/Src/stm32f4xx_hal_pcd.o
 .text.HAL_PCDEx_SetTxFiFo
                0x0800949c       0x8e ./Drivers/STM32F4xx_HAL_Driver/Src/stm32f4xx_hal_pcd_ex.o
                0x0800949c                HAL_PCDEx_SetTxFiFo
 .text.HAL_PCDEx_SetRxFiFo
                0x0800952a       0x22 ./Drivers/STM32F4xx_HAL_Driver/Src/stm32f4xx_hal_pcd_ex.o
                0x0800952a                HAL_PCDEx_SetRxFiFo
 .text.HAL_PCDEx_LPM_Callback
                0x0800954c       0x18 ./Drivers/STM32F4xx_HAL_Driver/Src/stm32f4xx_hal_pcd_ex.o
                0x0800954c                HAL_PCDEx_LPM_Callback
 .text.HAL_RCC_OscConfig
                0x08009564      0x4f0 ./Drivers/STM32F4xx_HAL_Driver/Src/stm32f4xx_hal_rcc.o
                0x08009564                HAL_RCC_OscConfig
 .text.HAL_RCC_ClockConfig
                0x08009a54      0x1cc ./Drivers/STM32F4xx_HAL_Driver/Src/stm32f4xx_hal_rcc.o
                0x08009a54                HAL_RCC_ClockConfig
 .text.HAL_RCC_GetSysClockFreq
                0x08009c20      0x18c ./Drivers/STM32F4xx_HAL_Driver/Src/stm32f4xx_hal_rcc.o
                0x08009c20                HAL_RCC_GetSysClockFreq
 .text.HAL_RCC_GetHCLKFreq
                0x08009dac       0x18 ./Drivers/STM32F4xx_HAL_Driver/Src/stm32f4xx_hal_rcc.o
                0x08009dac                HAL_RCC_GetHCLKFreq
 .text.HAL_RCC_GetPCLK1Freq
                0x08009dc4       0x28 ./Drivers/STM32F4xx_HAL_Driver/Src/stm32f4xx_hal_rcc.o
                0x08009dc4                HAL_RCC_GetPCLK1Freq
 .text.HAL_TIM_Base_Init
                0x08009dec       0x9e ./Drivers/STM32F4xx_HAL_Driver/Src/stm32f4xx_hal_tim.o
                0x08009dec                HAL_TIM_Base_Init
 *fill*         0x08009e8a        0x2 
 .text.HAL_TIM_Base_Start_IT
                0x08009e8c       0xc4 ./Drivers/STM32F4xx_HAL_Driver/Src/stm32f4xx_hal_tim.o
                0x08009e8c                HAL_TIM_Base_Start_IT
 .text.HAL_TIM_PWM_Init
                0x08009f50       0x9e ./Drivers/STM32F4xx_HAL_Driver/Src/stm32f4xx_hal_tim.o
                0x08009f50                HAL_TIM_PWM_Init
 .text.HAL_TIM_PWM_MspInit
                0x08009fee       0x14 ./Drivers/STM32F4xx_HAL_Driver/Src/stm32f4xx_hal_tim.o
                0x08009fee                HAL_TIM_PWM_MspInit
 *fill*         0x0800a002        0x2 
 .text.HAL_TIM_PWM_Start
                0x0800a004      0x160 ./Drivers/STM32F4xx_HAL_Driver/Src/stm32f4xx_hal_tim.o
                0x0800a004                HAL_TIM_PWM_Start
 .text.HAL_TIM_IRQHandler
                0x0800a164      0x1e0 ./Drivers/STM32F4xx_HAL_Driver/Src/stm32f4xx_hal_tim.o
                0x0800a164                HAL_TIM_IRQHandler
 .text.HAL_TIM_PWM_ConfigChannel
                0x0800a344      0x184 ./Drivers/STM32F4xx_HAL_Driver/Src/stm32f4xx_hal_tim.o
                0x0800a344                HAL_TIM_PWM_ConfigChannel
 .text.HAL_TIM_ConfigClockSource
                0x0800a4c8      0x18e ./Drivers/STM32F4xx_HAL_Driver/Src/stm32f4xx_hal_tim.o
                0x0800a4c8                HAL_TIM_ConfigClockSource
 .text.HAL_TIM_OC_DelayElapsedCallback
                0x0800a656       0x14 ./Drivers/STM32F4xx_HAL_Driver/Src/stm32f4xx_hal_tim.o
                0x0800a656                HAL_TIM_OC_DelayElapsedCallback
 .text.HAL_TIM_IC_CaptureCallback
                0x0800a66a       0x14 ./Drivers/STM32F4xx_HAL_Driver/Src/stm32f4xx_hal_tim.o
                0x0800a66a                HAL_TIM_IC_CaptureCallback
 .text.HAL_TIM_PWM_PulseFinishedCallback
                0x0800a67e       0x14 ./Drivers/STM32F4xx_HAL_Driver/Src/stm32f4xx_hal_tim.o
                0x0800a67e                HAL_TIM_PWM_PulseFinishedCallback
 .text.HAL_TIM_TriggerCallback
                0x0800a692       0x14 ./Drivers/STM32F4xx_HAL_Driver/Src/stm32f4xx_hal_tim.o
                0x0800a692                HAL_TIM_TriggerCallback
 *fill*         0x0800a6a6        0x2 
 .text.TIM_Base_SetConfig
                0x0800a6a8      0x10c ./Drivers/STM32F4xx_HAL_Driver/Src/stm32f4xx_hal_tim.o
                0x0800a6a8                TIM_Base_SetConfig
 .text.TIM_OC1_SetConfig
                0x0800a7b4       0xcc ./Drivers/STM32F4xx_HAL_Driver/Src/stm32f4xx_hal_tim.o
 .text.TIM_OC2_SetConfig
                0x0800a880       0xd8 ./Drivers/STM32F4xx_HAL_Driver/Src/stm32f4xx_hal_tim.o
                0x0800a880                TIM_OC2_SetConfig
 .text.TIM_OC3_SetConfig
                0x0800a958       0xd4 ./Drivers/STM32F4xx_HAL_Driver/Src/stm32f4xx_hal_tim.o
 .text.TIM_OC4_SetConfig
                0x0800aa2c       0xa0 ./Drivers/STM32F4xx_HAL_Driver/Src/stm32f4xx_hal_tim.o
 .text.TIM_TI1_ConfigInputStage
                0x0800aacc       0x5e ./Drivers/STM32F4xx_HAL_Driver/Src/stm32f4xx_hal_tim.o
 .text.TIM_TI2_ConfigInputStage
                0x0800ab2a       0x60 ./Drivers/STM32F4xx_HAL_Driver/Src/stm32f4xx_hal_tim.o
 .text.TIM_ITRx_SetConfig
                0x0800ab8a       0x36 ./Drivers/STM32F4xx_HAL_Driver/Src/stm32f4xx_hal_tim.o
 .text.TIM_ETR_SetConfig
                0x0800abc0       0x40 ./Drivers/STM32F4xx_HAL_Driver/Src/stm32f4xx_hal_tim.o
                0x0800abc0                TIM_ETR_SetConfig
 .text.TIM_CCxChannelCmd
                0x0800ac00       0x4a ./Drivers/STM32F4xx_HAL_Driver/Src/stm32f4xx_hal_tim.o
                0x0800ac00                TIM_CCxChannelCmd
 *fill*         0x0800ac4a        0x2 
 .text.HAL_TIMEx_MasterConfigSynchronization
                0x0800ac4c       0xdc ./Drivers/STM32F4xx_HAL_Driver/Src/stm32f4xx_hal_tim_ex.o
                0x0800ac4c                HAL_TIMEx_MasterConfigSynchronization
 .text.HAL_TIMEx_CommutCallback
                0x0800ad28       0x14 ./Drivers/STM32F4xx_HAL_Driver/Src/stm32f4xx_hal_tim_ex.o
                0x0800ad28                HAL_TIMEx_CommutCallback
 .text.HAL_TIMEx_BreakCallback
                0x0800ad3c       0x14 ./Drivers/STM32F4xx_HAL_Driver/Src/stm32f4xx_hal_tim_ex.o
                0x0800ad3c                HAL_TIMEx_BreakCallback
 .text.USB_CoreInit
                0x0800ad50       0xc8 ./Drivers/STM32F4xx_HAL_Driver/Src/stm32f4xx_ll_usb.o
                0x0800ad50                USB_CoreInit
 .text.USB_SetTurnaroundTime
                0x0800ae18      0x144 ./Drivers/STM32F4xx_HAL_Driver/Src/stm32f4xx_ll_usb.o
                0x0800ae18                USB_SetTurnaroundTime
 .text.USB_EnableGlobalInt
                0x0800af5c       0x22 ./Drivers/STM32F4xx_HAL_Driver/Src/stm32f4xx_ll_usb.o
                0x0800af5c                USB_EnableGlobalInt
 .text.USB_DisableGlobalInt
                0x0800af7e       0x22 ./Drivers/STM32F4xx_HAL_Driver/Src/stm32f4xx_ll_usb.o
                0x0800af7e                USB_DisableGlobalInt
 .text.USB_SetCurrentMode
                0x0800afa0       0x98 ./Drivers/STM32F4xx_HAL_Driver/Src/stm32f4xx_ll_usb.o
                0x0800afa0                USB_SetCurrentMode
 .text.USB_DevInit
                0x0800b038      0x2c8 ./Drivers/STM32F4xx_HAL_Driver/Src/stm32f4xx_ll_usb.o
                0x0800b038                USB_DevInit
 .text.USB_FlushTxFifo
                0x0800b300       0x64 ./Drivers/STM32F4xx_HAL_Driver/Src/stm32f4xx_ll_usb.o
                0x0800b300                USB_FlushTxFifo
 .text.USB_FlushRxFifo
                0x0800b364       0x5c ./Drivers/STM32F4xx_HAL_Driver/Src/stm32f4xx_ll_usb.o
                0x0800b364                USB_FlushRxFifo
 .text.USB_SetDevSpeed
                0x0800b3c0       0x32 ./Drivers/STM32F4xx_HAL_Driver/Src/stm32f4xx_ll_usb.o
                0x0800b3c0                USB_SetDevSpeed
 .text.USB_GetDevSpeed
                0x0800b3f2       0x4a ./Drivers/STM32F4xx_HAL_Driver/Src/stm32f4xx_ll_usb.o
                0x0800b3f2                USB_GetDevSpeed
 .text.USB_ActivateEndpoint
                0x0800b43c      0x10e ./Drivers/STM32F4xx_HAL_Driver/Src/stm32f4xx_ll_usb.o
                0x0800b43c                USB_ActivateEndpoint
 *fill*         0x0800b54a        0x2 
 .text.USB_DeactivateEndpoint
                0x0800b54c      0x1b8 ./Drivers/STM32F4xx_HAL_Driver/Src/stm32f4xx_ll_usb.o
                0x0800b54c                USB_DeactivateEndpoint
 .text.USB_EPStartXfer
                0x0800b704      0x53c ./Drivers/STM32F4xx_HAL_Driver/Src/stm32f4xx_ll_usb.o
                0x0800b704                USB_EPStartXfer
 .text.USB_EPStopXfer
                0x0800bc40      0x154 ./Drivers/STM32F4xx_HAL_Driver/Src/stm32f4xx_ll_usb.o
                0x0800bc40                USB_EPStopXfer
 .text.USB_WritePacket
                0x0800bd94       0x7c ./Drivers/STM32F4xx_HAL_Driver/Src/stm32f4xx_ll_usb.o
                0x0800bd94                USB_WritePacket
 .text.USB_ReadPacket
                0x0800be10       0xb0 ./Drivers/STM32F4xx_HAL_Driver/Src/stm32f4xx_ll_usb.o
                0x0800be10                USB_ReadPacket
 .text.USB_EPSetStall
                0x0800bec0       0xdc ./Drivers/STM32F4xx_HAL_Driver/Src/stm32f4xx_ll_usb.o
                0x0800bec0                USB_EPSetStall
 .text.USB_EPClearStall
                0x0800bf9c       0xcc ./Drivers/STM32F4xx_HAL_Driver/Src/stm32f4xx_ll_usb.o
                0x0800bf9c                USB_EPClearStall
 .text.USB_SetDevAddress
                0x0800c068       0x4c ./Drivers/STM32F4xx_HAL_Driver/Src/stm32f4xx_ll_usb.o
                0x0800c068                USB_SetDevAddress
 .text.USB_DevConnect
                0x0800c0b4       0x42 ./Drivers/STM32F4xx_HAL_Driver/Src/stm32f4xx_ll_usb.o
                0x0800c0b4                USB_DevConnect
 .text.USB_DevDisconnect
                0x0800c0f6       0x42 ./Drivers/STM32F4xx_HAL_Driver/Src/stm32f4xx_ll_usb.o
                0x0800c0f6                USB_DevDisconnect
 .text.USB_ReadInterrupts
                0x0800c138       0x26 ./Drivers/STM32F4xx_HAL_Driver/Src/stm32f4xx_ll_usb.o
                0x0800c138                USB_ReadInterrupts
 .text.USB_ReadDevAllOutEpInterrupt
                0x0800c15e       0x34 ./Drivers/STM32F4xx_HAL_Driver/Src/stm32f4xx_ll_usb.o
                0x0800c15e                USB_ReadDevAllOutEpInterrupt
 .text.USB_ReadDevAllInEpInterrupt
                0x0800c192       0x34 ./Drivers/STM32F4xx_HAL_Driver/Src/stm32f4xx_ll_usb.o
                0x0800c192                USB_ReadDevAllInEpInterrupt
 .text.USB_ReadDevOutEPInterrupt
                0x0800c1c6       0x3c ./Drivers/STM32F4xx_HAL_Driver/Src/stm32f4xx_ll_usb.o
                0x0800c1c6                USB_ReadDevOutEPInterrupt
 .text.USB_ReadDevInEPInterrupt
                0x0800c202       0x5c ./Drivers/STM32F4xx_HAL_Driver/Src/stm32f4xx_ll_usb.o
                0x0800c202                USB_ReadDevInEPInterrupt
 .text.USB_GetMode
                0x0800c25e       0x1c ./Drivers/STM32F4xx_HAL_Driver/Src/stm32f4xx_ll_usb.o
                0x0800c25e                USB_GetMode
 .text.USB_ActivateSetup
                0x0800c27a       0x46 ./Drivers/STM32F4xx_HAL_Driver/Src/stm32f4xx_ll_usb.o
                0x0800c27a                USB_ActivateSetup
 .text.USB_EP0_OutStart
                0x0800c2c0       0xbc ./Drivers/STM32F4xx_HAL_Driver/Src/stm32f4xx_ll_usb.o
                0x0800c2c0                USB_EP0_OutStart
 .text.USB_CoreReset
                0x0800c37c       0x70 ./Drivers/STM32F4xx_HAL_Driver/Src/stm32f4xx_ll_usb.o
 .text.USBD_CDC_Init
                0x0800c3ec      0x1f0 ./Middlewares/ST/STM32_USB_Device_Library/Class/CDC/Src/usbd_cdc.o
 .text.USBD_CDC_DeInit
                0x0800c5dc      0x104 ./Middlewares/ST/STM32_USB_Device_Library/Class/CDC/Src/usbd_cdc.o
 .text.USBD_CDC_Setup
                0x0800c6e0      0x1b8 ./Middlewares/ST/STM32_USB_Device_Library/Class/CDC/Src/usbd_cdc.o
 .text.USBD_CDC_DataIn
                0x0800c898       0xfe ./Middlewares/ST/STM32_USB_Device_Library/Class/CDC/Src/usbd_cdc.o
 .text.USBD_CDC_DataOut
                0x0800c996       0x70 ./Middlewares/ST/STM32_USB_Device_Library/Class/CDC/Src/usbd_cdc.o
 .text.USBD_CDC_EP0_RxReady
                0x0800ca06       0x74 ./Middlewares/ST/STM32_USB_Device_Library/Class/CDC/Src/usbd_cdc.o
 *fill*         0x0800ca7a        0x2 
 .text.USBD_CDC_GetFSCfgDesc
                0x0800ca7c       0x70 ./Middlewares/ST/STM32_USB_Device_Library/Class/CDC/Src/usbd_cdc.o
 .text.USBD_CDC_GetHSCfgDesc
                0x0800caec       0x70 ./Middlewares/ST/STM32_USB_Device_Library/Class/CDC/Src/usbd_cdc.o
 .text.USBD_CDC_GetOtherSpeedCfgDesc
                0x0800cb5c       0x70 ./Middlewares/ST/STM32_USB_Device_Library/Class/CDC/Src/usbd_cdc.o
 .text.USBD_CDC_GetDeviceQualifierDescriptor
                0x0800cbcc       0x20 ./Middlewares/ST/STM32_USB_Device_Library/Class/CDC/Src/usbd_cdc.o
                0x0800cbcc                USBD_CDC_GetDeviceQualifierDescriptor
 .text.USBD_CDC_RegisterInterface
                0x0800cbec       0x34 ./Middlewares/ST/STM32_USB_Device_Library/Class/CDC/Src/usbd_cdc.o
                0x0800cbec                USBD_CDC_RegisterInterface
 .text.USBD_CDC_SetTxBuffer
                0x0800cc20       0x44 ./Middlewares/ST/STM32_USB_Device_Library/Class/CDC/Src/usbd_cdc.o
                0x0800cc20                USBD_CDC_SetTxBuffer
 .text.USBD_CDC_SetRxBuffer
                0x0800cc64       0x3a ./Middlewares/ST/STM32_USB_Device_Library/Class/CDC/Src/usbd_cdc.o
                0x0800cc64                USBD_CDC_SetRxBuffer
 *fill*         0x0800cc9e        0x2 
 .text.USBD_CDC_TransmitPacket
                0x0800cca0       0x80 ./Middlewares/ST/STM32_USB_Device_Library/Class/CDC/Src/usbd_cdc.o
                0x0800cca0                USBD_CDC_TransmitPacket
 .text.USBD_CDC_ReceivePacket
                0x0800cd20       0x6c ./Middlewares/ST/STM32_USB_Device_Library/Class/CDC/Src/usbd_cdc.o
                0x0800cd20                USBD_CDC_ReceivePacket
 .text.USBD_Init
                0x0800cd8c       0x60 ./Middlewares/ST/STM32_USB_Device_Library/Core/Src/usbd_core.o
                0x0800cd8c                USBD_Init
 .text.USBD_RegisterClass
                0x0800cdec       0x6c ./Middlewares/ST/STM32_USB_Device_Library/Core/Src/usbd_core.o
                0x0800cdec                USBD_RegisterClass
 .text.USBD_Start
                0x0800ce58       0x18 ./Middlewares/ST/STM32_USB_Device_Library/Core/Src/usbd_core.o
                0x0800ce58                USBD_Start
 .text.USBD_RunTestMode
                0x0800ce70       0x16 ./Middlewares/ST/STM32_USB_Device_Library/Core/Src/usbd_core.o
                0x0800ce70                USBD_RunTestMode
 .text.USBD_SetClassConfig
                0x0800ce86       0x38 ./Middlewares/ST/STM32_USB_Device_Library/Core/Src/usbd_core.o
                0x0800ce86                USBD_SetClassConfig
 .text.USBD_ClrClassConfig
                0x0800cebe       0x34 ./Middlewares/ST/STM32_USB_Device_Library/Core/Src/usbd_core.o
                0x0800cebe                USBD_ClrClassConfig
 .text.USBD_LL_SetupStage
                0x0800cef2       0xaa ./Middlewares/ST/STM32_USB_Device_Library/Core/Src/usbd_core.o
                0x0800cef2                USBD_LL_SetupStage
 .text.USBD_LL_DataOutStage
                0x0800cf9c      0x178 ./Middlewares/ST/STM32_USB_Device_Library/Core/Src/usbd_core.o
                0x0800cf9c                USBD_LL_DataOutStage
 .text.USBD_LL_DataInStage
                0x0800d114      0x176 ./Middlewares/ST/STM32_USB_Device_Library/Core/Src/usbd_core.o
                0x0800d114                USBD_LL_DataInStage
 .text.USBD_LL_Reset
                0x0800d28a       0xa6 ./Middlewares/ST/STM32_USB_Device_Library/Core/Src/usbd_core.o
                0x0800d28a                USBD_LL_Reset
 .text.USBD_LL_SetSpeed
                0x0800d330       0x20 ./Middlewares/ST/STM32_USB_Device_Library/Core/Src/usbd_core.o
                0x0800d330                USBD_LL_SetSpeed
 .text.USBD_LL_Suspend
                0x0800d350       0x38 ./Middlewares/ST/STM32_USB_Device_Library/Core/Src/usbd_core.o
                0x0800d350                USBD_LL_Suspend
 .text.USBD_LL_Resume
                0x0800d388       0x30 ./Middlewares/ST/STM32_USB_Device_Library/Core/Src/usbd_core.o
                0x0800d388                USBD_LL_Resume
 .text.USBD_LL_SOF
                0x0800d3b8       0x40 ./Middlewares/ST/STM32_USB_Device_Library/Core/Src/usbd_core.o
                0x0800d3b8                USBD_LL_SOF
 .text.USBD_LL_IsoINIncomplete
                0x0800d3f8       0x64 ./Middlewares/ST/STM32_USB_Device_Library/Core/Src/usbd_core.o
                0x0800d3f8                USBD_LL_IsoINIncomplete
 .text.USBD_LL_IsoOUTIncomplete
                0x0800d45c       0x64 ./Middlewares/ST/STM32_USB_Device_Library/Core/Src/usbd_core.o
                0x0800d45c                USBD_LL_IsoOUTIncomplete
 .text.USBD_LL_DevConnected
                0x0800d4c0       0x16 ./Middlewares/ST/STM32_USB_Device_Library/Core/Src/usbd_core.o
                0x0800d4c0                USBD_LL_DevConnected
 .text.USBD_LL_DevDisconnected
                0x0800d4d6       0x46 ./Middlewares/ST/STM32_USB_Device_Library/Core/Src/usbd_core.o
                0x0800d4d6                USBD_LL_DevDisconnected
 .text.USBD_CoreFindIF
                0x0800d51c       0x1a ./Middlewares/ST/STM32_USB_Device_Library/Core/Src/usbd_core.o
                0x0800d51c                USBD_CoreFindIF
 .text.USBD_CoreFindEP
                0x0800d536       0x1a ./Middlewares/ST/STM32_USB_Device_Library/Core/Src/usbd_core.o
                0x0800d536                USBD_CoreFindEP
 .text.USBD_GetEpDesc
                0x0800d550       0x70 ./Middlewares/ST/STM32_USB_Device_Library/Core/Src/usbd_core.o
                0x0800d550                USBD_GetEpDesc
 .text.USBD_GetNextDesc
                0x0800d5c0       0x38 ./Middlewares/ST/STM32_USB_Device_Library/Core/Src/usbd_core.o
                0x0800d5c0                USBD_GetNextDesc
 .text.SWAPBYTE
                0x0800d5f8       0x3e ./Middlewares/ST/STM32_USB_Device_Library/Core/Src/usbd_ctlreq.o
 *fill*         0x0800d636        0x2 
 .text.USBD_StdDevReq
                0x0800d638       0xe4 ./Middlewares/ST/STM32_USB_Device_Library/Core/Src/usbd_ctlreq.o
                0x0800d638                USBD_StdDevReq
 .text.USBD_StdItfReq
                0x0800d71c       0xd8 ./Middlewares/ST/STM32_USB_Device_Library/Core/Src/usbd_ctlreq.o
                0x0800d71c                USBD_StdItfReq
 .text.USBD_StdEPReq
                0x0800d7f4      0x33e ./Middlewares/ST/STM32_USB_Device_Library/Core/Src/usbd_ctlreq.o
                0x0800d7f4                USBD_StdEPReq
 *fill*         0x0800db32        0x2 
 .text.USBD_GetDescriptor
                0x0800db34      0x2d4 ./Middlewares/ST/STM32_USB_Device_Library/Core/Src/usbd_ctlreq.o
 .text.USBD_SetAddress
                0x0800de08       0x88 ./Middlewares/ST/STM32_USB_Device_Library/Core/Src/usbd_ctlreq.o
 .text.USBD_SetConfig
                0x0800de90      0x154 ./Middlewares/ST/STM32_USB_Device_Library/Core/Src/usbd_ctlreq.o
 .text.USBD_GetConfig
                0x0800dfe4       0x6c ./Middlewares/ST/STM32_USB_Device_Library/Core/Src/usbd_ctlreq.o
 .text.USBD_GetStatus
                0x0800e050       0x68 ./Middlewares/ST/STM32_USB_Device_Library/Core/Src/usbd_ctlreq.o
 .text.USBD_SetFeature
                0x0800e0b8       0x52 ./Middlewares/ST/STM32_USB_Device_Library/Core/Src/usbd_ctlreq.o
 .text.USBD_ClrFeature
                0x0800e10a       0x44 ./Middlewares/ST/STM32_USB_Device_Library/Core/Src/usbd_ctlreq.o
 .text.USBD_ParseSetupRequest
                0x0800e14e       0x74 ./Middlewares/ST/STM32_USB_Device_Library/Core/Src/usbd_ctlreq.o
                0x0800e14e                USBD_ParseSetupRequest
 .text.USBD_CtlError
                0x0800e1c2       0x22 ./Middlewares/ST/STM32_USB_Device_Library/Core/Src/usbd_ctlreq.o
                0x0800e1c2                USBD_CtlError
 .text.USBD_GetString
                0x0800e1e4       0xa4 ./Middlewares/ST/STM32_USB_Device_Library/Core/Src/usbd_ctlreq.o
                0x0800e1e4                USBD_GetString
 .text.USBD_GetLen
                0x0800e288       0x34 ./Middlewares/ST/STM32_USB_Device_Library/Core/Src/usbd_ctlreq.o
 .text.USBD_CtlSendData
                0x0800e2bc       0x3c ./Middlewares/ST/STM32_USB_Device_Library/Core/Src/usbd_ioreq.o
                0x0800e2bc                USBD_CtlSendData
 .text.USBD_CtlContinueSendData
                0x0800e2f8       0x22 ./Middlewares/ST/STM32_USB_Device_Library/Core/Src/usbd_ioreq.o
                0x0800e2f8                USBD_CtlContinueSendData
 .text.USBD_CtlPrepareRx
                0x0800e31a       0x42 ./Middlewares/ST/STM32_USB_Device_Library/Core/Src/usbd_ioreq.o
                0x0800e31a                USBD_CtlPrepareRx
 .text.USBD_CtlContinueRx
                0x0800e35c       0x22 ./Middlewares/ST/STM32_USB_Device_Library/Core/Src/usbd_ioreq.o
                0x0800e35c                USBD_CtlContinueRx
 .text.USBD_CtlSendStatus
                0x0800e37e       0x26 ./Middlewares/ST/STM32_USB_Device_Library/Core/Src/usbd_ioreq.o
                0x0800e37e                USBD_CtlSendStatus
 .text.USBD_CtlReceiveStatus
                0x0800e3a4       0x26 ./Middlewares/ST/STM32_USB_Device_Library/Core/Src/usbd_ioreq.o
                0x0800e3a4                USBD_CtlReceiveStatus
 *fill*         0x0800e3ca        0x2 
 .text.MX_USB_DEVICE_Init
                0x0800e3cc       0x60 ./USB_DEVICE/App/usb_device.o
                0x0800e3cc                MX_USB_DEVICE_Init
 .text.CDC_Init_FS
                0x0800e42c       0x28 ./USB_DEVICE/App/usbd_cdc_if.o
 .text.CDC_DeInit_FS
                0x0800e454       0x10 ./USB_DEVICE/App/usbd_cdc_if.o
 .text.CDC_Control_FS
                0x0800e464      0x15c ./USB_DEVICE/App/usbd_cdc_if.o
 .text.CDC_Receive_FS
                0x0800e5c0       0x44 ./USB_DEVICE/App/usbd_cdc_if.o
 .text.CDC_Transmit_FS
                0x0800e604       0x4c ./USB_DEVICE/App/usbd_cdc_if.o
                0x0800e604                CDC_Transmit_FS
 .text.CDC_TransmitCplt_FS
                0x0800e650       0x22 ./USB_DEVICE/App/usbd_cdc_if.o
 *fill*         0x0800e672        0x2 
 .text.CDC_AttachRxData
                0x0800e674       0x20 ./USB_DEVICE/App/usbd_cdc_if.o
                0x0800e674                CDC_AttachRxData
 .text.USBD_FS_DeviceDescriptor
                0x0800e694       0x24 ./USB_DEVICE/App/usbd_desc.o
                0x0800e694                USBD_FS_DeviceDescriptor
 .text.USBD_FS_LangIDStrDescriptor
                0x0800e6b8       0x24 ./USB_DEVICE/App/usbd_desc.o
                0x0800e6b8                USBD_FS_LangIDStrDescriptor
 .text.USBD_FS_ProductStrDescriptor
                0x0800e6dc       0x3c ./USB_DEVICE/App/usbd_desc.o
                0x0800e6dc                USBD_FS_ProductStrDescriptor
 .text.USBD_FS_ManufacturerStrDescriptor
                0x0800e718       0x28 ./USB_DEVICE/App/usbd_desc.o
                0x0800e718                USBD_FS_ManufacturerStrDescriptor
 .text.USBD_FS_SerialStrDescriptor
                0x0800e740       0x24 ./USB_DEVICE/App/usbd_desc.o
                0x0800e740                USBD_FS_SerialStrDescriptor
 .text.USBD_FS_ConfigStrDescriptor
                0x0800e764       0x3c ./USB_DEVICE/App/usbd_desc.o
                0x0800e764                USBD_FS_ConfigStrDescriptor
 .text.USBD_FS_InterfaceStrDescriptor
                0x0800e7a0       0x3c ./USB_DEVICE/App/usbd_desc.o
                0x0800e7a0                USBD_FS_InterfaceStrDescriptor
 .text.Get_SerialNum
                0x0800e7dc       0x58 ./USB_DEVICE/App/usbd_desc.o
 .text.IntToUnicode
                0x0800e834       0x7e ./USB_DEVICE/App/usbd_desc.o
 *fill*         0x0800e8b2        0x2 
 .text.HAL_PCD_MspInit
                0x0800e8b4       0xa8 ./USB_DEVICE/Target/usbd_conf.o
                0x0800e8b4                HAL_PCD_MspInit
 .text.HAL_PCD_SetupStageCallback
                0x0800e95c       0x24 ./USB_DEVICE/Target/usbd_conf.o
                0x0800e95c                HAL_PCD_SetupStageCallback
 .text.HAL_PCD_DataOutStageCallback
                0x0800e980       0x36 ./USB_DEVICE/Target/usbd_conf.o
                0x0800e980                HAL_PCD_DataOutStageCallback
 .text.HAL_PCD_DataInStageCallback
                0x0800e9b6       0x34 ./USB_DEVICE/Target/usbd_conf.o
                0x0800e9b6                HAL_PCD_DataInStageCallback
 .text.HAL_PCD_SOFCallback
                0x0800e9ea       0x1c ./USB_DEVICE/Target/usbd_conf.o
                0x0800e9ea                HAL_PCD_SOFCallback
 .text.HAL_PCD_ResetCallback
                0x0800ea06       0x3c ./USB_DEVICE/Target/usbd_conf.o
                0x0800ea06                HAL_PCD_ResetCallback
 *fill*         0x0800ea42        0x2 
 .text.HAL_PCD_SuspendCallback
                0x0800ea44       0x4c ./USB_DEVICE/Target/usbd_conf.o
                0x0800ea44                HAL_PCD_SuspendCallback
 .text.HAL_PCD_ResumeCallback
                0x0800ea90       0x1c ./USB_DEVICE/Target/usbd_conf.o
                0x0800ea90                HAL_PCD_ResumeCallback
 .text.HAL_PCD_ISOOUTIncompleteCallback
                0x0800eaac       0x24 ./USB_DEVICE/Target/usbd_conf.o
                0x0800eaac                HAL_PCD_ISOOUTIncompleteCallback
 .text.HAL_PCD_ISOINIncompleteCallback
                0x0800ead0       0x24 ./USB_DEVICE/Target/usbd_conf.o
                0x0800ead0                HAL_PCD_ISOINIncompleteCallback
 .text.HAL_PCD_ConnectCallback
                0x0800eaf4       0x1c ./USB_DEVICE/Target/usbd_conf.o
                0x0800eaf4                HAL_PCD_ConnectCallback
 .text.HAL_PCD_DisconnectCallback
                0x0800eb10       0x1c ./USB_DEVICE/Target/usbd_conf.o
                0x0800eb10                HAL_PCD_DisconnectCallback
 .text.USBD_LL_Init
                0x0800eb2c       0x98 ./USB_DEVICE/Target/usbd_conf.o
                0x0800eb2c                USBD_LL_Init
 .text.USBD_LL_Start
                0x0800ebc4       0x36 ./USB_DEVICE/Target/usbd_conf.o
                0x0800ebc4                USBD_LL_Start
 .text.USBD_LL_OpenEP
                0x0800ebfa       0x4c ./USB_DEVICE/Target/usbd_conf.o
                0x0800ebfa                USBD_LL_OpenEP
 .text.USBD_LL_CloseEP
                0x0800ec46       0x3e ./USB_DEVICE/Target/usbd_conf.o
                0x0800ec46                USBD_LL_CloseEP
 .text.USBD_LL_StallEP
                0x0800ec84       0x3e ./USB_DEVICE/Target/usbd_conf.o
                0x0800ec84                USBD_LL_StallEP
 .text.USBD_LL_ClearStallEP
                0x0800ecc2       0x3e ./USB_DEVICE/Target/usbd_conf.o
                0x0800ecc2                USBD_LL_ClearStallEP
 .text.USBD_LL_IsStallEP
                0x0800ed00       0x58 ./USB_DEVICE/Target/usbd_conf.o
                0x0800ed00                USBD_LL_IsStallEP
 .text.USBD_LL_SetUSBAddress
                0x0800ed58       0x3e ./USB_DEVICE/Target/usbd_conf.o
                0x0800ed58                USBD_LL_SetUSBAddress
 .text.USBD_LL_Transmit
                0x0800ed96       0x42 ./USB_DEVICE/Target/usbd_conf.o
                0x0800ed96                USBD_LL_Transmit
 .text.USBD_LL_PrepareReceive
                0x0800edd8       0x42 ./USB_DEVICE/Target/usbd_conf.o
                0x0800edd8                USBD_LL_PrepareReceive
 .text.USBD_LL_GetRxDataSize
                0x0800ee1a       0x26 ./USB_DEVICE/Target/usbd_conf.o
                0x0800ee1a                USBD_LL_GetRxDataSize
 .text.USBD_static_malloc
                0x0800ee40       0x1c ./USB_DEVICE/Target/usbd_conf.o
                0x0800ee40                USBD_static_malloc
 .text.USBD_static_free
                0x0800ee5c       0x14 ./USB_DEVICE/Target/usbd_conf.o
                0x0800ee5c                USBD_static_free
 .text.USBD_Get_USB_Status
                0x0800ee70       0x58 ./USB_DEVICE/Target/usbd_conf.o
                0x0800ee70                USBD_Get_USB_Status
 .text.malloc   0x0800eec8       0x10 E:/STM/ID/STM32CubeIDE_1.18.1/STM32CubeIDE/plugins/com.st.stm32cube.ide.mcu.externaltools.gnu-tools-for-stm32.13.3.rel1.win32_1.0.0.202411081344/tools/bin/../lib/gcc/arm-none-eabi/13.3.1/../../../../arm-none-eabi/lib/thumb/v7e-m+fp/hard\libc_nano.a(libc_a-malloc.o)
                0x0800eec8                malloc
 .text.sbrk_aligned
                0x0800eed8       0x44 E:/STM/ID/STM32CubeIDE_1.18.1/STM32CubeIDE/plugins/com.st.stm32cube.ide.mcu.externaltools.gnu-tools-for-stm32.13.3.rel1.win32_1.0.0.202411081344/tools/bin/../lib/gcc/arm-none-eabi/13.3.1/../../../../arm-none-eabi/lib/thumb/v7e-m+fp/hard\libc_nano.a(libc_a-mallocr.o)
 .text._malloc_r
                0x0800ef1c      0x100 E:/STM/ID/STM32CubeIDE_1.18.1/STM32CubeIDE/plugins/com.st.stm32cube.ide.mcu.externaltools.gnu-tools-for-stm32.13.3.rel1.win32_1.0.0.202411081344/tools/bin/../lib/gcc/arm-none-eabi/13.3.1/../../../../arm-none-eabi/lib/thumb/v7e-m+fp/hard\libc_nano.a(libc_a-mallocr.o)
                0x0800ef1c                _malloc_r
 .text.__malloc_lock
                0x0800f01c        0xc E:/STM/ID/STM32CubeIDE_1.18.1/STM32CubeIDE/plugins/com.st.stm32cube.ide.mcu.externaltools.gnu-tools-for-stm32.13.3.rel1.win32_1.0.0.202411081344/tools/bin/../lib/gcc/arm-none-eabi/13.3.1/../../../../arm-none-eabi/lib/thumb/v7e-m+fp/hard\libc_nano.a(libc_a-mlock.o)
                0x0800f01c                __malloc_lock
 .text.__malloc_unlock
                0x0800f028        0xc E:/STM/ID/STM32CubeIDE_1.18.1/STM32CubeIDE/plugins/com.st.stm32cube.ide.mcu.externaltools.gnu-tools-for-stm32.13.3.rel1.win32_1.0.0.202411081344/tools/bin/../lib/gcc/arm-none-eabi/13.3.1/../../../../arm-none-eabi/lib/thumb/v7e-m+fp/hard\libc_nano.a(libc_a-mlock.o)
                0x0800f028                __malloc_unlock
 .text.__cvt    0x0800f034       0xca E:/STM/ID/STM32CubeIDE_1.18.1/STM32CubeIDE/plugins/com.st.stm32cube.ide.mcu.externaltools.gnu-tools-for-stm32.13.3.rel1.win32_1.0.0.202411081344/tools/bin/../lib/gcc/arm-none-eabi/13.3.1/../../../../arm-none-eabi/lib/thumb/v7e-m+fp/hard\libc_nano.a(libc_a-nano-vfprintf_float.o)
                0x0800f034                __cvt
 .text.__exponent
                0x0800f0fe       0x74 E:/STM/ID/STM32CubeIDE_1.18.1/STM32CubeIDE/plugins/com.st.stm32cube.ide.mcu.externaltools.gnu-tools-for-stm32.13.3.rel1.win32_1.0.0.202411081344/tools/bin/../lib/gcc/arm-none-eabi/13.3.1/../../../../arm-none-eabi/lib/thumb/v7e-m+fp/hard\libc_nano.a(libc_a-nano-vfprintf_float.o)
                0x0800f0fe                __exponent
 *fill*         0x0800f172        0x2 
 .text._printf_float
                0x0800f174      0x454 E:/STM/ID/STM32CubeIDE_1.18.1/STM32CubeIDE/plugins/com.st.stm32cube.ide.mcu.externaltools.gnu-tools-for-stm32.13.3.rel1.win32_1.0.0.202411081344/tools/bin/../lib/gcc/arm-none-eabi/13.3.1/../../../../arm-none-eabi/lib/thumb/v7e-m+fp/hard\libc_nano.a(libc_a-nano-vfprintf_float.o)
                0x0800f174                _printf_float
 .text._printf_common
                0x0800f5c8       0xda E:/STM/ID/STM32CubeIDE_1.18.1/STM32CubeIDE/plugins/com.st.stm32cube.ide.mcu.externaltools.gnu-tools-for-stm32.13.3.rel1.win32_1.0.0.202411081344/tools/bin/../lib/gcc/arm-none-eabi/13.3.1/../../../../arm-none-eabi/lib/thumb/v7e-m+fp/hard\libc_nano.a(libc_a-nano-vfprintf_i.o)
                0x0800f5c8                _printf_common
 *fill*         0x0800f6a2        0x2 
 .text._printf_i
                0x0800f6a4      0x23c E:/STM/ID/STM32CubeIDE_1.18.1/STM32CubeIDE/plugins/com.st.stm32cube.ide.mcu.externaltools.gnu-tools-for-stm32.13.3.rel1.win32_1.0.0.202411081344/tools/bin/../lib/gcc/arm-none-eabi/13.3.1/../../../../arm-none-eabi/lib/thumb/v7e-m+fp/hard\libc_nano.a(libc_a-nano-vfprintf_i.o)
                0x0800f6a4                _printf_i
 .text._scanf_float
                0x0800f8e0      0x41c E:/STM/ID/STM32CubeIDE_1.18.1/STM32CubeIDE/plugins/com.st.stm32cube.ide.mcu.externaltools.gnu-tools-for-stm32.13.3.rel1.win32_1.0.0.202411081344/tools/bin/../lib/gcc/arm-none-eabi/13.3.1/../../../../arm-none-eabi/lib/thumb/v7e-m+fp/hard\libc_nano.a(libc_a-nano-vfscanf_float.o)
                0x0800f8e0                _scanf_float
 .text.std      0x0800fcfc       0x6c E:/STM/ID/STM32CubeIDE_1.18.1/STM32CubeIDE/plugins/com.st.stm32cube.ide.mcu.externaltools.gnu-tools-for-stm32.13.3.rel1.win32_1.0.0.202411081344/tools/bin/../lib/gcc/arm-none-eabi/13.3.1/../../../../arm-none-eabi/lib/thumb/v7e-m+fp/hard\libc_nano.a(libc_a-findfp.o)
 .text.stdio_exit_handler
                0x0800fd68       0x18 E:/STM/ID/STM32CubeIDE_1.18.1/STM32CubeIDE/plugins/com.st.stm32cube.ide.mcu.externaltools.gnu-tools-for-stm32.13.3.rel1.win32_1.0.0.202411081344/tools/bin/../lib/gcc/arm-none-eabi/13.3.1/../../../../arm-none-eabi/lib/thumb/v7e-m+fp/hard\libc_nano.a(libc_a-findfp.o)
 .text.cleanup_stdio
                0x0800fd80       0x40 E:/STM/ID/STM32CubeIDE_1.18.1/STM32CubeIDE/plugins/com.st.stm32cube.ide.mcu.externaltools.gnu-tools-for-stm32.13.3.rel1.win32_1.0.0.202411081344/tools/bin/../lib/gcc/arm-none-eabi/13.3.1/../../../../arm-none-eabi/lib/thumb/v7e-m+fp/hard\libc_nano.a(libc_a-findfp.o)
 .text.global_stdio_init.part.0
                0x0800fdc0       0x3c E:/STM/ID/STM32CubeIDE_1.18.1/STM32CubeIDE/plugins/com.st.stm32cube.ide.mcu.externaltools.gnu-tools-for-stm32.13.3.rel1.win32_1.0.0.202411081344/tools/bin/../lib/gcc/arm-none-eabi/13.3.1/../../../../arm-none-eabi/lib/thumb/v7e-m+fp/hard\libc_nano.a(libc_a-findfp.o)
 .text.__sfp_lock_acquire
                0x0800fdfc        0xc E:/STM/ID/STM32CubeIDE_1.18.1/STM32CubeIDE/plugins/com.st.stm32cube.ide.mcu.externaltools.gnu-tools-for-stm32.13.3.rel1.win32_1.0.0.202411081344/tools/bin/../lib/gcc/arm-none-eabi/13.3.1/../../../../arm-none-eabi/lib/thumb/v7e-m+fp/hard\libc_nano.a(libc_a-findfp.o)
                0x0800fdfc                __sfp_lock_acquire
 .text.__sfp_lock_release
                0x0800fe08        0xc E:/STM/ID/STM32CubeIDE_1.18.1/STM32CubeIDE/plugins/com.st.stm32cube.ide.mcu.externaltools.gnu-tools-for-stm32.13.3.rel1.win32_1.0.0.202411081344/tools/bin/../lib/gcc/arm-none-eabi/13.3.1/../../../../arm-none-eabi/lib/thumb/v7e-m+fp/hard\libc_nano.a(libc_a-findfp.o)
                0x0800fe08                __sfp_lock_release
 .text.__sinit  0x0800fe14       0x30 E:/STM/ID/STM32CubeIDE_1.18.1/STM32CubeIDE/plugins/com.st.stm32cube.ide.mcu.externaltools.gnu-tools-for-stm32.13.3.rel1.win32_1.0.0.202411081344/tools/bin/../lib/gcc/arm-none-eabi/13.3.1/../../../../arm-none-eabi/lib/thumb/v7e-m+fp/hard\libc_nano.a(libc_a-findfp.o)
                0x0800fe14                __sinit
 .text._fwalk_sglue
                0x0800fe44       0x3c E:/STM/ID/STM32CubeIDE_1.18.1/STM32CubeIDE/plugins/com.st.stm32cube.ide.mcu.externaltools.gnu-tools-for-stm32.13.3.rel1.win32_1.0.0.202411081344/tools/bin/../lib/gcc/arm-none-eabi/13.3.1/../../../../arm-none-eabi/lib/thumb/v7e-m+fp/hard\libc_nano.a(libc_a-fwalk.o)
                0x0800fe44                _fwalk_sglue
 .text.sprintf  0x0800fe80       0x44 E:/STM/ID/STM32CubeIDE_1.18.1/STM32CubeIDE/plugins/com.st.stm32cube.ide.mcu.externaltools.gnu-tools-for-stm32.13.3.rel1.win32_1.0.0.202411081344/tools/bin/../lib/gcc/arm-none-eabi/13.3.1/../../../../arm-none-eabi/lib/thumb/v7e-m+fp/hard\libc_nano.a(libc_a-sprintf.o)
                0x0800fe80                siprintf
                0x0800fe80                sprintf
 .text.__sread  0x0800fec4       0x22 E:/STM/ID/STM32CubeIDE_1.18.1/STM32CubeIDE/plugins/com.st.stm32cube.ide.mcu.externaltools.gnu-tools-for-stm32.13.3.rel1.win32_1.0.0.202411081344/tools/bin/../lib/gcc/arm-none-eabi/13.3.1/../../../../arm-none-eabi/lib/thumb/v7e-m+fp/hard\libc_nano.a(libc_a-stdio.o)
                0x0800fec4                __sread
 .text.__swrite
                0x0800fee6       0x38 E:/STM/ID/STM32CubeIDE_1.18.1/STM32CubeIDE/plugins/com.st.stm32cube.ide.mcu.externaltools.gnu-tools-for-stm32.13.3.rel1.win32_1.0.0.202411081344/tools/bin/../lib/gcc/arm-none-eabi/13.3.1/../../../../arm-none-eabi/lib/thumb/v7e-m+fp/hard\libc_nano.a(libc_a-stdio.o)
                0x0800fee6                __swrite
 .text.__sseek  0x0800ff1e       0x24 E:/STM/ID/STM32CubeIDE_1.18.1/STM32CubeIDE/plugins/com.st.stm32cube.ide.mcu.externaltools.gnu-tools-for-stm32.13.3.rel1.win32_1.0.0.202411081344/tools/bin/../lib/gcc/arm-none-eabi/13.3.1/../../../../arm-none-eabi/lib/thumb/v7e-m+fp/hard\libc_nano.a(libc_a-stdio.o)
                0x0800ff1e                __sseek
 .text.__sclose
                0x0800ff42        0x8 E:/STM/ID/STM32CubeIDE_1.18.1/STM32CubeIDE/plugins/com.st.stm32cube.ide.mcu.externaltools.gnu-tools-for-stm32.13.3.rel1.win32_1.0.0.202411081344/tools/bin/../lib/gcc/arm-none-eabi/13.3.1/../../../../arm-none-eabi/lib/thumb/v7e-m+fp/hard\libc_nano.a(libc_a-stdio.o)
                0x0800ff42                __sclose
 .text.memset   0x0800ff4a       0x10 E:/STM/ID/STM32CubeIDE_1.18.1/STM32CubeIDE/plugins/com.st.stm32cube.ide.mcu.externaltools.gnu-tools-for-stm32.13.3.rel1.win32_1.0.0.202411081344/tools/bin/../lib/gcc/arm-none-eabi/13.3.1/../../../../arm-none-eabi/lib/thumb/v7e-m+fp/hard\libc_nano.a(libc_a-memset.o)
                0x0800ff4a                memset
 *fill*         0x0800ff5a        0x2 
 .text._localeconv_r
                0x0800ff5c        0x8 E:/STM/ID/STM32CubeIDE_1.18.1/STM32CubeIDE/plugins/com.st.stm32cube.ide.mcu.externaltools.gnu-tools-for-stm32.13.3.rel1.win32_1.0.0.202411081344/tools/bin/../lib/gcc/arm-none-eabi/13.3.1/../../../../arm-none-eabi/lib/thumb/v7e-m+fp/hard\libc_nano.a(libc_a-localeconv.o)
                0x0800ff5c                _localeconv_r
 .text._close_r
                0x0800ff64       0x20 E:/STM/ID/STM32CubeIDE_1.18.1/STM32CubeIDE/plugins/com.st.stm32cube.ide.mcu.externaltools.gnu-tools-for-stm32.13.3.rel1.win32_1.0.0.202411081344/tools/bin/../lib/gcc/arm-none-eabi/13.3.1/../../../../arm-none-eabi/lib/thumb/v7e-m+fp/hard\libc_nano.a(libc_a-closer.o)
                0x0800ff64                _close_r
 .text._lseek_r
                0x0800ff84       0x24 E:/STM/ID/STM32CubeIDE_1.18.1/STM32CubeIDE/plugins/com.st.stm32cube.ide.mcu.externaltools.gnu-tools-for-stm32.13.3.rel1.win32_1.0.0.202411081344/tools/bin/../lib/gcc/arm-none-eabi/13.3.1/../../../../arm-none-eabi/lib/thumb/v7e-m+fp/hard\libc_nano.a(libc_a-lseekr.o)
                0x0800ff84                _lseek_r
 .text._read_r  0x0800ffa8       0x24 E:/STM/ID/STM32CubeIDE_1.18.1/STM32CubeIDE/plugins/com.st.stm32cube.ide.mcu.externaltools.gnu-tools-for-stm32.13.3.rel1.win32_1.0.0.202411081344/tools/bin/../lib/gcc/arm-none-eabi/13.3.1/../../../../arm-none-eabi/lib/thumb/v7e-m+fp/hard\libc_nano.a(libc_a-readr.o)
                0x0800ffa8                _read_r
 .text._sbrk_r  0x0800ffcc       0x20 E:/STM/ID/STM32CubeIDE_1.18.1/STM32CubeIDE/plugins/com.st.stm32cube.ide.mcu.externaltools.gnu-tools-for-stm32.13.3.rel1.win32_1.0.0.202411081344/tools/bin/../lib/gcc/arm-none-eabi/13.3.1/../../../../arm-none-eabi/lib/thumb/v7e-m+fp/hard\libc_nano.a(libc_a-sbrkr.o)
                0x0800ffcc                _sbrk_r
 .text._write_r
                0x0800ffec       0x24 E:/STM/ID/STM32CubeIDE_1.18.1/STM32CubeIDE/plugins/com.st.stm32cube.ide.mcu.externaltools.gnu-tools-for-stm32.13.3.rel1.win32_1.0.0.202411081344/tools/bin/../lib/gcc/arm-none-eabi/13.3.1/../../../../arm-none-eabi/lib/thumb/v7e-m+fp/hard\libc_nano.a(libc_a-writer.o)
                0x0800ffec                _write_r
 .text.__errno  0x08010010        0xc E:/STM/ID/STM32CubeIDE_1.18.1/STM32CubeIDE/plugins/com.st.stm32cube.ide.mcu.externaltools.gnu-tools-for-stm32.13.3.rel1.win32_1.0.0.202411081344/tools/bin/../lib/gcc/arm-none-eabi/13.3.1/../../../../arm-none-eabi/lib/thumb/v7e-m+fp/hard\libc_nano.a(libc_a-errno.o)
                0x08010010                __errno
 .text.__libc_init_array
                0x0801001c       0x48 E:/STM/ID/STM32CubeIDE_1.18.1/STM32CubeIDE/plugins/com.st.stm32cube.ide.mcu.externaltools.gnu-tools-for-stm32.13.3.rel1.win32_1.0.0.202411081344/tools/bin/../lib/gcc/arm-none-eabi/13.3.1/../../../../arm-none-eabi/lib/thumb/v7e-m+fp/hard\libc_nano.a(libc_a-init.o)
                0x0801001c                __libc_init_array
 .text.__retarget_lock_init_recursive
                0x08010064        0x2 E:/STM/ID/STM32CubeIDE_1.18.1/STM32CubeIDE/plugins/com.st.stm32cube.ide.mcu.externaltools.gnu-tools-for-stm32.13.3.rel1.win32_1.0.0.202411081344/tools/bin/../lib/gcc/arm-none-eabi/13.3.1/../../../../arm-none-eabi/lib/thumb/v7e-m+fp/hard\libc_nano.a(libc_a-lock.o)
                0x08010064                __retarget_lock_init_recursive
 .text.__retarget_lock_acquire_recursive
                0x08010066        0x2 E:/STM/ID/STM32CubeIDE_1.18.1/STM32CubeIDE/plugins/com.st.stm32cube.ide.mcu.externaltools.gnu-tools-for-stm32.13.3.rel1.win32_1.0.0.202411081344/tools/bin/../lib/gcc/arm-none-eabi/13.3.1/../../../../arm-none-eabi/lib/thumb/v7e-m+fp/hard\libc_nano.a(libc_a-lock.o)
                0x08010066                __retarget_lock_acquire_recursive
 .text.__retarget_lock_release_recursive
                0x08010068        0x2 E:/STM/ID/STM32CubeIDE_1.18.1/STM32CubeIDE/plugins/com.st.stm32cube.ide.mcu.externaltools.gnu-tools-for-stm32.13.3.rel1.win32_1.0.0.202411081344/tools/bin/../lib/gcc/arm-none-eabi/13.3.1/../../../../arm-none-eabi/lib/thumb/v7e-m+fp/hard\libc_nano.a(libc_a-lock.o)
                0x08010068                __retarget_lock_release_recursive
 *fill*         0x0801006a        0x2 
 .text.nanf     0x0801006c        0xc E:/STM/ID/STM32CubeIDE_1.18.1/STM32CubeIDE/plugins/com.st.stm32cube.ide.mcu.externaltools.gnu-tools-for-stm32.13.3.rel1.win32_1.0.0.202411081344/tools/bin/../lib/gcc/arm-none-eabi/13.3.1/../../../../arm-none-eabi/lib/thumb/v7e-m+fp/hard\libc_nano.a(libm_a-sf_nan.o)
                0x0801006c                nanf
 .text.quorem   0x08010078      0x110 E:/STM/ID/STM32CubeIDE_1.18.1/STM32CubeIDE/plugins/com.st.stm32cube.ide.mcu.externaltools.gnu-tools-for-stm32.13.3.rel1.win32_1.0.0.202411081344/tools/bin/../lib/gcc/arm-none-eabi/13.3.1/../../../../arm-none-eabi/lib/thumb/v7e-m+fp/hard\libc_nano.a(libc_a-dtoa.o)
 .text._dtoa_r  0x08010188      0xba0 E:/STM/ID/STM32CubeIDE_1.18.1/STM32CubeIDE/plugins/com.st.stm32cube.ide.mcu.externaltools.gnu-tools-for-stm32.13.3.rel1.win32_1.0.0.202411081344/tools/bin/../lib/gcc/arm-none-eabi/13.3.1/../../../../arm-none-eabi/lib/thumb/v7e-m+fp/hard\libc_nano.a(libc_a-dtoa.o)
                0x08010188                _dtoa_r
 .text._free_r  0x08010d28       0x94 E:/STM/ID/STM32CubeIDE_1.18.1/STM32CubeIDE/plugins/com.st.stm32cube.ide.mcu.externaltools.gnu-tools-for-stm32.13.3.rel1.win32_1.0.0.202411081344/tools/bin/../lib/gcc/arm-none-eabi/13.3.1/../../../../arm-none-eabi/lib/thumb/v7e-m+fp/hard\libc_nano.a(libc_a-freer.o)
                0x08010d28                _free_r
 .text._Balloc  0x08010dbc       0x80 E:/STM/ID/STM32CubeIDE_1.18.1/STM32CubeIDE/plugins/com.st.stm32cube.ide.mcu.externaltools.gnu-tools-for-stm32.13.3.rel1.win32_1.0.0.202411081344/tools/bin/../lib/gcc/arm-none-eabi/13.3.1/../../../../arm-none-eabi/lib/thumb/v7e-m+fp/hard\libc_nano.a(libc_a-mprec.o)
                0x08010dbc                _Balloc
 .text._Bfree   0x08010e3c       0x44 E:/STM/ID/STM32CubeIDE_1.18.1/STM32CubeIDE/plugins/com.st.stm32cube.ide.mcu.externaltools.gnu-tools-for-stm32.13.3.rel1.win32_1.0.0.202411081344/tools/bin/../lib/gcc/arm-none-eabi/13.3.1/../../../../arm-none-eabi/lib/thumb/v7e-m+fp/hard\libc_nano.a(libc_a-mprec.o)
                0x08010e3c                _Bfree
 .text.__multadd
                0x08010e80       0x8c E:/STM/ID/STM32CubeIDE_1.18.1/STM32CubeIDE/plugins/com.st.stm32cube.ide.mcu.externaltools.gnu-tools-for-stm32.13.3.rel1.win32_1.0.0.202411081344/tools/bin/../lib/gcc/arm-none-eabi/13.3.1/../../../../arm-none-eabi/lib/thumb/v7e-m+fp/hard\libc_nano.a(libc_a-mprec.o)
                0x08010e80                __multadd
 .text.__s2b    0x08010f0c       0x94 E:/STM/ID/STM32CubeIDE_1.18.1/STM32CubeIDE/plugins/com.st.stm32cube.ide.mcu.externaltools.gnu-tools-for-stm32.13.3.rel1.win32_1.0.0.202411081344/tools/bin/../lib/gcc/arm-none-eabi/13.3.1/../../../../arm-none-eabi/lib/thumb/v7e-m+fp/hard\libc_nano.a(libc_a-mprec.o)
                0x08010f0c                __s2b
 .text.__hi0bits
                0x08010fa0       0x3e E:/STM/ID/STM32CubeIDE_1.18.1/STM32CubeIDE/plugins/com.st.stm32cube.ide.mcu.externaltools.gnu-tools-for-stm32.13.3.rel1.win32_1.0.0.202411081344/tools/bin/../lib/gcc/arm-none-eabi/13.3.1/../../../../arm-none-eabi/lib/thumb/v7e-m+fp/hard\libc_nano.a(libc_a-mprec.o)
                0x08010fa0                __hi0bits
 .text.__lo0bits
                0x08010fde       0x5a E:/STM/ID/STM32CubeIDE_1.18.1/STM32CubeIDE/plugins/com.st.stm32cube.ide.mcu.externaltools.gnu-tools-for-stm32.13.3.rel1.win32_1.0.0.202411081344/tools/bin/../lib/gcc/arm-none-eabi/13.3.1/../../../../arm-none-eabi/lib/thumb/v7e-m+fp/hard\libc_nano.a(libc_a-mprec.o)
                0x08010fde                __lo0bits
 .text.__i2b    0x08011038       0x2c E:/STM/ID/STM32CubeIDE_1.18.1/STM32CubeIDE/plugins/com.st.stm32cube.ide.mcu.externaltools.gnu-tools-for-stm32.13.3.rel1.win32_1.0.0.202411081344/tools/bin/../lib/gcc/arm-none-eabi/13.3.1/../../../../arm-none-eabi/lib/thumb/v7e-m+fp/hard\libc_nano.a(libc_a-mprec.o)
                0x08011038                __i2b
 .text.__multiply
                0x08011064      0x144 E:/STM/ID/STM32CubeIDE_1.18.1/STM32CubeIDE/plugins/com.st.stm32cube.ide.mcu.externaltools.gnu-tools-for-stm32.13.3.rel1.win32_1.0.0.202411081344/tools/bin/../lib/gcc/arm-none-eabi/13.3.1/../../../../arm-none-eabi/lib/thumb/v7e-m+fp/hard\libc_nano.a(libc_a-mprec.o)
                0x08011064                __multiply
 .text.__pow5mult
                0x080111a8       0xb4 E:/STM/ID/STM32CubeIDE_1.18.1/STM32CubeIDE/plugins/com.st.stm32cube.ide.mcu.externaltools.gnu-tools-for-stm32.13.3.rel1.win32_1.0.0.202411081344/tools/bin/../lib/gcc/arm-none-eabi/13.3.1/../../../../arm-none-eabi/lib/thumb/v7e-m+fp/hard\libc_nano.a(libc_a-mprec.o)
                0x080111a8                __pow5mult
 .text.__lshift
                0x0801125c       0xd8 E:/STM/ID/STM32CubeIDE_1.18.1/STM32CubeIDE/plugins/com.st.stm32cube.ide.mcu.externaltools.gnu-tools-for-stm32.13.3.rel1.win32_1.0.0.202411081344/tools/bin/../lib/gcc/arm-none-eabi/13.3.1/../../../../arm-none-eabi/lib/thumb/v7e-m+fp/hard\libc_nano.a(libc_a-mprec.o)
                0x0801125c                __lshift
 .text.__mcmp   0x08011334       0x36 E:/STM/ID/STM32CubeIDE_1.18.1/STM32CubeIDE/plugins/com.st.stm32cube.ide.mcu.externaltools.gnu-tools-for-stm32.13.3.rel1.win32_1.0.0.202411081344/tools/bin/../lib/gcc/arm-none-eabi/13.3.1/../../../../arm-none-eabi/lib/thumb/v7e-m+fp/hard\libc_nano.a(libc_a-mprec.o)
                0x08011334                __mcmp
 *fill*         0x0801136a        0x2 
 .text.__mdiff  0x0801136c      0x128 E:/STM/ID/STM32CubeIDE_1.18.1/STM32CubeIDE/plugins/com.st.stm32cube.ide.mcu.externaltools.gnu-tools-for-stm32.13.3.rel1.win32_1.0.0.202411081344/tools/bin/../lib/gcc/arm-none-eabi/13.3.1/../../../../arm-none-eabi/lib/thumb/v7e-m+fp/hard\libc_nano.a(libc_a-mprec.o)
                0x0801136c                __mdiff
 .text.__ulp    0x08011494       0x4c E:/STM/ID/STM32CubeIDE_1.18.1/STM32CubeIDE/plugins/com.st.stm32cube.ide.mcu.externaltools.gnu-tools-for-stm32.13.3.rel1.win32_1.0.0.202411081344/tools/bin/../lib/gcc/arm-none-eabi/13.3.1/../../../../arm-none-eabi/lib/thumb/v7e-m+fp/hard\libc_nano.a(libc_a-mprec.o)
                0x08011494                __ulp
 .text.__b2d    0x080114e0       0x94 E:/STM/ID/STM32CubeIDE_1.18.1/STM32CubeIDE/plugins/com.st.stm32cube.ide.mcu.externaltools.gnu-tools-for-stm32.13.3.rel1.win32_1.0.0.202411081344/tools/bin/../lib/gcc/arm-none-eabi/13.3.1/../../../../arm-none-eabi/lib/thumb/v7e-m+fp/hard\libc_nano.a(libc_a-mprec.o)
                0x080114e0                __b2d
 .text.__d2b    0x08011574       0xb0 E:/STM/ID/STM32CubeIDE_1.18.1/STM32CubeIDE/plugins/com.st.stm32cube.ide.mcu.externaltools.gnu-tools-for-stm32.13.3.rel1.win32_1.0.0.202411081344/tools/bin/../lib/gcc/arm-none-eabi/13.3.1/../../../../arm-none-eabi/lib/thumb/v7e-m+fp/hard\libc_nano.a(libc_a-mprec.o)
                0x08011574                __d2b
 .text.__ratio  0x08011624       0x64 E:/STM/ID/STM32CubeIDE_1.18.1/STM32CubeIDE/plugins/com.st.stm32cube.ide.mcu.externaltools.gnu-tools-for-stm32.13.3.rel1.win32_1.0.0.202411081344/tools/bin/../lib/gcc/arm-none-eabi/13.3.1/../../../../arm-none-eabi/lib/thumb/v7e-m+fp/hard\libc_nano.a(libc_a-mprec.o)
                0x08011624                __ratio
 .text.__copybits
                0x08011688       0x46 E:/STM/ID/STM32CubeIDE_1.18.1/STM32CubeIDE/plugins/com.st.stm32cube.ide.mcu.externaltools.gnu-tools-for-stm32.13.3.rel1.win32_1.0.0.202411081344/tools/bin/../lib/gcc/arm-none-eabi/13.3.1/../../../../arm-none-eabi/lib/thumb/v7e-m+fp/hard\libc_nano.a(libc_a-mprec.o)
                0x08011688                __copybits
 .text.__any_on
                0x080116ce       0x42 E:/STM/ID/STM32CubeIDE_1.18.1/STM32CubeIDE/plugins/com.st.stm32cube.ide.mcu.externaltools.gnu-tools-for-stm32.13.3.rel1.win32_1.0.0.202411081344/tools/bin/../lib/gcc/arm-none-eabi/13.3.1/../../../../arm-none-eabi/lib/thumb/v7e-m+fp/hard\libc_nano.a(libc_a-mprec.o)
                0x080116ce                __any_on
 .text.sulp     0x08011710       0x3c E:/STM/ID/STM32CubeIDE_1.18.1/STM32CubeIDE/plugins/com.st.stm32cube.ide.mcu.externaltools.gnu-tools-for-stm32.13.3.rel1.win32_1.0.0.202411081344/tools/bin/../lib/gcc/arm-none-eabi/13.3.1/../../../../arm-none-eabi/lib/thumb/v7e-m+fp/hard\libc_nano.a(libc_a-strtod.o)
 *fill*         0x0801174c        0x4 
 .text._strtod_l
                0x08011750      0xbc8 E:/STM/ID/STM32CubeIDE_1.18.1/STM32CubeIDE/plugins/com.st.stm32cube.ide.mcu.externaltools.gnu-tools-for-stm32.13.3.rel1.win32_1.0.0.202411081344/tools/bin/../lib/gcc/arm-none-eabi/13.3.1/../../../../arm-none-eabi/lib/thumb/v7e-m+fp/hard\libc_nano.a(libc_a-strtod.o)
                0x08011750                _strtod_l
 .text._strtod_r
                0x08012318        0xc E:/STM/ID/STM32CubeIDE_1.18.1/STM32CubeIDE/plugins/com.st.stm32cube.ide.mcu.externaltools.gnu-tools-for-stm32.13.3.rel1.win32_1.0.0.202411081344/tools/bin/../lib/gcc/arm-none-eabi/13.3.1/../../../../arm-none-eabi/lib/thumb/v7e-m+fp/hard\libc_nano.a(libc_a-strtod.o)
                0x08012318                _strtod_r
 .text._strtol_l.isra.0
                0x08012324       0xf4 E:/STM/ID/STM32CubeIDE_1.18.1/STM32CubeIDE/plugins/com.st.stm32cube.ide.mcu.externaltools.gnu-tools-for-stm32.13.3.rel1.win32_1.0.0.202411081344/tools/bin/../lib/gcc/arm-none-eabi/13.3.1/../../../../arm-none-eabi/lib/thumb/v7e-m+fp/hard\libc_nano.a(libc_a-strtol.o)