../Core/Src/main.c:82:6:HAL_ADC_ConvCpltCallback	40	static
../Core/Src/main.c:97:6:HAL_TIM_PeriodElapsedCallback	16	static
../Core/Src/main.c:103:6:task10ms	8	static
../Core/Src/main.c:124:6:Engines_task	8	static
../Core/Src/main.c:185:5:main	8	static
../Core/Src/main.c:296:6:SystemClock_Config	88	static
../Core/Src/main.c:342:13:MX_ADC1_Init	24	static
../Core/Src/main.c:394:13:MX_I2C1_Init	8	static
../Core/Src/main.c:428:13:MX_TIM3_Init	64	static
../Core/Src/main.c:491:13:MX_TIM11_Init	8	static
../Core/Src/main.c:522:13:MX_GPIO_Init	48	static
../Core/Src/main.c:571:6:UP_comunicationsTask	16	static
../Core/Src/main.c:596:6:Error_Handler	4	static,ignoring_inline_asm
