../Core/Src/main.c:127:6:HAL_ADC_ConvCpltCallback	16	static
../Core/Src/main.c:131:6:HAL_TIM_PeriodElapsedCallback	16	static
../Core/Src/main.c:146:6:HAL_I2C_MemTxCpltCallback	16	static
../Core/Src/main.c:152:6:HAL_I2C_MemRxCpltCallback	16	static
../Core/Src/main.c:167:6:SSD1306_Task	24	static
../Core/Src/main.c:205:6:task10ms	32	static
../Core/Src/main.c:232:6:Engines_task	8	static
../Core/Src/main.c:287:6:AdcFilter	16	static
../Core/Src/main.c:309:5:main	16	static
../Core/Src/main.c:442:6:SystemClock_Config	88	static
../Core/Src/main.c:488:13:MX_ADC1_Init	24	static
../Core/Src/main.c:603:13:MX_I2C1_Init	8	static
../Core/Src/main.c:637:13:MX_TIM3_Init	64	static
../Core/Src/main.c:700:13:MX_TIM9_Init	24	static
../Core/Src/main.c:738:13:MX_TIM10_Init	8	static
../Core/Src/main.c:769:13:MX_TIM11_Init	8	static
../Core/Src/main.c:798:13:MX_DMA_Init	16	static
../Core/Src/main.c:823:13:MX_GPIO_Init	48	static
../Core/Src/main.c:872:6:UP_comunicationsTask	16	static
../Core/Src/main.c:892:9:I2C_DMA_Transmit	32	static
../Core/Src/main.c:898:9:I2C_1_Abstract_Master_Transmit_Blocking	32	static
../Core/Src/main.c:902:9:I2C_1_Abstract_Mem_Write_Blocking	32	static
../Core/Src/main.c:906:9:I2C_DMA_Recive	32	static
../Core/Src/main.c:911:9:I2C_RBlocking	40	static
../Core/Src/main.c:928:6:Error_Handler	4	static,ignoring_inline_asm
