../Core/Src/main.c:125:6:HAL_ADC_ConvCpltCallback	16	static
../Core/Src/main.c:129:6:HAL_TIM_PeriodElapsedCallback	16	static
../Core/Src/main.c:203:6:task10ms	8	static
../Core/Src/main.c:230:6:Engines_task	8	static
../Core/Src/main.c:292:5:main	8	static
../Core/Src/main.c:423:6:SystemClock_Config	88	static
../Core/Src/main.c:469:13:MX_ADC1_Init	24	static
../Core/Src/main.c:584:13:MX_I2C1_Init	8	static
../Core/Src/main.c:618:13:MX_TIM3_Init	64	static
../Core/Src/main.c:681:13:MX_TIM9_Init	24	static
../Core/Src/main.c:719:13:MX_TIM10_Init	8	static
../Core/Src/main.c:750:13:MX_TIM11_Init	8	static
../Core/Src/main.c:779:13:MX_DMA_Init	16	static
../Core/Src/main.c:804:13:MX_GPIO_Init	48	static
../Core/Src/main.c:853:6:UP_comunicationsTask	16	static
../Core/Src/main.c:873:9:I2C_DMA_Transmit	32	static
../Core/Src/main.c:879:9:I2C_1_Abstract_Master_Transmit_Blocking	32	static
../Core/Src/main.c:883:9:I2C_1_Abstract_Mem_Write_Blocking	32	static
../Core/Src/main.c:887:9:I2C_DMA_Recive	32	static
../Core/Src/main.c:892:9:I2C_RBlocking	40	static
../Core/Src/main.c:899:6:Get_ADCValues	24	static
../Core/Src/main.c:922:6:Error_Handler	4	static,ignoring_inline_asm
