../Core/Src/main.c:89:6:HAL_ADC_ConvCpltCallback	40	static
../Core/Src/main.c:104:6:HAL_TIM_PeriodElapsedCallback	16	static
../Core/Src/main.c:110:6:HAL_I2C_MemTxCpltCallback	16	static
../Core/Src/main.c:116:6:task10ms	8	static
../Core/Src/main.c:133:6:Engines_task	8	static
../Core/Src/main.c:194:5:main	8	static
../Core/Src/main.c:312:6:SystemClock_Config	88	static
../Core/Src/main.c:358:13:MX_ADC1_Init	24	static
../Core/Src/main.c:410:13:MX_I2C1_Init	8	static
../Core/Src/main.c:444:13:MX_TIM3_Init	64	static
../Core/Src/main.c:507:13:MX_TIM11_Init	8	static
../Core/Src/main.c:536:13:MX_DMA_Init	16	static
../Core/Src/main.c:557:13:MX_GPIO_Init	48	static
../Core/Src/main.c:606:6:UP_comunicationsTask	16	static
../Core/Src/main.c:626:9:I2C_DMA_Transmit	32	static
../Core/Src/main.c:643:9:I2C_1_Abstract_Master_Transmit_Blocking	32	static
../Core/Src/main.c:647:9:I2C_1_Abstract_Mem_Write_Blocking	32	static
../Core/Src/main.c:662:6:Error_Handler	4	static,ignoring_inline_asm
