../Core/Src/main.c:91:6:HAL_ADC_ConvCpltCallback	40	static
../Core/Src/main.c:106:6:HAL_TIM_PeriodElapsedCallback	16	static
../Core/Src/main.c:112:6:task10ms	8	static
../Core/Src/main.c:130:6:Engines_task	8	static
../Core/Src/main.c:191:5:main	8	static
../Core/Src/main.c:303:6:SystemClock_Config	88	static
../Core/Src/main.c:349:13:MX_ADC1_Init	24	static
../Core/Src/main.c:401:13:MX_I2C1_Init	8	static
../Core/Src/main.c:435:13:MX_TIM3_Init	64	static
../Core/Src/main.c:498:13:MX_TIM11_Init	8	static
../Core/Src/main.c:529:13:MX_GPIO_Init	48	static
../Core/Src/main.c:578:6:UP_comunicationsTask	16	static
../Core/Src/main.c:597:10:I2C_1_Abstract_Master_Transmit	24	static
../Core/Src/main.c:601:10:I2C_1_Abstract_Master_Transmit_Blocking	32	static
../Core/Src/main.c:605:10:I2C_1_Abstract_Mem_Write_Blocking	32	static
../Core/Src/main.c:609:10:I2C_1_Abstract_Mem_Read_Blocking	32	static
../Core/Src/main.c:620:6:Error_Handler	4	static,ignoring_inline_asm
