../Core/Src/main.c:89:6:HAL_ADC_ConvCpltCallback	40	static
../Core/Src/main.c:104:6:HAL_TIM_PeriodElapsedCallback	16	static
../Core/Src/main.c:110:6:HAL_I2C_MemTxCpltCallback	16	static
../Core/Src/main.c:116:6:HAL_I2C_MemRxCpltCallback	16	static
../Core/Src/main.c:122:6:task10ms	8	static
../Core/Src/main.c:140:6:Engines_task	8	static
../Core/Src/main.c:201:5:main	8	static
../Core/Src/main.c:319:6:SystemClock_Config	88	static
../Core/Src/main.c:365:13:MX_ADC1_Init	24	static
../Core/Src/main.c:417:13:MX_I2C1_Init	8	static
../Core/Src/main.c:451:13:MX_TIM3_Init	64	static
../Core/Src/main.c:514:13:MX_TIM11_Init	8	static
../Core/Src/main.c:543:13:MX_DMA_Init	16	static
../Core/Src/main.c:564:13:MX_GPIO_Init	48	static
../Core/Src/main.c:613:6:UP_comunicationsTask	16	static
../Core/Src/main.c:633:9:I2C_DMA_Transmit	32	static
../Core/Src/main.c:650:9:I2C_1_Abstract_Master_Transmit_Blocking	32	static
../Core/Src/main.c:654:9:I2C_1_Abstract_Mem_Write_Blocking	32	static
../Core/Src/main.c:669:6:Error_Handler	4	static,ignoring_inline_asm
