../Core/Src/main.c:91:6:HAL_ADC_ConvCpltCallback	40	static
../Core/Src/main.c:106:6:HAL_TIM_PeriodElapsedCallback	16	static
../Core/Src/main.c:112:6:HAL_I2C_MemTxCpltCallback	16	static
../Core/Src/main.c:118:6:task10ms	8	static
../Core/Src/main.c:135:6:Engines_task	8	static
../Core/Src/main.c:196:5:main	16	static
../Core/Src/main.c:317:6:SystemClock_Config	88	static
../Core/Src/main.c:363:13:MX_ADC1_Init	24	static
../Core/Src/main.c:415:13:MX_I2C1_Init	8	static
../Core/Src/main.c:449:13:MX_TIM3_Init	64	static
../Core/Src/main.c:512:13:MX_TIM11_Init	8	static
../Core/Src/main.c:541:13:MX_DMA_Init	16	static
../Core/Src/main.c:562:13:MX_GPIO_Init	48	static
../Core/Src/main.c:611:6:UP_comunicationsTask	16	static
../Core/Src/main.c:631:9:I2C_DMA_Transmit	32	static
../Core/Src/main.c:648:9:I2C_1_Abstract_Master_Transmit_Blocking	32	static
../Core/Src/main.c:652:9:I2C_1_Abstract_Mem_Write_Blocking	32	static
../Core/Src/main.c:667:6:Error_Handler	4	static,ignoring_inline_asm
