../Core/Src/main.c:100:6:HAL_ADC_ConvCpltCallback	40	static
../Core/Src/main.c:115:6:HAL_TIM_PeriodElapsedCallback	16	static
../Core/Src/main.c:124:6:HAL_I2C_MemTxCpltCallback	16	static
../Core/Src/main.c:130:6:HAL_I2C_MemRxCpltCallback	16	static
../Core/Src/main.c:136:6:task10ms	8	static
../Core/Src/main.c:160:6:Engines_task	8	static
../Core/Src/main.c:221:5:main	16	static
../Core/Src/main.c:351:6:SystemClock_Config	88	static
../Core/Src/main.c:397:13:MX_ADC1_Init	24	static
../Core/Src/main.c:449:13:MX_I2C1_Init	8	static
../Core/Src/main.c:483:13:MX_TIM3_Init	64	static
../Core/Src/main.c:546:13:MX_TIM10_Init	8	static
../Core/Src/main.c:577:13:MX_TIM11_Init	8	static
../Core/Src/main.c:606:13:MX_DMA_Init	16	static
../Core/Src/main.c:627:13:MX_GPIO_Init	48	static
../Core/Src/main.c:676:6:UP_comunicationsTask	16	static
../Core/Src/main.c:696:9:I2C_DMA_Transmit	32	static
../Core/Src/main.c:702:9:I2C_1_Abstract_Master_Transmit_Blocking	32	static
../Core/Src/main.c:706:9:I2C_1_Abstract_Mem_Write_Blocking	32	static
../Core/Src/main.c:710:9:I2C_DMA_Recive	32	static
../Core/Src/main.c:715:9:I2C_RBlocking	40	static
../Core/Src/main.c:732:6:Error_Handler	4	static,ignoring_inline_asm
