../Core/Src/main.c:98:6:HAL_ADC_ConvCpltCallback	40	static
../Core/Src/main.c:113:6:HAL_TIM_PeriodElapsedCallback	16	static
../Core/Src/main.c:119:6:HAL_I2C_MemTxCpltCallback	16	static
../Core/Src/main.c:125:6:HAL_I2C_MemRxCpltCallback	16	static
../Core/Src/main.c:131:6:task10ms	8	static
../Core/Src/main.c:153:6:Engines_task	8	static
../Core/Src/main.c:214:5:main	16	static
../Core/Src/main.c:343:6:SystemClock_Config	88	static
../Core/Src/main.c:389:13:MX_ADC1_Init	24	static
../Core/Src/main.c:441:13:MX_I2C1_Init	8	static
../Core/Src/main.c:475:13:MX_TIM3_Init	64	static
../Core/Src/main.c:538:13:MX_TIM11_Init	8	static
../Core/Src/main.c:567:13:MX_DMA_Init	16	static
../Core/Src/main.c:588:13:MX_GPIO_Init	48	static
../Core/Src/main.c:637:6:UP_comunicationsTask	16	static
../Core/Src/main.c:657:9:I2C_DMA_Transmit	32	static
../Core/Src/main.c:663:9:I2C_1_Abstract_Master_Transmit_Blocking	32	static
../Core/Src/main.c:667:9:I2C_1_Abstract_Mem_Write_Blocking	32	static
../Core/Src/main.c:671:9:I2C_DMA_Recive	32	static
../Core/Src/main.c:676:9:I2C_RBlocking	40	static
../Core/Src/main.c:693:6:Error_Handler	4	static,ignoring_inline_asm
