../Core/Src/main.c:106:6:HAL_ADC_ConvCpltCallback	40	static
../Core/Src/main.c:120:6:HAL_TIM_PeriodElapsedCallback	16	static
../Core/Src/main.c:135:6:HAL_I2C_MemTxCpltCallback	16	static
../Core/Src/main.c:141:6:HAL_I2C_MemRxCpltCallback	16	static
../Core/Src/main.c:156:6:SSD1306_Task	16	static
../Core/Src/main.c:182:6:task10ms	8	static
../Core/Src/main.c:202:6:Engines_task	8	static
../Core/Src/main.c:263:5:main	16	static
../Core/Src/main.c:391:6:SystemClock_Config	88	static
../Core/Src/main.c:437:13:MX_ADC1_Init	24	static
../Core/Src/main.c:489:13:MX_I2C1_Init	8	static
../Core/Src/main.c:523:13:MX_TIM3_Init	64	static
../Core/Src/main.c:586:13:MX_TIM9_Init	24	static
../Core/Src/main.c:624:13:MX_TIM10_Init	8	static
../Core/Src/main.c:655:13:MX_TIM11_Init	8	static
../Core/Src/main.c:684:13:MX_DMA_Init	16	static
../Core/Src/main.c:705:13:MX_GPIO_Init	48	static
../Core/Src/main.c:754:6:UP_comunicationsTask	16	static
../Core/Src/main.c:774:9:I2C_DMA_Transmit	32	static
../Core/Src/main.c:780:9:I2C_1_Abstract_Master_Transmit_Blocking	32	static
../Core/Src/main.c:784:9:I2C_1_Abstract_Mem_Write_Blocking	32	static
../Core/Src/main.c:788:9:I2C_DMA_Recive	32	static
../Core/Src/main.c:793:9:I2C_RBlocking	40	static
../Core/Src/main.c:810:6:Error_Handler	4	static,ignoring_inline_asm
