../Core/Src/main.c:103:6:HAL_ADC_ConvCpltCallback	40	static
../Core/Src/main.c:118:6:HAL_TIM_PeriodElapsedCallback	16	static
../Core/Src/main.c:128:6:HAL_I2C_MemTxCpltCallback	16	static
../Core/Src/main.c:134:6:HAL_I2C_MemRxCpltCallback	16	static
../Core/Src/main.c:149:6:task10ms	8	static
../Core/Src/main.c:173:6:Engines_task	8	static
../Core/Src/main.c:234:5:main	16	static
../Core/Src/main.c:365:6:SystemClock_Config	88	static
../Core/Src/main.c:411:13:MX_ADC1_Init	24	static
../Core/Src/main.c:463:13:MX_I2C1_Init	8	static
../Core/Src/main.c:497:13:MX_TIM3_Init	64	static
../Core/Src/main.c:560:13:MX_TIM10_Init	8	static
../Core/Src/main.c:591:13:MX_TIM11_Init	8	static
../Core/Src/main.c:620:13:MX_DMA_Init	16	static
../Core/Src/main.c:641:13:MX_GPIO_Init	48	static
../Core/Src/main.c:690:6:UP_comunicationsTask	16	static
../Core/Src/main.c:710:9:I2C_DMA_Transmit	32	static
../Core/Src/main.c:716:9:I2C_1_Abstract_Master_Transmit_Blocking	32	static
../Core/Src/main.c:720:9:I2C_1_Abstract_Mem_Write_Blocking	32	static
../Core/Src/main.c:724:9:I2C_DMA_Recive	32	static
../Core/Src/main.c:729:9:I2C_RBlocking	40	static
../Core/Src/main.c:746:6:Error_Handler	4	static,ignoring_inline_asm
