../Core/Src/main.c:90:6:HAL_ADC_ConvCpltCallback	40	static
../Core/Src/main.c:105:6:HAL_TIM_PeriodElapsedCallback	16	static
../Core/Src/main.c:111:6:HAL_I2C_MemTxCpltCallback	16	static
../Core/Src/main.c:116:6:HAL_I2C_MemRxCpltCallback	16	static
../Core/Src/main.c:121:6:task10ms	8	static
../Core/Src/main.c:140:6:Engines_task	8	static
../Core/Src/main.c:201:5:main	8	static
../Core/Src/main.c:320:6:SystemClock_Config	88	static
../Core/Src/main.c:366:13:MX_ADC1_Init	24	static
../Core/Src/main.c:418:13:MX_I2C1_Init	8	static
../Core/Src/main.c:452:13:MX_TIM3_Init	64	static
../Core/Src/main.c:515:13:MX_TIM11_Init	8	static
../Core/Src/main.c:544:13:MX_DMA_Init	16	static
../Core/Src/main.c:565:13:MX_GPIO_Init	48	static
../Core/Src/main.c:614:6:UP_comunicationsTask	16	static
../Core/Src/main.c:634:6:I2C_1_Abstract_Master_Transmit	24	static
../Core/Src/main.c:640:6:I2C_1_Abstract_Master_Transmit_Blocking	32	static
../Core/Src/main.c:644:6:I2C_1_Abstract_Mem_Write_Blocking	32	static
../Core/Src/main.c:659:6:Error_Handler	4	static,ignoring_inline_asm
