../Core/Src/main.c:145:6:HAL_ADC_ConvCpltCallback	16	static
../Core/Src/main.c:149:6:HAL_TIM_PeriodElapsedCallback	16	static
../Core/Src/main.c:186:6:onESP01ChangeState	16	static
../Core/Src/main.c:236:6:onESP01Debug	16	static
../Core/Src/main.c:240:6:setESP01_CHPD	16	static
../Core/Src/main.c:244:6:HAL_UART_RxCpltCallback	16	static
../Core/Src/main.c:252:5:ESP01_UART_Transmit	16	static
../Core/Src/main.c:260:6:ESP01_Data_Recived	16	static
../Core/Src/main.c:264:6:writeOn_ESP	16	static
../Core/Src/main.c:328:6:task10ms	8	static
../Core/Src/main.c:361:6:Engines_task	8	static
../Core/Src/main.c:423:5:main	8	static
../Core/Src/main.c:524:6:SystemClock_Config	88	static
../Core/Src/main.c:570:13:MX_ADC1_Init	24	static
../Core/Src/main.c:685:13:MX_I2C1_Init	8	static
../Core/Src/main.c:719:13:MX_TIM3_Init	64	static
../Core/Src/main.c:782:13:MX_TIM9_Init	24	static
../Core/Src/main.c:820:13:MX_TIM10_Init	8	static
../Core/Src/main.c:851:13:MX_TIM11_Init	8	static
../Core/Src/main.c:882:13:MX_USART1_UART_Init	8	static
../Core/Src/main.c:913:13:MX_DMA_Init	16	static
../Core/Src/main.c:938:13:MX_GPIO_Init	48	static
../Core/Src/main.c:987:6:UP_comunicationsTask	16	static
../Core/Src/main.c:1007:9:I2C_DMA_Transmit	32	static
../Core/Src/main.c:1013:9:I2C_1_Abstract_Master_Transmit_Blocking	32	static
../Core/Src/main.c:1017:9:I2C_1_Abstract_Mem_Write_Blocking	32	static
../Core/Src/main.c:1021:9:I2C_DMA_Recive	32	static
../Core/Src/main.c:1026:9:I2C_RBlocking	40	static
../Core/Src/main.c:1033:6:Get_ADCValues	24	static
../Core/Src/main.c:1056:6:Error_Handler	4	static,ignoring_inline_asm
