../Core/Src/main.c:96:6:HAL_ADC_ConvCpltCallback	40	static
../Core/Src/main.c:111:6:HAL_TIM_PeriodElapsedCallback	16	static
../Core/Src/main.c:117:6:HAL_I2C_MemTxCpltCallback	16	static
../Core/Src/main.c:123:6:HAL_I2C_MemRxCpltCallback	16	static
../Core/Src/main.c:129:6:task10ms	8	static
../Core/Src/main.c:154:6:Engines_task	8	static
../Core/Src/main.c:215:5:main	16	static
../Core/Src/main.c:336:6:SystemClock_Config	88	static
../Core/Src/main.c:382:13:MX_ADC1_Init	24	static
../Core/Src/main.c:434:13:MX_I2C1_Init	8	static
../Core/Src/main.c:468:13:MX_TIM3_Init	64	static
../Core/Src/main.c:531:13:MX_TIM11_Init	8	static
../Core/Src/main.c:560:13:MX_DMA_Init	16	static
../Core/Src/main.c:581:13:MX_GPIO_Init	48	static
../Core/Src/main.c:630:6:UP_comunicationsTask	16	static
../Core/Src/main.c:650:9:I2C_DMA_Transmit	32	static
../Core/Src/main.c:667:9:I2C_1_Abstract_Master_Transmit_Blocking	32	static
../Core/Src/main.c:671:9:I2C_1_Abstract_Mem_Write_Blocking	32	static
../Core/Src/main.c:675:9:I2C_DMA_Recive	32	static
../Core/Src/main.c:680:9:I2C_RBlocking	40	static
../Core/Src/main.c:697:6:Error_Handler	4	static,ignoring_inline_asm
