../Core/Src/ssd1306_oled.c:25:6:SSD1306_ScrollRight	16	static
../Core/Src/ssd1306_oled.c:37:6:SSD1306_ScrollLeft	16	static
../Core/Src/ssd1306_oled.c:49:6:SSD1306_Scrolldiagright	16	static
../Core/Src/ssd1306_oled.c:63:6:SSD1306_Scrolldiagleft	16	static
../Core/Src/ssd1306_oled.c:77:6:SSD1306_Stopscroll	8	static
../Core/Src/ssd1306_oled.c:82:6:SSD1306_InvertDisplay	16	static
../Core/Src/ssd1306_oled.c:88:6:SSD1306_DrawBitmap	32	static
../Core/Src/ssd1306_oled.c:109:6:SSD1306_Init	8	static
../Core/Src/ssd1306_oled.c:149:6:SSD1306_UpdateScreen	16	static
../Core/Src/ssd1306_oled.c:161:6:SSD1306_ToggleInvert	16	static
../Core/Src/ssd1306_oled.c:171:6:SSD1306_Fill	16	static
../Core/Src/ssd1306_oled.c:176:6:SSD1306_DrawPixel	16	static
../Core/Src/ssd1306_oled.c:193:6:SSD1306_GotoXY	16	static
../Core/Src/ssd1306_oled.c:199:6:SSD1306_Putc	32	static
../Core/Src/ssd1306_oled.c:220:6:SSD1306_Puts	24	static
../Core/Src/ssd1306_oled.c:232:6:SSD1306_DrawLine	40	static
../Core/Src/ssd1306_oled.c:306:6:SSD1306_DrawRectangle	32	static
../Core/Src/ssd1306_oled.c:323:6:SSD1306_DrawFilledRectangle	40	static
../Core/Src/ssd1306_oled.c:339:6:SSD1306_DrawTriangle	32	static
../Core/Src/ssd1306_oled.c:346:6:SSD1306_DrawFilledTriangle	64	static
../Core/Src/ssd1306_oled.c:403:6:SSD1306_DrawCircle	40	static
../Core/Src/ssd1306_oled.c:438:6:SSD1306_DrawFilledCircle	48	static
../Core/Src/ssd1306_oled.c:469:6:SSD1306_Clear	8	static
../Core/Src/ssd1306_oled.c:475:6:SSD1306_ON	8	static
../Core/Src/ssd1306_oled.c:482:6:SSD1306_OFF	8	static
../Core/Src/ssd1306_oled.c:489:6:ssd1306_I2C_WriteMulti	288	static
../Core/Src/ssd1306_oled.c:498:6:ssd1306_I2C_Write	32	static
../Core/Src/ssd1306_oled.c:505:6:Display_Set_I2C_Master_Transmit	16	static
