../Core/Src/ssd1306_oled.c:23:6:SSD1306_ScrollRight	16	static
../Core/Src/ssd1306_oled.c:35:6:SSD1306_ScrollLeft	16	static
../Core/Src/ssd1306_oled.c:47:6:SSD1306_Scrolldiagright	16	static
../Core/Src/ssd1306_oled.c:61:6:SSD1306_Scrolldiagleft	16	static
../Core/Src/ssd1306_oled.c:75:6:SSD1306_Stopscroll	8	static
../Core/Src/ssd1306_oled.c:80:6:SSD1306_InvertDisplay	16	static
../Core/Src/ssd1306_oled.c:86:6:SSD1306_DrawBitmap	32	static
../Core/Src/ssd1306_oled.c:107:9:SSD1306_Init	8	static
../Core/Src/ssd1306_oled.c:147:6:SSD1306_UpdateScreen	16	static
../Core/Src/ssd1306_oled.c:159:6:SSD1306_ToggleInvert	16	static
../Core/Src/ssd1306_oled.c:169:6:SSD1306_Fill	16	static
../Core/Src/ssd1306_oled.c:174:6:SSD1306_DrawPixel	16	static
../Core/Src/ssd1306_oled.c:191:6:SSD1306_GotoXY	16	static
../Core/Src/ssd1306_oled.c:197:6:SSD1306_Putc	32	static
../Core/Src/ssd1306_oled.c:218:6:SSD1306_Puts	24	static
../Core/Src/ssd1306_oled.c:230:6:SSD1306_DrawLine	40	static
../Core/Src/ssd1306_oled.c:304:6:SSD1306_DrawRectangle	32	static
../Core/Src/ssd1306_oled.c:321:6:SSD1306_DrawFilledRectangle	40	static
../Core/Src/ssd1306_oled.c:337:6:SSD1306_DrawTriangle	32	static
../Core/Src/ssd1306_oled.c:344:6:SSD1306_DrawFilledTriangle	64	static
../Core/Src/ssd1306_oled.c:401:6:SSD1306_DrawCircle	40	static
../Core/Src/ssd1306_oled.c:436:6:SSD1306_DrawFilledCircle	48	static
../Core/Src/ssd1306_oled.c:467:6:SSD1306_Clear	8	static
../Core/Src/ssd1306_oled.c:473:6:SSD1306_ON	8	static
../Core/Src/ssd1306_oled.c:480:6:SSD1306_OFF	8	static
../Core/Src/ssd1306_oled.c:487:6:SSD1306_I2C_WriteMulti	296	static
../Core/Src/ssd1306_oled.c:497:6:SSD1306_I2C_Write	32	static
