../Core/Src/ssd1306_oled.c:15:6:Display_Set_I2C_Master_Transmit	16	static
../Core/Src/ssd1306_oled.c:30:6:SSD1306_ScrollRight	16	static
../Core/Src/ssd1306_oled.c:42:6:SSD1306_ScrollLeft	16	static
../Core/Src/ssd1306_oled.c:54:6:SSD1306_Scrolldiagright	16	static
../Core/Src/ssd1306_oled.c:68:6:SSD1306_Scrolldiagleft	16	static
../Core/Src/ssd1306_oled.c:82:6:SSD1306_Stopscroll	8	static
../Core/Src/ssd1306_oled.c:87:6:SSD1306_InvertDisplay	16	static
../Core/Src/ssd1306_oled.c:93:6:SSD1306_DrawBitmap	32	static
../Core/Src/ssd1306_oled.c:114:6:SSD1306_Init	8	static
../Core/Src/ssd1306_oled.c:154:6:SSD1306_UpdateScreen	16	static
../Core/Src/ssd1306_oled.c:166:6:SSD1306_ToggleInvert	16	static
../Core/Src/ssd1306_oled.c:176:6:SSD1306_Fill	16	static
../Core/Src/ssd1306_oled.c:181:6:SSD1306_DrawPixel	16	static
../Core/Src/ssd1306_oled.c:198:6:SSD1306_GotoXY	16	static
../Core/Src/ssd1306_oled.c:204:6:SSD1306_Putc	32	static
../Core/Src/ssd1306_oled.c:225:6:SSD1306_Puts	24	static
../Core/Src/ssd1306_oled.c:237:6:SSD1306_DrawLine	40	static
../Core/Src/ssd1306_oled.c:311:6:SSD1306_DrawRectangle	32	static
../Core/Src/ssd1306_oled.c:328:6:SSD1306_DrawFilledRectangle	40	static
../Core/Src/ssd1306_oled.c:344:6:SSD1306_DrawTriangle	32	static
../Core/Src/ssd1306_oled.c:351:6:SSD1306_DrawFilledTriangle	64	static
../Core/Src/ssd1306_oled.c:408:6:SSD1306_DrawCircle	40	static
../Core/Src/ssd1306_oled.c:443:6:SSD1306_DrawFilledCircle	48	static
../Core/Src/ssd1306_oled.c:474:6:SSD1306_Clear	8	static
../Core/Src/ssd1306_oled.c:480:6:SSD1306_ON	8	static
../Core/Src/ssd1306_oled.c:487:6:SSD1306_OFF	8	static
../Core/Src/ssd1306_oled.c:494:10:ssd1306_I2C_WriteMulti	288	static
../Core/Src/ssd1306_oled.c:503:10:ssd1306_I2C_Write	32	static
