../Core/Src/ssd1306_oled.c:18:6:SSD1306_ScrollRight	16	static
../Core/Src/ssd1306_oled.c:30:6:SSD1306_ScrollLeft	16	static
../Core/Src/ssd1306_oled.c:42:6:SSD1306_Scrolldiagright	16	static
../Core/Src/ssd1306_oled.c:56:6:SSD1306_Scrolldiagleft	16	static
../Core/Src/ssd1306_oled.c:70:6:SSD1306_Stopscroll	8	static
../Core/Src/ssd1306_oled.c:75:6:SSD1306_InvertDisplay	16	static
../Core/Src/ssd1306_oled.c:81:6:SSD1306_DrawBitmap	32	static
../Core/Src/ssd1306_oled.c:102:6:SSD1306_Init	8	static
../Core/Src/ssd1306_oled.c:145:6:SSD1306_UpdateScreen	16	static
../Core/Src/ssd1306_oled.c:191:6:SSD1306_ToggleInvert	16	static
../Core/Src/ssd1306_oled.c:201:6:SSD1306_Fill	16	static
../Core/Src/ssd1306_oled.c:206:6:SSD1306_DrawPixel	16	static
../Core/Src/ssd1306_oled.c:223:6:SSD1306_GotoXY	16	static
../Core/Src/ssd1306_oled.c:229:6:SSD1306_Putc	32	static
../Core/Src/ssd1306_oled.c:250:6:SSD1306_Puts	24	static
../Core/Src/ssd1306_oled.c:262:6:SSD1306_DrawLine	40	static
../Core/Src/ssd1306_oled.c:336:6:SSD1306_DrawRectangle	32	static
../Core/Src/ssd1306_oled.c:353:6:SSD1306_DrawFilledRectangle	40	static
../Core/Src/ssd1306_oled.c:369:6:SSD1306_DrawTriangle	32	static
../Core/Src/ssd1306_oled.c:376:6:SSD1306_DrawFilledTriangle	64	static
../Core/Src/ssd1306_oled.c:433:6:SSD1306_DrawCircle	40	static
../Core/Src/ssd1306_oled.c:468:6:SSD1306_DrawFilledCircle	48	static
../Core/Src/ssd1306_oled.c:499:6:SSD1306_Clear	8	static
../Core/Src/ssd1306_oled.c:505:6:SSD1306_ON	8	static
../Core/Src/ssd1306_oled.c:512:6:SSD1306_OFF	8	static
../Core/Src/ssd1306_oled.c:519:9:SSD1306_I2C_WriteMulti	24	static
../Core/Src/ssd1306_oled.c:524:6:SSD1306_I2C_Write	32	static
../Core/Src/ssd1306_oled.c:531:6:Display_Set_I2C_Master_Transmit	16	static
../Core/Src/ssd1306_oled.c:536:6:SSD1306_DMAREADY	4	static
