../Core/Src/ssd1306_oled.c:17:6:SSD1306_ScrollRight	24	static
../Core/Src/ssd1306_oled.c:34:6:SSD1306_ScrollLeft	16	static
../Core/Src/ssd1306_oled.c:46:6:SSD1306_Scrolldiagright	16	static
../Core/Src/ssd1306_oled.c:60:6:SSD1306_Scrolldiagleft	16	static
../Core/Src/ssd1306_oled.c:74:6:SSD1306_Stopscroll	8	static
../Core/Src/ssd1306_oled.c:79:6:SSD1306_InvertDisplay	16	static
../Core/Src/ssd1306_oled.c:85:6:SSD1306_DrawBitmap	32	static
../Core/Src/ssd1306_oled.c:106:6:SSD1306_Init	8	static
../Core/Src/ssd1306_oled.c:150:6:SSD1306_UpdateScreen	16	static
../Core/Src/ssd1306_oled.c:184:6:SSD1306_ToggleInvert	16	static
../Core/Src/ssd1306_oled.c:194:6:SSD1306_Fill	16	static
../Core/Src/ssd1306_oled.c:199:6:SSD1306_DrawPixel	16	static
../Core/Src/ssd1306_oled.c:216:6:SSD1306_GotoXY	16	static
../Core/Src/ssd1306_oled.c:222:6:SSD1306_Putc	32	static
../Core/Src/ssd1306_oled.c:243:6:SSD1306_Puts	24	static
../Core/Src/ssd1306_oled.c:255:6:SSD1306_DrawLine	40	static
../Core/Src/ssd1306_oled.c:329:6:SSD1306_DrawRectangle	32	static
../Core/Src/ssd1306_oled.c:346:6:SSD1306_DrawFilledRectangle	40	static
../Core/Src/ssd1306_oled.c:362:6:SSD1306_DrawTriangle	32	static
../Core/Src/ssd1306_oled.c:369:6:SSD1306_DrawFilledTriangle	64	static
../Core/Src/ssd1306_oled.c:426:6:SSD1306_DrawCircle	40	static
../Core/Src/ssd1306_oled.c:461:6:SSD1306_DrawFilledCircle	48	static
../Core/Src/ssd1306_oled.c:492:6:SSD1306_Clear	8	static
../Core/Src/ssd1306_oled.c:498:6:SSD1306_ON	8	static
../Core/Src/ssd1306_oled.c:505:6:SSD1306_OFF	8	static
../Core/Src/ssd1306_oled.c:517:6:SSD1306_I2C_Write	32	static
../Core/Src/ssd1306_oled.c:524:6:Display_Set_I2C_Master_Transmit	16	static
../Core/Src/ssd1306_oled.c:529:6:SSD1306_DMAREADY	4	static
../Core/Src/ssd1306_oled.c:533:6:SSD1306_RefreshReady	4	static
