../Core/Src/ssd1306_oled.c:18:6:SSD1306_ScrollRight	16	static
../Core/Src/ssd1306_oled.c:30:6:SSD1306_ScrollLeft	16	static
../Core/Src/ssd1306_oled.c:42:6:SSD1306_Scrolldiagright	16	static
../Core/Src/ssd1306_oled.c:56:6:SSD1306_Scrolldiagleft	16	static
../Core/Src/ssd1306_oled.c:70:6:SSD1306_Stopscroll	8	static
../Core/Src/ssd1306_oled.c:75:6:SSD1306_InvertDisplay	16	static
../Core/Src/ssd1306_oled.c:81:6:SSD1306_DrawBitmap	32	static
../Core/Src/ssd1306_oled.c:102:6:SSD1306_Init	8	static
../Core/Src/ssd1306_oled.c:146:6:SSD1306_UpdateScreen	16	static
../Core/Src/ssd1306_oled.c:190:6:SSD1306_ToggleInvert	16	static
../Core/Src/ssd1306_oled.c:200:6:SSD1306_Fill	16	static
../Core/Src/ssd1306_oled.c:205:6:SSD1306_DrawPixel	16	static
../Core/Src/ssd1306_oled.c:222:6:SSD1306_GotoXY	16	static
../Core/Src/ssd1306_oled.c:228:6:SSD1306_Putc	32	static
../Core/Src/ssd1306_oled.c:249:6:SSD1306_Puts	24	static
../Core/Src/ssd1306_oled.c:261:6:SSD1306_DrawLine	40	static
../Core/Src/ssd1306_oled.c:335:6:SSD1306_DrawRectangle	32	static
../Core/Src/ssd1306_oled.c:352:6:SSD1306_DrawFilledRectangle	40	static
../Core/Src/ssd1306_oled.c:368:6:SSD1306_DrawTriangle	32	static
../Core/Src/ssd1306_oled.c:375:6:SSD1306_DrawFilledTriangle	64	static
../Core/Src/ssd1306_oled.c:432:6:SSD1306_DrawCircle	40	static
../Core/Src/ssd1306_oled.c:467:6:SSD1306_DrawFilledCircle	48	static
../Core/Src/ssd1306_oled.c:498:6:SSD1306_Clear	8	static
../Core/Src/ssd1306_oled.c:504:6:SSD1306_ON	8	static
../Core/Src/ssd1306_oled.c:511:6:SSD1306_OFF	8	static
../Core/Src/ssd1306_oled.c:523:6:SSD1306_I2C_Write	32	static
../Core/Src/ssd1306_oled.c:530:6:Display_Set_I2C_Master_Transmit	16	static
../Core/Src/ssd1306_oled.c:535:6:SSD1306_DMAREADY	4	static
