../Core/Src/ssd1306_oled.c:17:6:SSD1306_ScrollRight	16	static
../Core/Src/ssd1306_oled.c:29:6:SSD1306_ScrollLeft	16	static
../Core/Src/ssd1306_oled.c:41:6:SSD1306_Scrolldiagright	16	static
../Core/Src/ssd1306_oled.c:55:6:SSD1306_Scrolldiagleft	16	static
../Core/Src/ssd1306_oled.c:69:6:SSD1306_Stopscroll	8	static
../Core/Src/ssd1306_oled.c:74:6:SSD1306_InvertDisplay	16	static
../Core/Src/ssd1306_oled.c:80:6:SSD1306_DrawBitmap	32	static
../Core/Src/ssd1306_oled.c:101:6:SSD1306_Init	8	static
../Core/Src/ssd1306_oled.c:146:6:SSD1306_UpdateScreen	16	static
../Core/Src/ssd1306_oled.c:188:6:SSD1306_ToggleInvert	16	static
../Core/Src/ssd1306_oled.c:198:6:SSD1306_Fill	16	static
../Core/Src/ssd1306_oled.c:203:6:SSD1306_DrawPixel	16	static
../Core/Src/ssd1306_oled.c:220:6:SSD1306_GotoXY	16	static
../Core/Src/ssd1306_oled.c:226:6:SSD1306_Putc	32	static
../Core/Src/ssd1306_oled.c:247:6:SSD1306_Puts	24	static
../Core/Src/ssd1306_oled.c:259:6:SSD1306_DrawLine	40	static
../Core/Src/ssd1306_oled.c:333:6:SSD1306_DrawRectangle	32	static
../Core/Src/ssd1306_oled.c:350:6:SSD1306_DrawFilledRectangle	40	static
../Core/Src/ssd1306_oled.c:366:6:SSD1306_DrawTriangle	32	static
../Core/Src/ssd1306_oled.c:373:6:SSD1306_DrawFilledTriangle	64	static
../Core/Src/ssd1306_oled.c:430:6:SSD1306_DrawCircle	40	static
../Core/Src/ssd1306_oled.c:465:6:SSD1306_DrawFilledCircle	48	static
../Core/Src/ssd1306_oled.c:496:6:SSD1306_Clear	8	static
../Core/Src/ssd1306_oled.c:502:6:SSD1306_ON	8	static
../Core/Src/ssd1306_oled.c:509:6:SSD1306_OFF	8	static
../Core/Src/ssd1306_oled.c:521:6:SSD1306_I2C_Write	32	static
../Core/Src/ssd1306_oled.c:528:6:Display_Set_I2C_Master_Transmit	16	static
../Core/Src/ssd1306_oled.c:533:6:SSD1306_DMAREADY	4	static
../Core/Src/ssd1306_oled.c:537:6:SSD1306_RefreshReady	4	static
