../Core/Src/main.c:110:6:HAL_TIM_PeriodElapsedCallback	16	static
../Core/Src/main.c:119:5:main	16	static
../Core/Src/main.c:179:6:SystemClock_Config	88	static
../Core/Src/main.c:225:13:MX_ADC1_Init	24	static
../Core/Src/main.c:340:13:MX_TIM11_Init	8	static
../Core/Src/main.c:371:13:MX_GPIO_Init	40	static
../Core/Src/main.c:399:6:DecodeHeader	24	static
../Core/Src/main.c:473:6:SendInfo	40	static
../Core/Src/main.c:496:6:decodeData	40	static
../Core/Src/main.c:542:6:comunicationsTask	16	static
../Core/Src/main.c:549:6:datafromUSB	24	static
../Core/Src/main.c:566:6:Error_Handler	4	static,ignoring_inline_asm
