../Core/Src/main.c:109:6:HAL_TIM_PeriodElapsedCallback	16	static
../Core/Src/main.c:118:5:main	16	static
../Core/Src/main.c:176:6:SystemClock_Config	88	static
../Core/Src/main.c:222:13:MX_ADC1_Init	24	static
../Core/Src/main.c:337:13:MX_TIM11_Init	8	static
../Core/Src/main.c:368:13:MX_GPIO_Init	40	static
../Core/Src/main.c:396:6:DecodeHeader	24	static
../Core/Src/main.c:470:6:SendInfo	40	static
../Core/Src/main.c:493:6:decodeData	40	static
../Core/Src/main.c:539:6:comunicationsTask	16	static
../Core/Src/main.c:546:6:datafromUSB	24	static
../Core/Src/main.c:563:6:Error_Handler	4	static,ignoring_inline_asm
