../Core/Src/main.c:116:5:main	8	static
../Core/Src/main.c:166:6:SystemClock_Config	88	static
../Core/Src/main.c:214:13:MX_ADC1_Init	24	static
../Core/Src/main.c:324:13:MX_TIM1_Init	32	static
../Core/Src/main.c:368:13:MX_DMA_Init	16	static
../Core/Src/main.c:386:13:MX_GPIO_Init	40	static
../Core/Src/main.c:414:6:DecodeHeader	24	static
../Core/Src/main.c:488:6:SendInfo	40	static
../Core/Src/main.c:511:6:decodeData	40	static
../Core/Src/main.c:557:6:comunicationsTask	16	static
../Core/Src/main.c:562:6:Converse	16	static
../Core/Src/main.c:581:6:Error_Handler	4	static,ignoring_inline_asm
