../Core/Src/main.c:76:6:HAL_ADC_ConvCpltCallback	40	static
../Core/Src/main.c:91:6:HAL_TIM_PeriodElapsedCallback	16	static
../Core/Src/main.c:97:6:task10ms	8	static
../Core/Src/main.c:119:6:Engines_task	8	static
../Core/Src/main.c:180:5:main	8	static
../Core/Src/main.c:238:6:SystemClock_Config	88	static
../Core/Src/main.c:284:13:MX_ADC1_Init	24	static
../Core/Src/main.c:336:13:MX_TIM3_Init	64	static
../Core/Src/main.c:399:13:MX_TIM11_Init	8	static
../Core/Src/main.c:430:13:MX_GPIO_Init	48	static
../Core/Src/main.c:479:6:UP_comunicationsTask	16	static
../Core/Src/main.c:504:6:Error_Handler	4	static,ignoring_inline_asm
