18:38:00 **** Incremental Build of configuration Debug for project BlackScreen ****
make -j8 all 
arm-none-eabi-gcc "../Core/Src/UnerProtocol.c" -mcpu=cortex-m4 -std=gnu11 -g3 -DDEBUG -DUSE_HAL_DRIVER -DSTM32F411xE -c -I../Core/Inc -I../Drivers/STM32F4xx_HAL_Driver/Inc -I../Drivers/STM32F4xx_HAL_Driver/Inc/Legacy -I../Drivers/CMSIS/Device/ST/STM32F4xx/Include -I../Drivers/CMSIS/Include -I../USB_DEVICE/App -I../USB_DEVICE/Target -I../Middlewares/ST/STM32_USB_Device_Library/Core/Inc -I../Middlewares/ST/STM32_USB_Device_Library/Class/CDC/Inc -O0 -ffunction-sections -fdata-sections -Wall -fstack-usage -fcyclomatic-complexity -MMD -MP -MF"Core/Src/UnerProtocol.d" -MT"Core/Src/UnerProtocol.o" --specs=nano.specs -mfpu=fpv4-sp-d16 -mfloat-abi=hard -mthumb -o "Core/Src/UnerProtocol.o"
arm-none-eabi-gcc "../Core/Src/main.c" -mcpu=cortex-m4 -std=gnu11 -g3 -DDEBUG -DUSE_HAL_DRIVER -DSTM32F411xE -c -I../Core/Inc -I../Drivers/STM32F4xx_HAL_Driver/Inc -I../Drivers/STM32F4xx_HAL_Driver/Inc/Legacy -I../Drivers/CMSIS/Device/ST/STM32F4xx/Include -I../Drivers/CMSIS/Include -I../USB_DEVICE/App -I../USB_DEVICE/Target -I../Middlewares/ST/STM32_USB_Device_Library/Core/Inc -I../Middlewares/ST/STM32_USB_Device_Library/Class/CDC/Inc -O0 -ffunction-sections -fdata-sections -Wall -fstack-usage -fcyclomatic-complexity -MMD -MP -MF"Core/Src/main.d" -MT"Core/Src/main.o" --specs=nano.specs -mfpu=fpv4-sp-d16 -mfloat-abi=hard -mthumb -o "Core/Src/main.o"
arm-none-eabi-gcc -o "BlackScreen.elf" @"objects.list"   -mcpu=cortex-m4 -T"C:\Users\santi\OneDrive\Documentos\Micros\Micros2025\Bits32\BlackPill\BlackScreen\STM32F411CEUX_FLASH.ld" --specs=nosys.specs -Wl,-Map="BlackScreen.map" -Wl,--gc-sections -static --specs=nano.specs -mfpu=fpv4-sp-d16 -mfloat-abi=hard -mthumb -u _printf_float -u _scanf_float -Wl,--start-group -lc -lm -Wl,--end-group
E:/STM/ID/STM32CubeIDE_1.18.1/STM32CubeIDE/plugins/com.st.stm32cube.ide.mcu.externaltools.gnu-tools-for-stm32.13.3.rel1.win32_1.0.0.202411081344/tools/bin/../lib/gcc/arm-none-eabi/13.3.1/../../../../arm-none-eabi/bin/ld.exe: ./Core/Src/main.o:C:/Users/santi/OneDrive/Documentos/Micros/Micros2025/Bits32/BlackPill/BlackScreen/Debug/../Core/Inc/UnerProtocol.h:50: multiple definition of `ptrGetADCValues'; ./Core/Src/UnerProtocol.o:C:/Users/santi/OneDrive/Documentos/Micros/Micros2025/Bits32/BlackPill/BlackScreen/Debug/../Core/Inc/UnerProtocol.h:50: first defined here
collect2.exe: error: ld returned 1 exit status
make: *** [makefile:74: BlackScreen.elf] Error 1
"make -j8 all" terminated with exit code 2. Build might be incomplete.
18:39:58 **** Incremental Build of configuration Debug for project BlackScreen ****
make -j8 all 
arm-none-eabi-gcc "../Core/Src/UnerProtocol.c" -mcpu=cortex-m4 -std=gnu11 -g3 -DDEBUG -DUSE_HAL_DRIVER -DSTM32F411xE -c -I../Core/Inc -I../Drivers/STM32F4xx_HAL_Driver/Inc -I../Drivers/STM32F4xx_HAL_Driver/Inc/Legacy -I../Drivers/CMSIS/Device/ST/STM32F4xx/Include -I../Drivers/CMSIS/Include -I../USB_DEVICE/App -I../USB_DEVICE/Target -I../Middlewares/ST/STM32_USB_Device_Library/Core/Inc -I../Middlewares/ST/STM32_USB_Device_Library/Class/CDC/Inc -O0 -ffunction-sections -fdata-sections -Wall -fstack-usage -fcyclomatic-complexity -MMD -MP -MF"Core/Src/UnerProtocol.d" -MT"Core/Src/UnerProtocol.o" --specs=nano.specs -mfpu=fpv4-sp-d16 -mfloat-abi=hard -mthumb -o "Core/Src/UnerProtocol.o"
arm-none-eabi-gcc "../Core/Src/main.c" -mcpu=cortex-m4 -std=gnu11 -g3 -DDEBUG -DUSE_HAL_DRIVER -DSTM32F411xE -c -I../Core/Inc -I../Drivers/STM32F4xx_HAL_Driver/Inc -I../Drivers/STM32F4xx_HAL_Driver/Inc/Legacy -I../Drivers/CMSIS/Device/ST/STM32F4xx/Include -I../Drivers/CMSIS/Include -I../USB_DEVICE/App -I../USB_DEVICE/Target -I../Middlewares/ST/STM32_USB_Device_Library/Core/Inc -I../Middlewares/ST/STM32_USB_Device_Library/Class/CDC/Inc -O0 -ffunction-sections -fdata-sections -Wall -fstack-usage -fcyclomatic-complexity -MMD -MP -MF"Core/Src/main.d" -MT"Core/Src/main.o" --specs=nano.specs -mfpu=fpv4-sp-d16 -mfloat-abi=hard -mthumb -o "Core/Src/main.o"
../Core/Src/UnerProtocol.c: In function 'UP_decodeData':
../Core/Src/UnerProtocol.c:172:9: warning: implicit declaration of function 'ptrGetADCValues' [-Wimplicit-function-declaration]
  172 |         ptrGetADCValues(bufAux);
      |         ^~~~~~~~~~~~~~~
../Core/Src/main.c: In function 'main':
../Core/Src/main.c:344:3: error: 'ptrGetADCValues' undeclared (first use in this function); did you mean 'Get_ADCValues'?
  344 |   ptrGetADCValues = Get_ADCValues;
      |   ^~~~~~~~~~~~~~~
      |   Get_ADCValues
../Core/Src/main.c:344:3: note: each undeclared identifier is reported only once for each function it appears in
make: *** [Core/Src/subdir.mk:52: Core/Src/main.o] Error 1
"make -j8 all" terminated with exit code 2. Build might be incomplete.
18:40:55 **** Incremental Build of configuration Debug for project BlackScreen ****
make -j8 all 
arm-none-eabi-gcc "../Core/Src/main.c" -mcpu=cortex-m4 -std=gnu11 -g3 -DDEBUG -DUSE_HAL_DRIVER -DSTM32F411xE -c -I../Core/Inc -I../Drivers/STM32F4xx_HAL_Driver/Inc -I../Drivers/STM32F4xx_HAL_Driver/Inc/Legacy -I../Drivers/CMSIS/Device/ST/STM32F4xx/Include -I../Drivers/CMSIS/Include -I../USB_DEVICE/App -I../USB_DEVICE/Target -I../Middlewares/ST/STM32_USB_Device_Library/Core/Inc -I../Middlewares/ST/STM32_USB_Device_Library/Class/CDC/Inc -O0 -ffunction-sections -fdata-sections -Wall -fstack-usage -fcyclomatic-complexity -MMD -MP -MF"Core/Src/main.d" -MT"Core/Src/main.o" --specs=nano.specs -mfpu=fpv4-sp-d16 -mfloat-abi=hard -mthumb -o "Core/Src/main.o"
arm-none-eabi-gcc -o "BlackScreen.elf" @"objects.list"   -mcpu=cortex-m4 -T"C:\Users\santi\OneDrive\Documentos\Micros\Micros2025\Bits32\BlackPill\BlackScreen\STM32F411CEUX_FLASH.ld" --specs=nosys.specs -Wl,-Map="BlackScreen.map" -Wl,--gc-sections -static --specs=nano.specs -mfpu=fpv4-sp-d16 -mfloat-abi=hard -mthumb -u _printf_float -u _scanf_float -Wl,--start-group -lc -lm -Wl,--end-group
E:/STM/ID/STM32CubeIDE_1.18.1/STM32CubeIDE/plugins/com.st.stm32cube.ide.mcu.externaltools.gnu-tools-for-stm32.13.3.rel1.win32_1.0.0.202411081344/tools/bin/../lib/gcc/arm-none-eabi/13.3.1/../../../../arm-none-eabi/bin/ld.exe: ./Core/Src/UnerProtocol.o: in function `UP_decodeData':
C:/Users/santi/OneDrive/Documentos/Micros/Micros2025/Bits32/BlackPill/BlackScreen/Debug/../Core/Src/UnerProtocol.c:172:(.text.UP_decodeData+0x118): undefined reference to `ptrGetADCValues'
E:/STM/ID/STM32CubeIDE_1.18.1/STM32CubeIDE/plugins/com.st.stm32cube.ide.mcu.externaltools.gnu-tools-for-stm32.13.3.rel1.win32_1.0.0.202411081344/tools/bin/../lib/gcc/arm-none-eabi/13.3.1/../../../../arm-none-eabi/bin/ld.exe: ./Core/Src/main.o: in function `main':
C:/Users/santi/OneDrive/Documentos/Micros/Micros2025/Bits32/BlackPill/BlackScreen/Debug/../Core/Src/main.c:343:(.text.main+0xb2): undefined reference to `UP_attachData'
collect2.exe: error: ld returned 1 exit status
make: *** [makefile:74: BlackScreen.elf] Error 1
"make -j8 all" terminated with exit code 2. Build might be incomplete.
18:42:07 **** Incremental Build of configuration Debug for project BlackScreen ****
make -j8 all 
arm-none-eabi-gcc "../Core/Src/UnerProtocol.c" -mcpu=cortex-m4 -std=gnu11 -g3 -DDEBUG -DUSE_HAL_DRIVER -DSTM32F411xE -c -I../Core/Inc -I../Drivers/STM32F4xx_HAL_Driver/Inc -I../Drivers/STM32F4xx_HAL_Driver/Inc/Legacy -I../Drivers/CMSIS/Device/ST/STM32F4xx/Include -I../Drivers/CMSIS/Include -I../USB_DEVICE/App -I../USB_DEVICE/Target -I../Middlewares/ST/STM32_USB_Device_Library/Core/Inc -I../Middlewares/ST/STM32_USB_Device_Library/Class/CDC/Inc -O0 -ffunction-sections -fdata-sections -Wall -fstack-usage -fcyclomatic-complexity -MMD -MP -MF"Core/Src/UnerProtocol.d" -MT"Core/Src/UnerProtocol.o" --specs=nano.specs -mfpu=fpv4-sp-d16 -mfloat-abi=hard -mthumb -o "Core/Src/UnerProtocol.o"
../Core/Src/UnerProtocol.c: In function 'UP_decodeData':
../Core/Src/UnerProtocol.c:173:9: warning: implicit declaration of function 'ptrGetADCValues' [-Wimplicit-function-declaration]
  173 |         ptrGetADCValues(bufAux);
      |         ^~~~~~~~~~~~~~~
../Core/Src/UnerProtocol.c: At top level:
../Core/Src/UnerProtocol.c:16:15: warning: 'aPtrFunADC' defined but not used [-Wunused-variable]
   16 | static void (*aPtrFunADC)(uint8_t *buf) = NULL;
      |               ^~~~~~~~~~
arm-none-eabi-gcc -o "BlackScreen.elf" @"objects.list"   -mcpu=cortex-m4 -T"C:\Users\santi\OneDrive\Documentos\Micros\Micros2025\Bits32\BlackPill\BlackScreen\STM32F411CEUX_FLASH.ld" --specs=nosys.specs -Wl,-Map="BlackScreen.map" -Wl,--gc-sections -static --specs=nano.specs -mfpu=fpv4-sp-d16 -mfloat-abi=hard -mthumb -u _printf_float -u _scanf_float -Wl,--start-group -lc -lm -Wl,--end-group
E:/STM/ID/STM32CubeIDE_1.18.1/STM32CubeIDE/plugins/com.st.stm32cube.ide.mcu.externaltools.gnu-tools-for-stm32.13.3.rel1.win32_1.0.0.202411081344/tools/bin/../lib/gcc/arm-none-eabi/13.3.1/../../../../arm-none-eabi/bin/ld.exe: ./Core/Src/UnerProtocol.o: in function `UP_decodeData':
C:/Users/santi/OneDrive/Documentos/Micros/Micros2025/Bits32/BlackPill/BlackScreen/Debug/../Core/Src/UnerProtocol.c:173:(.text.UP_decodeData+0x118): undefined reference to `ptrGetADCValues'
E:/STM/ID/STM32CubeIDE_1.18.1/STM32CubeIDE/plugins/com.st.stm32cube.ide.mcu.externaltools.gnu-tools-for-stm32.13.3.rel1.win32_1.0.0.202411081344/tools/bin/../lib/gcc/arm-none-eabi/13.3.1/../../../../arm-none-eabi/bin/ld.exe: ./Core/Src/main.o: in function `main':
C:/Users/santi/OneDrive/Documentos/Micros/Micros2025/Bits32/BlackPill/BlackScreen/Debug/../Core/Src/main.c:343:(.text.main+0xb2): undefined reference to `UP_attachData'
collect2.exe: error: ld returned 1 exit status
make: *** [makefile:74: BlackScreen.elf] Error 1
"make -j8 all" terminated with exit code 2. Build might be incomplete.
18:43:22 **** Incremental Build of configuration Debug for project BlackScreen ****
make -j8 all 
arm-none-eabi-gcc "../Core/Src/UnerProtocol.c" -mcpu=cortex-m4 -std=gnu11 -g3 -DDEBUG -DUSE_HAL_DRIVER -DSTM32F411xE -c -I../Core/Inc -I../Drivers/STM32F4xx_HAL_Driver/Inc -I../Drivers/STM32F4xx_HAL_Driver/Inc/Legacy -I../Drivers/CMSIS/Device/ST/STM32F4xx/Include -I../Drivers/CMSIS/Include -I../USB_DEVICE/App -I../USB_DEVICE/Target -I../Middlewares/ST/STM32_USB_Device_Library/Core/Inc -I../Middlewares/ST/STM32_USB_Device_Library/Class/CDC/Inc -O0 -ffunction-sections -fdata-sections -Wall -fstack-usage -fcyclomatic-complexity -MMD -MP -MF"Core/Src/UnerProtocol.d" -MT"Core/Src/UnerProtocol.o" --specs=nano.specs -mfpu=fpv4-sp-d16 -mfloat-abi=hard -mthumb -o "Core/Src/UnerProtocol.o"
../Core/Src/UnerProtocol.c: In function 'UP_decodeData':
../Core/Src/UnerProtocol.c:173:9: warning: implicit declaration of function 'ptrGetADCValues' [-Wimplicit-function-declaration]
  173 |         ptrGetADCValues(bufAux);
      |         ^~~~~~~~~~~~~~~
arm-none-eabi-gcc -o "BlackScreen.elf" @"objects.list"   -mcpu=cortex-m4 -T"C:\Users\santi\OneDrive\Documentos\Micros\Micros2025\Bits32\BlackPill\BlackScreen\STM32F411CEUX_FLASH.ld" --specs=nosys.specs -Wl,-Map="BlackScreen.map" -Wl,--gc-sections -static --specs=nano.specs -mfpu=fpv4-sp-d16 -mfloat-abi=hard -mthumb -u _printf_float -u _scanf_float -Wl,--start-group -lc -lm -Wl,--end-group
E:/STM/ID/STM32CubeIDE_1.18.1/STM32CubeIDE/plugins/com.st.stm32cube.ide.mcu.externaltools.gnu-tools-for-stm32.13.3.rel1.win32_1.0.0.202411081344/tools/bin/../lib/gcc/arm-none-eabi/13.3.1/../../../../arm-none-eabi/bin/ld.exe: ./Core/Src/UnerProtocol.o: in function `UP_decodeData':
C:/Users/santi/OneDrive/Documentos/Micros/Micros2025/Bits32/BlackPill/BlackScreen/Debug/../Core/Src/UnerProtocol.c:173:(.text.UP_decodeData+0x118): undefined reference to `ptrGetADCValues'
collect2.exe: error: ld returned 1 exit status
make: *** [makefile:74: BlackScreen.elf] Error 1
"make -j8 all" terminated with exit code 2. Build might be incomplete.
18:44:03 **** Incremental Build of configuration Debug for project BlackScreen ****
make -j8 all 
arm-none-eabi-gcc "../Core/Src/UnerProtocol.c" -mcpu=cortex-m4 -std=gnu11 -g3 -DDEBUG -DUSE_HAL_DRIVER -DSTM32F411xE -c -I../Core/Inc -I../Drivers/STM32F4xx_HAL_Driver/Inc -I../Drivers/STM32F4xx_HAL_Driver/Inc/Legacy -I../Drivers/CMSIS/Device/ST/STM32F4xx/Include -I../Drivers/CMSIS/Include -I../USB_DEVICE/App -I../USB_DEVICE/Target -I../Middlewares/ST/STM32_USB_Device_Library/Core/Inc -I../Middlewares/ST/STM32_USB_Device_Library/Class/CDC/Inc -O0 -ffunction-sections -fdata-sections -Wall -fstack-usage -fcyclomatic-complexity -MMD -MP -MF"Core/Src/UnerProtocol.d" -MT"Core/Src/UnerProtocol.o" --specs=nano.specs -mfpu=fpv4-sp-d16 -mfloat-abi=hard -mthumb -o "Core/Src/UnerProtocol.o"
arm-none-eabi-gcc "../Core/Src/main.c" -mcpu=cortex-m4 -std=gnu11 -g3 -DDEBUG -DUSE_HAL_DRIVER -DSTM32F411xE -c -I../Core/Inc -I../Drivers/STM32F4xx_HAL_Driver/Inc -I../Drivers/STM32F4xx_HAL_Driver/Inc/Legacy -I../Drivers/CMSIS/Device/ST/STM32F4xx/Include -I../Drivers/CMSIS/Include -I../USB_DEVICE/App -I../USB_DEVICE/Target -I../Middlewares/ST/STM32_USB_Device_Library/Core/Inc -I../Middlewares/ST/STM32_USB_Device_Library/Class/CDC/Inc -O0 -ffunction-sections -fdata-sections -Wall -fstack-usage -fcyclomatic-complexity -MMD -MP -MF"Core/Src/main.d" -MT"Core/Src/main.o" --specs=nano.specs -mfpu=fpv4-sp-d16 -mfloat-abi=hard -mthumb -o "Core/Src/main.o"
arm-none-eabi-gcc -o "BlackScreen.elf" @"objects.list"   -mcpu=cortex-m4 -T"C:\Users\santi\OneDrive\Documentos\Micros\Micros2025\Bits32\BlackPill\BlackScreen\STM32F411CEUX_FLASH.ld" --specs=nosys.specs -Wl,-Map="BlackScreen.map" -Wl,--gc-sections -static --specs=nano.specs -mfpu=fpv4-sp-d16 -mfloat-abi=hard -mthumb -u _printf_float -u _scanf_float -Wl,--start-group -lc -lm -Wl,--end-group
Finished building target: BlackScreen.elf
 
arm-none-eabi-size  BlackScreen.elf 
arm-none-eabi-objdump -h -S BlackScreen.elf  > "BlackScreen.list"
arm-none-eabi-objcopy  -O ihex BlackScreen.elf  "BlackScreen.hex"
arm-none-eabi-objcopy  -O binary BlackScreen.elf  "BlackScreen.bin"
   text	   data	    bss	    dec	    hex	filename
  86816	    724	   8276	  95816	  17648	BlackScreen.elf
Finished building: default.size.stdout
 
Finished building: BlackScreen.bin
Finished building: BlackScreen.hex
 
 
Finished building: BlackScreen.list
 
18:50:41 **** Incremental Build of configuration Debug for project BlackScreen ****
make -j8 all 
arm-none-eabi-gcc "../Core/Src/main.c" -mcpu=cortex-m4 -std=gnu11 -g3 -DDEBUG -DUSE_HAL_DRIVER -DSTM32F411xE -c -I../Core/Inc -I../Drivers/STM32F4xx_HAL_Driver/Inc -I../Drivers/STM32F4xx_HAL_Driver/Inc/Legacy -I../Drivers/CMSIS/Device/ST/STM32F4xx/Include -I../Drivers/CMSIS/Include -I../USB_DEVICE/App -I../USB_DEVICE/Target -I../Middlewares/ST/STM32_USB_Device_Library/Core/Inc -I../Middlewares/ST/STM32_USB_Device_Library/Class/CDC/Inc -O0 -ffunction-sections -fdata-sections -Wall -fstack-usage -fcyclomatic-complexity -MMD -MP -MF"Core/Src/main.d" -MT"Core/Src/main.o" --specs=nano.specs -mfpu=fpv4-sp-d16 -mfloat-abi=hard -mthumb -o "Core/Src/main.o"
arm-none-eabi-gcc -o "BlackScreen.elf" @"objects.list"   -mcpu=cortex-m4 -T"C:\Users\santi\OneDrive\Documentos\Micros\Micros2025\Bits32\BlackPill\BlackScreen\STM32F411CEUX_FLASH.ld" --specs=nosys.specs -Wl,-Map="BlackScreen.map" -Wl,--gc-sections -static --specs=nano.specs -mfpu=fpv4-sp-d16 -mfloat-abi=hard -mthumb -u _printf_float -u _scanf_float -Wl,--start-group -lc -lm -Wl,--end-group
Finished building target: BlackScreen.elf
 
arm-none-eabi-size  BlackScreen.elf 
arm-none-eabi-objdump -h -S BlackScreen.elf  > "BlackScreen.list"
arm-none-eabi-objcopy  -O ihex BlackScreen.elf  "BlackScreen.hex"
   text	   data	    bss	    dec	    hex	filename
  74544	    716	   8244	  83504	  14630	BlackScreen.elf
arm-none-eabi-objcopy  -O binary BlackScreen.elf  "BlackScreen.bin"
Finished building: default.size.stdout
 
Finished building: BlackScreen.hex
Finished building: BlackScreen.bin
 
 
Finished building: BlackScreen.list
 
18:51:54 **** Incremental Build of configuration Debug for project BlackScreen ****
make -j8 all 
arm-none-eabi-gcc "../Core/Src/main.c" -mcpu=cortex-m4 -std=gnu11 -g3 -DDEBUG -DUSE_HAL_DRIVER -DSTM32F411xE -c -I../Core/Inc -I../Drivers/STM32F4xx_HAL_Driver/Inc -I../Drivers/STM32F4xx_HAL_Driver/Inc/Legacy -I../Drivers/CMSIS/Device/ST/STM32F4xx/Include -I../Drivers/CMSIS/Include -I../USB_DEVICE/App -I../USB_DEVICE/Target -I../Middlewares/ST/STM32_USB_Device_Library/Core/Inc -I../Middlewares/ST/STM32_USB_Device_Library/Class/CDC/Inc -O0 -ffunction-sections -fdata-sections -Wall -fstack-usage -fcyclomatic-complexity -MMD -MP -MF"Core/Src/main.d" -MT"Core/Src/main.o" --specs=nano.specs -mfpu=fpv4-sp-d16 -mfloat-abi=hard -mthumb -o "Core/Src/main.o"
../Core/Src/main.c: In function 'SSD1306_Task':
../Core/Src/main.c:192:61: error: 'ADC_to_Index' undeclared (first use in this function)
  192 |                                 if(adcValues.raw_Data[i] <= ADC_to_Index[j]){
      |                                                             ^~~~~~~~~~~~
../Core/Src/main.c:192:61: note: each undeclared identifier is reported only once for each function it appears in
../Core/Src/main.c:194:87: error: 'Index_to_Bar' undeclared (first use in this function)
  194 |                                         SSD1306_DrawLine(guiaBarras, 59,  guiaBarras, Index_to_Bar[j], BLACK);
      |                                                                                       ^~~~~~~~~~~~
make: *** [Core/Src/subdir.mk:52: Core/Src/main.o] Error 1
"make -j8 all" terminated with exit code 2. Build might be incomplete.
18:52:20 **** Incremental Build of configuration Debug for project BlackScreen ****
make -j8 all 
arm-none-eabi-gcc "../Core/Src/main.c" -mcpu=cortex-m4 -std=gnu11 -g3 -DDEBUG -DUSE_HAL_DRIVER -DSTM32F411xE -c -I../Core/Inc -I../Drivers/STM32F4xx_HAL_Driver/Inc -I../Drivers/STM32F4xx_HAL_Driver/Inc/Legacy -I../Drivers/CMSIS/Device/ST/STM32F4xx/Include -I../Drivers/CMSIS/Include -I../USB_DEVICE/App -I../USB_DEVICE/Target -I../Middlewares/ST/STM32_USB_Device_Library/Core/Inc -I../Middlewares/ST/STM32_USB_Device_Library/Class/CDC/Inc -O0 -ffunction-sections -fdata-sections -Wall -fstack-usage -fcyclomatic-complexity -MMD -MP -MF"Core/Src/main.d" -MT"Core/Src/main.o" --specs=nano.specs -mfpu=fpv4-sp-d16 -mfloat-abi=hard -mthumb -o "Core/Src/main.o"
arm-none-eabi-gcc -o "BlackScreen.elf" @"objects.list"   -mcpu=cortex-m4 -T"C:\Users\santi\OneDrive\Documentos\Micros\Micros2025\Bits32\BlackPill\BlackScreen\STM32F411CEUX_FLASH.ld" --specs=nosys.specs -Wl,-Map="BlackScreen.map" -Wl,--gc-sections -static --specs=nano.specs -mfpu=fpv4-sp-d16 -mfloat-abi=hard -mthumb -u _printf_float -u _scanf_float -Wl,--start-group -lc -lm -Wl,--end-group
Finished building target: BlackScreen.elf
 
arm-none-eabi-size  BlackScreen.elf 
arm-none-eabi-objdump -h -S BlackScreen.elf  > "BlackScreen.list"
arm-none-eabi-objcopy  -O ihex BlackScreen.elf  "BlackScreen.hex"
   text	   data	    bss	    dec	    hex	filename
  73104	    716	   8236	  82056	  14088	BlackScreen.elf
arm-none-eabi-objcopy  -O binary BlackScreen.elf  "BlackScreen.bin"
Finished building: default.size.stdout
 
Finished building: BlackScreen.hex
Finished building: BlackScreen.bin
 
 
Finished building: BlackScreen.list
 
18:59:23 **** Incremental Build of configuration Debug for project BlackScreen ****
make -j8 all 
arm-none-eabi-gcc "../Core/Src/main.c" -mcpu=cortex-m4 -std=gnu11 -g3 -DDEBUG -DUSE_HAL_DRIVER -DSTM32F411xE -c -I../Core/Inc -I../Drivers/STM32F4xx_HAL_Driver/Inc -I../Drivers/STM32F4xx_HAL_Driver/Inc/Legacy -I../Drivers/CMSIS/Device/ST/STM32F4xx/Include -I../Drivers/CMSIS/Include -I../USB_DEVICE/App -I../USB_DEVICE/Target -I../Middlewares/ST/STM32_USB_Device_Library/Core/Inc -I../Middlewares/ST/STM32_USB_Device_Library/Class/CDC/Inc -O0 -ffunction-sections -fdata-sections -Wall -fstack-usage -fcyclomatic-complexity -MMD -MP -MF"Core/Src/main.d" -MT"Core/Src/main.o" --specs=nano.specs -mfpu=fpv4-sp-d16 -mfloat-abi=hard -mthumb -o "Core/Src/main.o"
arm-none-eabi-gcc -o "BlackScreen.elf" @"objects.list"   -mcpu=cortex-m4 -T"C:\Users\santi\OneDrive\Documentos\Micros\Micros2025\Bits32\BlackPill\BlackScreen\STM32F411CEUX_FLASH.ld" --specs=nosys.specs -Wl,-Map="BlackScreen.map" -Wl,--gc-sections -static --specs=nano.specs -mfpu=fpv4-sp-d16 -mfloat-abi=hard -mthumb -u _printf_float -u _scanf_float -Wl,--start-group -lc -lm -Wl,--end-group
Finished building target: BlackScreen.elf
 
arm-none-eabi-size  BlackScreen.elf 
arm-none-eabi-objdump -h -S BlackScreen.elf  > "BlackScreen.list"
arm-none-eabi-objcopy  -O ihex BlackScreen.elf  "BlackScreen.hex"
arm-none-eabi-objcopy  -O binary BlackScreen.elf  "BlackScreen.bin"
   text	   data	    bss	    dec	    hex	filename
  70984	    716	   6964	  78664	  13348	BlackScreen.elf
Finished building: default.size.stdout
 
Finished building: BlackScreen.hex
Finished building: BlackScreen.bin
 
 
Finished building: BlackScreen.list
 
18:59:45 **** Incremental Build of configuration Debug for project BlackScreen ****
make -j8 all 
arm-none-eabi-gcc "../Core/Src/main.c" -mcpu=cortex-m4 -std=gnu11 -g3 -DDEBUG -DUSE_HAL_DRIVER -DSTM32F411xE -c -I../Core/Inc -I../Drivers/STM32F4xx_HAL_Driver/Inc -I../Drivers/STM32F4xx_HAL_Driver/Inc/Legacy -I../Drivers/CMSIS/Device/ST/STM32F4xx/Include -I../Drivers/CMSIS/Include -I../USB_DEVICE/App -I../USB_DEVICE/Target -I../Middlewares/ST/STM32_USB_Device_Library/Core/Inc -I../Middlewares/ST/STM32_USB_Device_Library/Class/CDC/Inc -O0 -ffunction-sections -fdata-sections -Wall -fstack-usage -fcyclomatic-complexity -MMD -MP -MF"Core/Src/main.d" -MT"Core/Src/main.o" --specs=nano.specs -mfpu=fpv4-sp-d16 -mfloat-abi=hard -mthumb -o "Core/Src/main.o"
arm-none-eabi-gcc -o "BlackScreen.elf" @"objects.list"   -mcpu=cortex-m4 -T"C:\Users\santi\OneDrive\Documentos\Micros\Micros2025\Bits32\BlackPill\BlackScreen\STM32F411CEUX_FLASH.ld" --specs=nosys.specs -Wl,-Map="BlackScreen.map" -Wl,--gc-sections -static --specs=nano.specs -mfpu=fpv4-sp-d16 -mfloat-abi=hard -mthumb -u _printf_float -u _scanf_float -Wl,--start-group -lc -lm -Wl,--end-group
Finished building target: BlackScreen.elf
 
arm-none-eabi-size  BlackScreen.elf 
arm-none-eabi-objdump -h -S BlackScreen.elf  > "BlackScreen.list"
arm-none-eabi-objcopy  -O ihex BlackScreen.elf  "BlackScreen.hex"
   text	   data	    bss	    dec	    hex	filename
  71032	    716	   6964	  78712	  13378	BlackScreen.elf
arm-none-eabi-objcopy  -O binary BlackScreen.elf  "BlackScreen.bin"
Finished building: default.size.stdout
 
Finished building: BlackScreen.hex
Finished building: BlackScreen.bin
 
 
Finished building: BlackScreen.list
 
18:59:56 **** Incremental Build of configuration Debug for project BlackScreen ****
make -j8 all 
arm-none-eabi-gcc "../Core/Src/main.c" -mcpu=cortex-m4 -std=gnu11 -g3 -DDEBUG -DUSE_HAL_DRIVER -DSTM32F411xE -c -I../Core/Inc -I../Drivers/STM32F4xx_HAL_Driver/Inc -I../Drivers/STM32F4xx_HAL_Driver/Inc/Legacy -I../Drivers/CMSIS/Device/ST/STM32F4xx/Include -I../Drivers/CMSIS/Include -I../USB_DEVICE/App -I../USB_DEVICE/Target -I../Middlewares/ST/STM32_USB_Device_Library/Core/Inc -I../Middlewares/ST/STM32_USB_Device_Library/Class/CDC/Inc -O0 -ffunction-sections -fdata-sections -Wall -fstack-usage -fcyclomatic-complexity -MMD -MP -MF"Core/Src/main.d" -MT"Core/Src/main.o" --specs=nano.specs -mfpu=fpv4-sp-d16 -mfloat-abi=hard -mthumb -o "Core/Src/main.o"
arm-none-eabi-gcc -o "BlackScreen.elf" @"objects.list"   -mcpu=cortex-m4 -T"C:\Users\santi\OneDrive\Documentos\Micros\Micros2025\Bits32\BlackPill\BlackScreen\STM32F411CEUX_FLASH.ld" --specs=nosys.specs -Wl,-Map="BlackScreen.map" -Wl,--gc-sections -static --specs=nano.specs -mfpu=fpv4-sp-d16 -mfloat-abi=hard -mthumb -u _printf_float -u _scanf_float -Wl,--start-group -lc -lm -Wl,--end-group
Finished building target: BlackScreen.elf
 
arm-none-eabi-size  BlackScreen.elf 
arm-none-eabi-objdump -h -S BlackScreen.elf  > "BlackScreen.list"
arm-none-eabi-objcopy  -O ihex BlackScreen.elf  "BlackScreen.hex"
   text	   data	    bss	    dec	    hex	filename
  71048	    716	   6964	  78728	  13388	BlackScreen.elf
arm-none-eabi-objcopy  -O binary BlackScreen.elf  "BlackScreen.bin"
Finished building: default.size.stdout
 
Finished building: BlackScreen.bin
Finished building: BlackScreen.hex
 
 
Finished building: BlackScreen.list
 
19:10:07 **** Incremental Build of configuration Debug for project BlackScreen ****
make -j8 all 
arm-none-eabi-gcc "../Core/Src/UnerProtocol.c" -mcpu=cortex-m4 -std=gnu11 -g3 -DDEBUG -DUSE_HAL_DRIVER -DSTM32F411xE -c -I../Core/Inc -I../Drivers/STM32F4xx_HAL_Driver/Inc -I../Drivers/STM32F4xx_HAL_Driver/Inc/Legacy -I../Drivers/CMSIS/Device/ST/STM32F4xx/Include -I../Drivers/CMSIS/Include -I../USB_DEVICE/App -I../USB_DEVICE/Target -I../Middlewares/ST/STM32_USB_Device_Library/Core/Inc -I../Middlewares/ST/STM32_USB_Device_Library/Class/CDC/Inc -O0 -ffunction-sections -fdata-sections -Wall -fstack-usage -fcyclomatic-complexity -MMD -MP -MF"Core/Src/UnerProtocol.d" -MT"Core/Src/UnerProtocol.o" --specs=nano.specs -mfpu=fpv4-sp-d16 -mfloat-abi=hard -mthumb -o "Core/Src/UnerProtocol.o"
arm-none-eabi-gcc -o "BlackScreen.elf" @"objects.list"   -mcpu=cortex-m4 -T"C:\Users\santi\OneDrive\Documentos\Micros\Micros2025\Bits32\BlackPill\BlackScreen\STM32F411CEUX_FLASH.ld" --specs=nosys.specs -Wl,-Map="BlackScreen.map" -Wl,--gc-sections -static --specs=nano.specs -mfpu=fpv4-sp-d16 -mfloat-abi=hard -mthumb -u _printf_float -u _scanf_float -Wl,--start-group -lc -lm -Wl,--end-group
Finished building target: BlackScreen.elf
 
arm-none-eabi-size  BlackScreen.elf 
arm-none-eabi-objdump -h -S BlackScreen.elf  > "BlackScreen.list"
arm-none-eabi-objcopy  -O ihex BlackScreen.elf  "BlackScreen.hex"
arm-none-eabi-objcopy  -O binary BlackScreen.elf  "BlackScreen.bin"
   text	   data	    bss	    dec	    hex	filename
  71088	    716	   6964	  78768	  133b0	BlackScreen.elf
Finished building: default.size.stdout
 
Finished building: BlackScreen.bin
Finished building: BlackScreen.hex
 
 
Finished building: BlackScreen.list
 
19:12:42 **** Incremental Build of configuration Debug for project BlackScreen ****
make -j8 all 
arm-none-eabi-gcc "../Core/Src/main.c" -mcpu=cortex-m4 -std=gnu11 -g3 -DDEBUG -DUSE_HAL_DRIVER -DSTM32F411xE -c -I../Core/Inc -I../Drivers/STM32F4xx_HAL_Driver/Inc -I../Drivers/STM32F4xx_HAL_Driver/Inc/Legacy -I../Drivers/CMSIS/Device/ST/STM32F4xx/Include -I../Drivers/CMSIS/Include -I../USB_DEVICE/App -I../USB_DEVICE/Target -I../Middlewares/ST/STM32_USB_Device_Library/Core/Inc -I../Middlewares/ST/STM32_USB_Device_Library/Class/CDC/Inc -O0 -ffunction-sections -fdata-sections -Wall -fstack-usage -fcyclomatic-complexity -MMD -MP -MF"Core/Src/main.d" -MT"Core/Src/main.o" --specs=nano.specs -mfpu=fpv4-sp-d16 -mfloat-abi=hard -mthumb -o "Core/Src/main.o"
arm-none-eabi-gcc -o "BlackScreen.elf" @"objects.list"   -mcpu=cortex-m4 -T"C:\Users\santi\OneDrive\Documentos\Micros\Micros2025\Bits32\BlackPill\BlackScreen\STM32F411CEUX_FLASH.ld" --specs=nosys.specs -Wl,-Map="BlackScreen.map" -Wl,--gc-sections -static --specs=nano.specs -mfpu=fpv4-sp-d16 -mfloat-abi=hard -mthumb -u _printf_float -u _scanf_float -Wl,--start-group -lc -lm -Wl,--end-group
Finished building target: BlackScreen.elf
 
arm-none-eabi-size  BlackScreen.elf 
arm-none-eabi-objdump -h -S BlackScreen.elf  > "BlackScreen.list"
arm-none-eabi-objcopy  -O ihex BlackScreen.elf  "BlackScreen.hex"
   text	   data	    bss	    dec	    hex	filename
  71088	    716	   6964	  78768	  133b0	BlackScreen.elf
arm-none-eabi-objcopy  -O binary BlackScreen.elf  "BlackScreen.bin"
Finished building: default.size.stdout
 
Finished building: BlackScreen.bin
Finished building: BlackScreen.hex
 
 
Finished building: BlackScreen.list
 
19:17:16 **** Incremental Build of configuration Debug for project BlackScreen ****
make -j8 all 
arm-none-eabi-gcc "../Core/Src/UnerProtocol.c" -mcpu=cortex-m4 -std=gnu11 -g3 -DDEBUG -DUSE_HAL_DRIVER -DSTM32F411xE -c -I../Core/Inc -I../Drivers/STM32F4xx_HAL_Driver/Inc -I../Drivers/STM32F4xx_HAL_Driver/Inc/Legacy -I../Drivers/CMSIS/Device/ST/STM32F4xx/Include -I../Drivers/CMSIS/Include -I../USB_DEVICE/App -I../USB_DEVICE/Target -I../Middlewares/ST/STM32_USB_Device_Library/Core/Inc -I../Middlewares/ST/STM32_USB_Device_Library/Class/CDC/Inc -O0 -ffunction-sections -fdata-sections -Wall -fstack-usage -fcyclomatic-complexity -MMD -MP -MF"Core/Src/UnerProtocol.d" -MT"Core/Src/UnerProtocol.o" --specs=nano.specs -mfpu=fpv4-sp-d16 -mfloat-abi=hard -mthumb -o "Core/Src/UnerProtocol.o"
arm-none-eabi-gcc -o "BlackScreen.elf" @"objects.list"   -mcpu=cortex-m4 -T"C:\Users\santi\OneDrive\Documentos\Micros\Micros2025\Bits32\BlackPill\BlackScreen\STM32F411CEUX_FLASH.ld" --specs=nosys.specs -Wl,-Map="BlackScreen.map" -Wl,--gc-sections -static --specs=nano.specs -mfpu=fpv4-sp-d16 -mfloat-abi=hard -mthumb -u _printf_float -u _scanf_float -Wl,--start-group -lc -lm -Wl,--end-group
Finished building target: BlackScreen.elf
 
arm-none-eabi-size  BlackScreen.elf 
arm-none-eabi-objdump -h -S BlackScreen.elf  > "BlackScreen.list"
arm-none-eabi-objcopy  -O ihex BlackScreen.elf  "BlackScreen.hex"
arm-none-eabi-objcopy  -O binary BlackScreen.elf  "BlackScreen.bin"
   text	   data	    bss	    dec	    hex	filename
  71088	    716	   6964	  78768	  133b0	BlackScreen.elf
Finished building: default.size.stdout
 
Finished building: BlackScreen.bin
Finished building: BlackScreen.hex
 
 
Finished building: BlackScreen.list
 
19:18:39 **** Incremental Build of configuration Debug for project BlackScreen ****
make -j8 all 
arm-none-eabi-gcc "../Core/Src/UnerProtocol.c" -mcpu=cortex-m4 -std=gnu11 -g3 -DDEBUG -DUSE_HAL_DRIVER -DSTM32F411xE -c -I../Core/Inc -I../Drivers/STM32F4xx_HAL_Driver/Inc -I../Drivers/STM32F4xx_HAL_Driver/Inc/Legacy -I../Drivers/CMSIS/Device/ST/STM32F4xx/Include -I../Drivers/CMSIS/Include -I../USB_DEVICE/App -I../USB_DEVICE/Target -I../Middlewares/ST/STM32_USB_Device_Library/Core/Inc -I../Middlewares/ST/STM32_USB_Device_Library/Class/CDC/Inc -O0 -ffunction-sections -fdata-sections -Wall -fstack-usage -fcyclomatic-complexity -MMD -MP -MF"Core/Src/UnerProtocol.d" -MT"Core/Src/UnerProtocol.o" --specs=nano.specs -mfpu=fpv4-sp-d16 -mfloat-abi=hard -mthumb -o "Core/Src/UnerProtocol.o"
arm-none-eabi-gcc -o "BlackScreen.elf" @"objects.list"   -mcpu=cortex-m4 -T"C:\Users\santi\OneDrive\Documentos\Micros\Micros2025\Bits32\BlackPill\BlackScreen\STM32F411CEUX_FLASH.ld" --specs=nosys.specs -Wl,-Map="BlackScreen.map" -Wl,--gc-sections -static --specs=nano.specs -mfpu=fpv4-sp-d16 -mfloat-abi=hard -mthumb -u _printf_float -u _scanf_float -Wl,--start-group -lc -lm -Wl,--end-group
Finished building target: BlackScreen.elf
 
arm-none-eabi-size  BlackScreen.elf 
arm-none-eabi-objdump -h -S BlackScreen.elf  > "BlackScreen.list"
arm-none-eabi-objcopy  -O ihex BlackScreen.elf  "BlackScreen.hex"
   text	   data	    bss	    dec	    hex	filename
  71088	    716	   6964	  78768	  133b0	BlackScreen.elf
arm-none-eabi-objcopy  -O binary BlackScreen.elf  "BlackScreen.bin"
Finished building: default.size.stdout
 
Finished building: BlackScreen.hex
Finished building: BlackScreen.bin
 
 
Finished building: BlackScreen.list
 
19:21:01 **** Incremental Build of configuration Debug for project BlackScreen ****
make -j8 all 
arm-none-eabi-gcc "../Core/Src/main.c" -mcpu=cortex-m4 -std=gnu11 -g3 -DDEBUG -DUSE_HAL_DRIVER -DSTM32F411xE -c -I../Core/Inc -I../Drivers/STM32F4xx_HAL_Driver/Inc -I../Drivers/STM32F4xx_HAL_Driver/Inc/Legacy -I../Drivers/CMSIS/Device/ST/STM32F4xx/Include -I../Drivers/CMSIS/Include -I../USB_DEVICE/App -I../USB_DEVICE/Target -I../Middlewares/ST/STM32_USB_Device_Library/Core/Inc -I../Middlewares/ST/STM32_USB_Device_Library/Class/CDC/Inc -O0 -ffunction-sections -fdata-sections -Wall -fstack-usage -fcyclomatic-complexity -MMD -MP -MF"Core/Src/main.d" -MT"Core/Src/main.o" --specs=nano.specs -mfpu=fpv4-sp-d16 -mfloat-abi=hard -mthumb -o "Core/Src/main.o"
arm-none-eabi-gcc -o "BlackScreen.elf" @"objects.list"   -mcpu=cortex-m4 -T"C:\Users\santi\OneDrive\Documentos\Micros\Micros2025\Bits32\BlackPill\BlackScreen\STM32F411CEUX_FLASH.ld" --specs=nosys.specs -Wl,-Map="BlackScreen.map" -Wl,--gc-sections -static --specs=nano.specs -mfpu=fpv4-sp-d16 -mfloat-abi=hard -mthumb -u _printf_float -u _scanf_float -Wl,--start-group -lc -lm -Wl,--end-group
Finished building target: BlackScreen.elf
 
arm-none-eabi-size  BlackScreen.elf 
arm-none-eabi-objdump -h -S BlackScreen.elf  > "BlackScreen.list"
arm-none-eabi-objcopy  -O ihex BlackScreen.elf  "BlackScreen.hex"
   text	   data	    bss	    dec	    hex	filename
  71080	    716	   6964	  78760	  133a8	BlackScreen.elf
arm-none-eabi-objcopy  -O binary BlackScreen.elf  "BlackScreen.bin"
Finished building: default.size.stdout
 
Finished building: BlackScreen.hex
Finished building: BlackScreen.bin
 
 
Finished building: BlackScreen.list
 
19:32:44 **** Incremental Build of configuration Debug for project BlackScreen ****
make -j8 all 
arm-none-eabi-gcc "../Core/Src/UnerProtocol.c" -mcpu=cortex-m4 -std=gnu11 -g3 -DDEBUG -DUSE_HAL_DRIVER -DSTM32F411xE -c -I../Core/Inc -I../Drivers/STM32F4xx_HAL_Driver/Inc -I../Drivers/STM32F4xx_HAL_Driver/Inc/Legacy -I../Drivers/CMSIS/Device/ST/STM32F4xx/Include -I../Drivers/CMSIS/Include -I../USB_DEVICE/App -I../USB_DEVICE/Target -I../Middlewares/ST/STM32_USB_Device_Library/Core/Inc -I../Middlewares/ST/STM32_USB_Device_Library/Class/CDC/Inc -O0 -ffunction-sections -fdata-sections -Wall -fstack-usage -fcyclomatic-complexity -MMD -MP -MF"Core/Src/UnerProtocol.d" -MT"Core/Src/UnerProtocol.o" --specs=nano.specs -mfpu=fpv4-sp-d16 -mfloat-abi=hard -mthumb -o "Core/Src/UnerProtocol.o"
arm-none-eabi-gcc "../Core/Src/main.c" -mcpu=cortex-m4 -std=gnu11 -g3 -DDEBUG -DUSE_HAL_DRIVER -DSTM32F411xE -c -I../Core/Inc -I../Drivers/STM32F4xx_HAL_Driver/Inc -I../Drivers/STM32F4xx_HAL_Driver/Inc/Legacy -I../Drivers/CMSIS/Device/ST/STM32F4xx/Include -I../Drivers/CMSIS/Include -I../USB_DEVICE/App -I../USB_DEVICE/Target -I../Middlewares/ST/STM32_USB_Device_Library/Core/Inc -I../Middlewares/ST/STM32_USB_Device_Library/Class/CDC/Inc -O0 -ffunction-sections -fdata-sections -Wall -fstack-usage -fcyclomatic-complexity -MMD -MP -MF"Core/Src/main.d" -MT"Core/Src/main.o" --specs=nano.specs -mfpu=fpv4-sp-d16 -mfloat-abi=hard -mthumb -o "Core/Src/main.o"
arm-none-eabi-gcc -o "BlackScreen.elf" @"objects.list"   -mcpu=cortex-m4 -T"C:\Users\santi\OneDrive\Documentos\Micros\Micros2025\Bits32\BlackPill\BlackScreen\STM32F411CEUX_FLASH.ld" --specs=nosys.specs -Wl,-Map="BlackScreen.map" -Wl,--gc-sections -static --specs=nano.specs -mfpu=fpv4-sp-d16 -mfloat-abi=hard -mthumb -u _printf_float -u _scanf_float -Wl,--start-group -lc -lm -Wl,--end-group
Finished building target: BlackScreen.elf
 
arm-none-eabi-size  BlackScreen.elf 
arm-none-eabi-objdump -h -S BlackScreen.elf  > "BlackScreen.list"
arm-none-eabi-objcopy  -O ihex BlackScreen.elf  "BlackScreen.hex"
arm-none-eabi-objcopy  -O binary BlackScreen.elf  "BlackScreen.bin"
   text	   data	    bss	    dec	    hex	filename
  71080	    716	   6964	  78760	  133a8	BlackScreen.elf
Finished building: default.size.stdout
 
Finished building: BlackScreen.hex
Finished building: BlackScreen.bin
 
 
Finished building: BlackScreen.list
 
19:35:48 **** Incremental Build of configuration Debug for project BlackScreen ****
make -j8 all 
arm-none-eabi-gcc "../Core/Src/UnerProtocol.c" -mcpu=cortex-m4 -std=gnu11 -g3 -DDEBUG -DUSE_HAL_DRIVER -DSTM32F411xE -c -I../Core/Inc -I../Drivers/STM32F4xx_HAL_Driver/Inc -I../Drivers/STM32F4xx_HAL_Driver/Inc/Legacy -I../Drivers/CMSIS/Device/ST/STM32F4xx/Include -I../Drivers/CMSIS/Include -I../USB_DEVICE/App -I../USB_DEVICE/Target -I../Middlewares/ST/STM32_USB_Device_Library/Core/Inc -I../Middlewares/ST/STM32_USB_Device_Library/Class/CDC/Inc -O0 -ffunction-sections -fdata-sections -Wall -fstack-usage -fcyclomatic-complexity -MMD -MP -MF"Core/Src/UnerProtocol.d" -MT"Core/Src/UnerProtocol.o" --specs=nano.specs -mfpu=fpv4-sp-d16 -mfloat-abi=hard -mthumb -o "Core/Src/UnerProtocol.o"
arm-none-eabi-gcc -o "BlackScreen.elf" @"objects.list"   -mcpu=cortex-m4 -T"C:\Users\santi\OneDrive\Documentos\Micros\Micros2025\Bits32\BlackPill\BlackScreen\STM32F411CEUX_FLASH.ld" --specs=nosys.specs -Wl,-Map="BlackScreen.map" -Wl,--gc-sections -static --specs=nano.specs -mfpu=fpv4-sp-d16 -mfloat-abi=hard -mthumb -u _printf_float -u _scanf_float -Wl,--start-group -lc -lm -Wl,--end-group
Finished building target: BlackScreen.elf
 
arm-none-eabi-size  BlackScreen.elf 
arm-none-eabi-objdump -h -S BlackScreen.elf  > "BlackScreen.list"
arm-none-eabi-objcopy  -O ihex BlackScreen.elf  "BlackScreen.hex"
arm-none-eabi-objcopy  -O binary BlackScreen.elf  "BlackScreen.bin"
   text	   data	    bss	    dec	    hex	filename
  71080	    716	   6964	  78760	  133a8	BlackScreen.elf
Finished building: default.size.stdout
 
Finished building: BlackScreen.hex
Finished building: BlackScreen.bin
 
 
Finished building: BlackScreen.list
 
19:41:03 **** Incremental Build of configuration Debug for project BlackScreen ****
make -j8 all 
arm-none-eabi-gcc "../Core/Src/UnerProtocol.c" -mcpu=cortex-m4 -std=gnu11 -g3 -DDEBUG -DUSE_HAL_DRIVER -DSTM32F411xE -c -I../Core/Inc -I../Drivers/STM32F4xx_HAL_Driver/Inc -I../Drivers/STM32F4xx_HAL_Driver/Inc/Legacy -I../Drivers/CMSIS/Device/ST/STM32F4xx/Include -I../Drivers/CMSIS/Include -I../USB_DEVICE/App -I../USB_DEVICE/Target -I../Middlewares/ST/STM32_USB_Device_Library/Core/Inc -I../Middlewares/ST/STM32_USB_Device_Library/Class/CDC/Inc -O0 -ffunction-sections -fdata-sections -Wall -fstack-usage -fcyclomatic-complexity -MMD -MP -MF"Core/Src/UnerProtocol.d" -MT"Core/Src/UnerProtocol.o" --specs=nano.specs -mfpu=fpv4-sp-d16 -mfloat-abi=hard -mthumb -o "Core/Src/UnerProtocol.o"
../Core/Src/UnerProtocol.c: In function 'UP_decodeData':
../Core/Src/UnerProtocol.c:129:45: warning: variable 'bufcmd' set but not used [-Wunused-but-set-variable]
  129 |     uint8_t bufAux[30], indiceAux=0,bytes=0,bufcmd=0;
      |                                             ^~~~~~
arm-none-eabi-gcc -o "BlackScreen.elf" @"objects.list"   -mcpu=cortex-m4 -T"C:\Users\santi\OneDrive\Documentos\Micros\Micros2025\Bits32\BlackPill\BlackScreen\STM32F411CEUX_FLASH.ld" --specs=nosys.specs -Wl,-Map="BlackScreen.map" -Wl,--gc-sections -static --specs=nano.specs -mfpu=fpv4-sp-d16 -mfloat-abi=hard -mthumb -u _printf_float -u _scanf_float -Wl,--start-group -lc -lm -Wl,--end-group
Finished building target: BlackScreen.elf
 
arm-none-eabi-size  BlackScreen.elf 
arm-none-eabi-objdump -h -S BlackScreen.elf  > "BlackScreen.list"
arm-none-eabi-objcopy  -O ihex BlackScreen.elf  "BlackScreen.hex"
arm-none-eabi-objcopy  -O binary BlackScreen.elf  "BlackScreen.bin"
   text	   data	    bss	    dec	    hex	filename
  71072	    716	   6964	  78752	  133a0	BlackScreen.elf
Finished building: default.size.stdout
 
Finished building: BlackScreen.hex
Finished building: BlackScreen.bin
 
 
Finished building: BlackScreen.list
 
19:41:26 **** Incremental Build of configuration Debug for project BlackScreen ****
make -j8 all 
arm-none-eabi-gcc "../Core/Src/UnerProtocol.c" -mcpu=cortex-m4 -std=gnu11 -g3 -DDEBUG -DUSE_HAL_DRIVER -DSTM32F411xE -c -I../Core/Inc -I../Drivers/STM32F4xx_HAL_Driver/Inc -I../Drivers/STM32F4xx_HAL_Driver/Inc/Legacy -I../Drivers/CMSIS/Device/ST/STM32F4xx/Include -I../Drivers/CMSIS/Include -I../USB_DEVICE/App -I../USB_DEVICE/Target -I../Middlewares/ST/STM32_USB_Device_Library/Core/Inc -I../Middlewares/ST/STM32_USB_Device_Library/Class/CDC/Inc -O0 -ffunction-sections -fdata-sections -Wall -fstack-usage -fcyclomatic-complexity -MMD -MP -MF"Core/Src/UnerProtocol.d" -MT"Core/Src/UnerProtocol.o" --specs=nano.specs -mfpu=fpv4-sp-d16 -mfloat-abi=hard -mthumb -o "Core/Src/UnerProtocol.o"
arm-none-eabi-gcc -o "BlackScreen.elf" @"objects.list"   -mcpu=cortex-m4 -T"C:\Users\santi\OneDrive\Documentos\Micros\Micros2025\Bits32\BlackPill\BlackScreen\STM32F411CEUX_FLASH.ld" --specs=nosys.specs -Wl,-Map="BlackScreen.map" -Wl,--gc-sections -static --specs=nano.specs -mfpu=fpv4-sp-d16 -mfloat-abi=hard -mthumb -u _printf_float -u _scanf_float -Wl,--start-group -lc -lm -Wl,--end-group
Finished building target: BlackScreen.elf
 
arm-none-eabi-size  BlackScreen.elf 
arm-none-eabi-objdump -h -S BlackScreen.elf  > "BlackScreen.list"
arm-none-eabi-objcopy  -O ihex BlackScreen.elf  "BlackScreen.hex"
   text	   data	    bss	    dec	    hex	filename
  71080	    716	   6964	  78760	  133a8	BlackScreen.elf
arm-none-eabi-objcopy  -O binary BlackScreen.elf  "BlackScreen.bin"
Finished building: default.size.stdout
 
Finished building: BlackScreen.hex
Finished building: BlackScreen.bin
 
 
Finished building: BlackScreen.list
 
19:42:43 **** Incremental Build of configuration Debug for project BlackScreen ****
make -j8 all 
arm-none-eabi-gcc "../Core/Src/UnerProtocol.c" -mcpu=cortex-m4 -std=gnu11 -g3 -DDEBUG -DUSE_HAL_DRIVER -DSTM32F411xE -c -I../Core/Inc -I../Drivers/STM32F4xx_HAL_Driver/Inc -I../Drivers/STM32F4xx_HAL_Driver/Inc/Legacy -I../Drivers/CMSIS/Device/ST/STM32F4xx/Include -I../Drivers/CMSIS/Include -I../USB_DEVICE/App -I../USB_DEVICE/Target -I../Middlewares/ST/STM32_USB_Device_Library/Core/Inc -I../Middlewares/ST/STM32_USB_Device_Library/Class/CDC/Inc -O0 -ffunction-sections -fdata-sections -Wall -fstack-usage -fcyclomatic-complexity -MMD -MP -MF"Core/Src/UnerProtocol.d" -MT"Core/Src/UnerProtocol.o" --specs=nano.specs -mfpu=fpv4-sp-d16 -mfloat-abi=hard -mthumb -o "Core/Src/UnerProtocol.o"
../Core/Src/UnerProtocol.c: In function 'UP_decodeData':
../Core/Src/UnerProtocol.c:130:20: warning: unused variable 'cmd' [-Wunused-variable]
  130 |     _eEstadoMEFcmd cmd;
      |                    ^~~
arm-none-eabi-gcc -o "BlackScreen.elf" @"objects.list"   -mcpu=cortex-m4 -T"C:\Users\santi\OneDrive\Documentos\Micros\Micros2025\Bits32\BlackPill\BlackScreen\STM32F411CEUX_FLASH.ld" --specs=nosys.specs -Wl,-Map="BlackScreen.map" -Wl,--gc-sections -static --specs=nano.specs -mfpu=fpv4-sp-d16 -mfloat-abi=hard -mthumb -u _printf_float -u _scanf_float -Wl,--start-group -lc -lm -Wl,--end-group
Finished building target: BlackScreen.elf
 
arm-none-eabi-size  BlackScreen.elf 
arm-none-eabi-objdump -h -S BlackScreen.elf  > "BlackScreen.list"
arm-none-eabi-objcopy  -O ihex BlackScreen.elf  "BlackScreen.hex"
   text	   data	    bss	    dec	    hex	filename
  71072	    716	   6964	  78752	  133a0	BlackScreen.elf
arm-none-eabi-objcopy  -O binary BlackScreen.elf  "BlackScreen.bin"
Finished building: default.size.stdout
 
Finished building: BlackScreen.hex
Finished building: BlackScreen.bin
 
 
Finished building: BlackScreen.list
 
19:42:49 **** Incremental Build of configuration Debug for project BlackScreen ****
make -j8 all 
arm-none-eabi-gcc "../Core/Src/UnerProtocol.c" -mcpu=cortex-m4 -std=gnu11 -g3 -DDEBUG -DUSE_HAL_DRIVER -DSTM32F411xE -c -I../Core/Inc -I../Drivers/STM32F4xx_HAL_Driver/Inc -I../Drivers/STM32F4xx_HAL_Driver/Inc/Legacy -I../Drivers/CMSIS/Device/ST/STM32F4xx/Include -I../Drivers/CMSIS/Include -I../USB_DEVICE/App -I../USB_DEVICE/Target -I../Middlewares/ST/STM32_USB_Device_Library/Core/Inc -I../Middlewares/ST/STM32_USB_Device_Library/Class/CDC/Inc -O0 -ffunction-sections -fdata-sections -Wall -fstack-usage -fcyclomatic-complexity -MMD -MP -MF"Core/Src/UnerProtocol.d" -MT"Core/Src/UnerProtocol.o" --specs=nano.specs -mfpu=fpv4-sp-d16 -mfloat-abi=hard -mthumb -o "Core/Src/UnerProtocol.o"
arm-none-eabi-gcc -o "BlackScreen.elf" @"objects.list"   -mcpu=cortex-m4 -T"C:\Users\santi\OneDrive\Documentos\Micros\Micros2025\Bits32\BlackPill\BlackScreen\STM32F411CEUX_FLASH.ld" --specs=nosys.specs -Wl,-Map="BlackScreen.map" -Wl,--gc-sections -static --specs=nano.specs -mfpu=fpv4-sp-d16 -mfloat-abi=hard -mthumb -u _printf_float -u _scanf_float -Wl,--start-group -lc -lm -Wl,--end-group
Finished building target: BlackScreen.elf
 
arm-none-eabi-size  BlackScreen.elf 
arm-none-eabi-objdump -h -S BlackScreen.elf  > "BlackScreen.list"
arm-none-eabi-objcopy  -O ihex BlackScreen.elf  "BlackScreen.hex"
   text	   data	    bss	    dec	    hex	filename
  71072	    716	   6964	  78752	  133a0	BlackScreen.elf
arm-none-eabi-objcopy  -O binary BlackScreen.elf  "BlackScreen.bin"
Finished building: default.size.stdout
 
Finished building: BlackScreen.bin
Finished building: BlackScreen.hex
 
 
Finished building: BlackScreen.list
 
19:43:53 **** Incremental Build of configuration Debug for project BlackScreen ****
make -j8 all 
arm-none-eabi-gcc "../Core/Src/main.c" -mcpu=cortex-m4 -std=gnu11 -g3 -DDEBUG -DUSE_HAL_DRIVER -DSTM32F411xE -c -I../Core/Inc -I../Drivers/STM32F4xx_HAL_Driver/Inc -I../Drivers/STM32F4xx_HAL_Driver/Inc/Legacy -I../Drivers/CMSIS/Device/ST/STM32F4xx/Include -I../Drivers/CMSIS/Include -I../USB_DEVICE/App -I../USB_DEVICE/Target -I../Middlewares/ST/STM32_USB_Device_Library/Core/Inc -I../Middlewares/ST/STM32_USB_Device_Library/Class/CDC/Inc -O0 -ffunction-sections -fdata-sections -Wall -fstack-usage -fcyclomatic-complexity -MMD -MP -MF"Core/Src/main.d" -MT"Core/Src/main.o" --specs=nano.specs -mfpu=fpv4-sp-d16 -mfloat-abi=hard -mthumb -o "Core/Src/main.o"
arm-none-eabi-gcc -o "BlackScreen.elf" @"objects.list"   -mcpu=cortex-m4 -T"C:\Users\santi\OneDrive\Documentos\Micros\Micros2025\Bits32\BlackPill\BlackScreen\STM32F411CEUX_FLASH.ld" --specs=nosys.specs -Wl,-Map="BlackScreen.map" -Wl,--gc-sections -static --specs=nano.specs -mfpu=fpv4-sp-d16 -mfloat-abi=hard -mthumb -u _printf_float -u _scanf_float -Wl,--start-group -lc -lm -Wl,--end-group
Finished building target: BlackScreen.elf
 
arm-none-eabi-size  BlackScreen.elf 
arm-none-eabi-objdump -h -S BlackScreen.elf  > "BlackScreen.list"
arm-none-eabi-objcopy  -O ihex BlackScreen.elf  "BlackScreen.hex"
   text	   data	    bss	    dec	    hex	filename
  71072	    716	   6964	  78752	  133a0	BlackScreen.elf
arm-none-eabi-objcopy  -O binary BlackScreen.elf  "BlackScreen.bin"
Finished building: default.size.stdout
 
Finished building: BlackScreen.hex
Finished building: BlackScreen.bin
 
 
Finished building: BlackScreen.list
 
19:45:47 **** Incremental Build of configuration Debug for project BlackScreen ****
make -j8 all 
arm-none-eabi-gcc "../Core/Src/UnerProtocol.c" -mcpu=cortex-m4 -std=gnu11 -g3 -DDEBUG -DUSE_HAL_DRIVER -DSTM32F411xE -c -I../Core/Inc -I../Drivers/STM32F4xx_HAL_Driver/Inc -I../Drivers/STM32F4xx_HAL_Driver/Inc/Legacy -I../Drivers/CMSIS/Device/ST/STM32F4xx/Include -I../Drivers/CMSIS/Include -I../USB_DEVICE/App -I../USB_DEVICE/Target -I../Middlewares/ST/STM32_USB_Device_Library/Core/Inc -I../Middlewares/ST/STM32_USB_Device_Library/Class/CDC/Inc -O0 -ffunction-sections -fdata-sections -Wall -fstack-usage -fcyclomatic-complexity -MMD -MP -MF"Core/Src/UnerProtocol.d" -MT"Core/Src/UnerProtocol.o" --specs=nano.specs -mfpu=fpv4-sp-d16 -mfloat-abi=hard -mthumb -o "Core/Src/UnerProtocol.o"
arm-none-eabi-gcc -o "BlackScreen.elf" @"objects.list"   -mcpu=cortex-m4 -T"C:\Users\santi\OneDrive\Documentos\Micros\Micros2025\Bits32\BlackPill\BlackScreen\STM32F411CEUX_FLASH.ld" --specs=nosys.specs -Wl,-Map="BlackScreen.map" -Wl,--gc-sections -static --specs=nano.specs -mfpu=fpv4-sp-d16 -mfloat-abi=hard -mthumb -u _printf_float -u _scanf_float -Wl,--start-group -lc -lm -Wl,--end-group
Finished building target: BlackScreen.elf
 
arm-none-eabi-size  BlackScreen.elf 
arm-none-eabi-objdump -h -S BlackScreen.elf  > "BlackScreen.list"
arm-none-eabi-objcopy  -O ihex BlackScreen.elf  "BlackScreen.hex"
arm-none-eabi-objcopy  -O binary BlackScreen.elf  "BlackScreen.bin"
   text	   data	    bss	    dec	    hex	filename
  71072	    716	   6964	  78752	  133a0	BlackScreen.elf
Finished building: default.size.stdout
 
Finished building: BlackScreen.bin
Finished building: BlackScreen.hex
 
 
Finished building: BlackScreen.list
 
19:46:14 **** Incremental Build of configuration Debug for project BlackScreen ****
make -j8 all 
arm-none-eabi-size  BlackScreen.elf 
   text	   data	    bss	    dec	    hex	filename
  71072	    716	   6964	  78752	  133a0	BlackScreen.elf
Finished building: default.size.stdout
 
19:49:33 **** Incremental Build of configuration Debug for project BlackScreen ****
make -j8 all 
arm-none-eabi-gcc "../Core/Src/UnerProtocol.c" -mcpu=cortex-m4 -std=gnu11 -g3 -DDEBUG -DUSE_HAL_DRIVER -DSTM32F411xE -c -I../Core/Inc -I../Drivers/STM32F4xx_HAL_Driver/Inc -I../Drivers/STM32F4xx_HAL_Driver/Inc/Legacy -I../Drivers/CMSIS/Device/ST/STM32F4xx/Include -I../Drivers/CMSIS/Include -I../USB_DEVICE/App -I../USB_DEVICE/Target -I../Middlewares/ST/STM32_USB_Device_Library/Core/Inc -I../Middlewares/ST/STM32_USB_Device_Library/Class/CDC/Inc -O0 -ffunction-sections -fdata-sections -Wall -fstack-usage -fcyclomatic-complexity -MMD -MP -MF"Core/Src/UnerProtocol.d" -MT"Core/Src/UnerProtocol.o" --specs=nano.specs -mfpu=fpv4-sp-d16 -mfloat-abi=hard -mthumb -o "Core/Src/UnerProtocol.o"
arm-none-eabi-gcc -o "BlackScreen.elf" @"objects.list"   -mcpu=cortex-m4 -T"C:\Users\santi\OneDrive\Documentos\Micros\Micros2025\Bits32\BlackPill\BlackScreen\STM32F411CEUX_FLASH.ld" --specs=nosys.specs -Wl,-Map="BlackScreen.map" -Wl,--gc-sections -static --specs=nano.specs -mfpu=fpv4-sp-d16 -mfloat-abi=hard -mthumb -u _printf_float -u _scanf_float -Wl,--start-group -lc -lm -Wl,--end-group
Finished building target: BlackScreen.elf
 
arm-none-eabi-size  BlackScreen.elf 
arm-none-eabi-objdump -h -S BlackScreen.elf  > "BlackScreen.list"
arm-none-eabi-objcopy  -O ihex BlackScreen.elf  "BlackScreen.hex"
   text	   data	    bss	    dec	    hex	filename
  71072	    716	   6964	  78752	  133a0	BlackScreen.elf
arm-none-eabi-objcopy  -O binary BlackScreen.elf  "BlackScreen.bin"
Finished building: default.size.stdout
 
Finished building: BlackScreen.hex
Finished building: BlackScreen.bin
 
 
Finished building: BlackScreen.list
 
19:50:48 **** Incremental Build of configuration Debug for project BlackScreen ****
make -j8 all 
arm-none-eabi-gcc "../Core/Src/main.c" -mcpu=cortex-m4 -std=gnu11 -g3 -DDEBUG -DUSE_HAL_DRIVER -DSTM32F411xE -c -I../Core/Inc -I../Drivers/STM32F4xx_HAL_Driver/Inc -I../Drivers/STM32F4xx_HAL_Driver/Inc/Legacy -I../Drivers/CMSIS/Device/ST/STM32F4xx/Include -I../Drivers/CMSIS/Include -I../USB_DEVICE/App -I../USB_DEVICE/Target -I../Middlewares/ST/STM32_USB_Device_Library/Core/Inc -I../Middlewares/ST/STM32_USB_Device_Library/Class/CDC/Inc -O0 -ffunction-sections -fdata-sections -Wall -fstack-usage -fcyclomatic-complexity -MMD -MP -MF"Core/Src/main.d" -MT"Core/Src/main.o" --specs=nano.specs -mfpu=fpv4-sp-d16 -mfloat-abi=hard -mthumb -o "Core/Src/main.o"
arm-none-eabi-gcc -o "BlackScreen.elf" @"objects.list"   -mcpu=cortex-m4 -T"C:\Users\santi\OneDrive\Documentos\Micros\Micros2025\Bits32\BlackPill\BlackScreen\STM32F411CEUX_FLASH.ld" --specs=nosys.specs -Wl,-Map="BlackScreen.map" -Wl,--gc-sections -static --specs=nano.specs -mfpu=fpv4-sp-d16 -mfloat-abi=hard -mthumb -u _printf_float -u _scanf_float -Wl,--start-group -lc -lm -Wl,--end-group
Finished building target: BlackScreen.elf
 
arm-none-eabi-size  BlackScreen.elf 
arm-none-eabi-objdump -h -S BlackScreen.elf  > "BlackScreen.list"
arm-none-eabi-objcopy  -O ihex BlackScreen.elf  "BlackScreen.hex"
   text	   data	    bss	    dec	    hex	filename
  71072	    716	   6964	  78752	  133a0	BlackScreen.elf
arm-none-eabi-objcopy  -O binary BlackScreen.elf  "BlackScreen.bin"
Finished building: default.size.stdout
 
Finished building: BlackScreen.hex
Finished building: BlackScreen.bin
 
 
Finished building: BlackScreen.list
 
19:51:51 **** Incremental Build of configuration Debug for project BlackScreen ****
make -j8 all 
arm-none-eabi-gcc "../Core/Src/main.c" -mcpu=cortex-m4 -std=gnu11 -g3 -DDEBUG -DUSE_HAL_DRIVER -DSTM32F411xE -c -I../Core/Inc -I../Drivers/STM32F4xx_HAL_Driver/Inc -I../Drivers/STM32F4xx_HAL_Driver/Inc/Legacy -I../Drivers/CMSIS/Device/ST/STM32F4xx/Include -I../Drivers/CMSIS/Include -I../USB_DEVICE/App -I../USB_DEVICE/Target -I../Middlewares/ST/STM32_USB_Device_Library/Core/Inc -I../Middlewares/ST/STM32_USB_Device_Library/Class/CDC/Inc -O0 -ffunction-sections -fdata-sections -Wall -fstack-usage -fcyclomatic-complexity -MMD -MP -MF"Core/Src/main.d" -MT"Core/Src/main.o" --specs=nano.specs -mfpu=fpv4-sp-d16 -mfloat-abi=hard -mthumb -o "Core/Src/main.o"
arm-none-eabi-gcc -o "BlackScreen.elf" @"objects.list"   -mcpu=cortex-m4 -T"C:\Users\santi\OneDrive\Documentos\Micros\Micros2025\Bits32\BlackPill\BlackScreen\STM32F411CEUX_FLASH.ld" --specs=nosys.specs -Wl,-Map="BlackScreen.map" -Wl,--gc-sections -static --specs=nano.specs -mfpu=fpv4-sp-d16 -mfloat-abi=hard -mthumb -u _printf_float -u _scanf_float -Wl,--start-group -lc -lm -Wl,--end-group
Finished building target: BlackScreen.elf
 
arm-none-eabi-size  BlackScreen.elf 
arm-none-eabi-objdump -h -S BlackScreen.elf  > "BlackScreen.list"
arm-none-eabi-objcopy  -O ihex BlackScreen.elf  "BlackScreen.hex"
   text	   data	    bss	    dec	    hex	filename
  71072	    716	   6964	  78752	  133a0	BlackScreen.elf
arm-none-eabi-objcopy  -O binary BlackScreen.elf  "BlackScreen.bin"
Finished building: default.size.stdout
 
Finished building: BlackScreen.bin
Finished building: BlackScreen.hex
 
 
Finished building: BlackScreen.list
 
19:53:48 **** Incremental Build of configuration Debug for project BlackScreen ****
make -j8 all 
arm-none-eabi-gcc "../Core/Src/main.c" -mcpu=cortex-m4 -std=gnu11 -g3 -DDEBUG -DUSE_HAL_DRIVER -DSTM32F411xE -c -I../Core/Inc -I../Drivers/STM32F4xx_HAL_Driver/Inc -I../Drivers/STM32F4xx_HAL_Driver/Inc/Legacy -I../Drivers/CMSIS/Device/ST/STM32F4xx/Include -I../Drivers/CMSIS/Include -I../USB_DEVICE/App -I../USB_DEVICE/Target -I../Middlewares/ST/STM32_USB_Device_Library/Core/Inc -I../Middlewares/ST/STM32_USB_Device_Library/Class/CDC/Inc -O0 -ffunction-sections -fdata-sections -Wall -fstack-usage -fcyclomatic-complexity -MMD -MP -MF"Core/Src/main.d" -MT"Core/Src/main.o" --specs=nano.specs -mfpu=fpv4-sp-d16 -mfloat-abi=hard -mthumb -o "Core/Src/main.o"
arm-none-eabi-gcc -o "BlackScreen.elf" @"objects.list"   -mcpu=cortex-m4 -T"C:\Users\santi\OneDrive\Documentos\Micros\Micros2025\Bits32\BlackPill\BlackScreen\STM32F411CEUX_FLASH.ld" --specs=nosys.specs -Wl,-Map="BlackScreen.map" -Wl,--gc-sections -static --specs=nano.specs -mfpu=fpv4-sp-d16 -mfloat-abi=hard -mthumb -u _printf_float -u _scanf_float -Wl,--start-group -lc -lm -Wl,--end-group
Finished building target: BlackScreen.elf
 
arm-none-eabi-size  BlackScreen.elf 
arm-none-eabi-objdump -h -S BlackScreen.elf  > "BlackScreen.list"
arm-none-eabi-objcopy  -O ihex BlackScreen.elf  "BlackScreen.hex"
arm-none-eabi-objcopy  -O binary BlackScreen.elf  "BlackScreen.bin"
   text	   data	    bss	    dec	    hex	filename
  71072	    716	   6964	  78752	  133a0	BlackScreen.elf
Finished building: default.size.stdout
 
Finished building: BlackScreen.hex
Finished building: BlackScreen.bin
 
 
Finished building: BlackScreen.list
 
19:54:41 **** Incremental Build of configuration Debug for project BlackScreen ****
make -j8 all 
arm-none-eabi-gcc "../Core/Src/main.c" -mcpu=cortex-m4 -std=gnu11 -g3 -DDEBUG -DUSE_HAL_DRIVER -DSTM32F411xE -c -I../Core/Inc -I../Drivers/STM32F4xx_HAL_Driver/Inc -I../Drivers/STM32F4xx_HAL_Driver/Inc/Legacy -I../Drivers/CMSIS/Device/ST/STM32F4xx/Include -I../Drivers/CMSIS/Include -I../USB_DEVICE/App -I../USB_DEVICE/Target -I../Middlewares/ST/STM32_USB_Device_Library/Core/Inc -I../Middlewares/ST/STM32_USB_Device_Library/Class/CDC/Inc -O0 -ffunction-sections -fdata-sections -Wall -fstack-usage -fcyclomatic-complexity -MMD -MP -MF"Core/Src/main.d" -MT"Core/Src/main.o" --specs=nano.specs -mfpu=fpv4-sp-d16 -mfloat-abi=hard -mthumb -o "Core/Src/main.o"
arm-none-eabi-gcc -o "BlackScreen.elf" @"objects.list"   -mcpu=cortex-m4 -T"C:\Users\santi\OneDrive\Documentos\Micros\Micros2025\Bits32\BlackPill\BlackScreen\STM32F411CEUX_FLASH.ld" --specs=nosys.specs -Wl,-Map="BlackScreen.map" -Wl,--gc-sections -static --specs=nano.specs -mfpu=fpv4-sp-d16 -mfloat-abi=hard -mthumb -u _printf_float -u _scanf_float -Wl,--start-group -lc -lm -Wl,--end-group
Finished building target: BlackScreen.elf
 
arm-none-eabi-size  BlackScreen.elf 
arm-none-eabi-objdump -h -S BlackScreen.elf  > "BlackScreen.list"
arm-none-eabi-objcopy  -O ihex BlackScreen.elf  "BlackScreen.hex"
   text	   data	    bss	    dec	    hex	filename
  71072	    716	   6964	  78752	  133a0	BlackScreen.elf
arm-none-eabi-objcopy  -O binary BlackScreen.elf  "BlackScreen.bin"
Finished building: default.size.stdout
 
Finished building: BlackScreen.bin
Finished building: BlackScreen.hex
 
 
Finished building: BlackScreen.list
 
20:11:14 **** Incremental Build of configuration Debug for project BlackScreen ****
make -j8 all 
arm-none-eabi-gcc "../Core/Src/UnerProtocol.c" -mcpu=cortex-m4 -std=gnu11 -g3 -DDEBUG -DUSE_HAL_DRIVER -DSTM32F411xE -c -I../Core/Inc -I../Drivers/STM32F4xx_HAL_Driver/Inc -I../Drivers/STM32F4xx_HAL_Driver/Inc/Legacy -I../Drivers/CMSIS/Device/ST/STM32F4xx/Include -I../Drivers/CMSIS/Include -I../USB_DEVICE/App -I../USB_DEVICE/Target -I../Middlewares/ST/STM32_USB_Device_Library/Core/Inc -I../Middlewares/ST/STM32_USB_Device_Library/Class/CDC/Inc -O0 -ffunction-sections -fdata-sections -Wall -fstack-usage -fcyclomatic-complexity -MMD -MP -MF"Core/Src/UnerProtocol.d" -MT"Core/Src/UnerProtocol.o" --specs=nano.specs -mfpu=fpv4-sp-d16 -mfloat-abi=hard -mthumb -o "Core/Src/UnerProtocol.o"
arm-none-eabi-gcc -o "BlackScreen.elf" @"objects.list"   -mcpu=cortex-m4 -T"C:\Users\santi\OneDrive\Documentos\Micros\Micros2025\Bits32\BlackPill\BlackScreen\STM32F411CEUX_FLASH.ld" --specs=nosys.specs -Wl,-Map="BlackScreen.map" -Wl,--gc-sections -static --specs=nano.specs -mfpu=fpv4-sp-d16 -mfloat-abi=hard -mthumb -u _printf_float -u _scanf_float -Wl,--start-group -lc -lm -Wl,--end-group
Finished building target: BlackScreen.elf
 
arm-none-eabi-size  BlackScreen.elf 
arm-none-eabi-objdump -h -S BlackScreen.elf  > "BlackScreen.list"
arm-none-eabi-objcopy  -O ihex BlackScreen.elf  "BlackScreen.hex"
arm-none-eabi-objcopy  -O binary BlackScreen.elf  "BlackScreen.bin"
   text	   data	    bss	    dec	    hex	filename
  71072	    716	   6964	  78752	  133a0	BlackScreen.elf
Finished building: default.size.stdout
 
Finished building: BlackScreen.bin
Finished building: BlackScreen.hex
 
 
Finished building: BlackScreen.list
 
20:17:15 **** Incremental Build of configuration Debug for project BlackScreen ****
make -j8 all 
arm-none-eabi-gcc "../Core/Src/UnerProtocol.c" -mcpu=cortex-m4 -std=gnu11 -g3 -DDEBUG -DUSE_HAL_DRIVER -DSTM32F411xE -c -I../Core/Inc -I../Drivers/STM32F4xx_HAL_Driver/Inc -I../Drivers/STM32F4xx_HAL_Driver/Inc/Legacy -I../Drivers/CMSIS/Device/ST/STM32F4xx/Include -I../Drivers/CMSIS/Include -I../USB_DEVICE/App -I../USB_DEVICE/Target -I../Middlewares/ST/STM32_USB_Device_Library/Core/Inc -I../Middlewares/ST/STM32_USB_Device_Library/Class/CDC/Inc -O0 -ffunction-sections -fdata-sections -Wall -fstack-usage -fcyclomatic-complexity -MMD -MP -MF"Core/Src/UnerProtocol.d" -MT"Core/Src/UnerProtocol.o" --specs=nano.specs -mfpu=fpv4-sp-d16 -mfloat-abi=hard -mthumb -o "Core/Src/UnerProtocol.o"
arm-none-eabi-gcc -o "BlackScreen.elf" @"objects.list"   -mcpu=cortex-m4 -T"C:\Users\santi\OneDrive\Documentos\Micros\Micros2025\Bits32\BlackPill\BlackScreen\STM32F411CEUX_FLASH.ld" --specs=nosys.specs -Wl,-Map="BlackScreen.map" -Wl,--gc-sections -static --specs=nano.specs -mfpu=fpv4-sp-d16 -mfloat-abi=hard -mthumb -u _printf_float -u _scanf_float -Wl,--start-group -lc -lm -Wl,--end-group
Finished building target: BlackScreen.elf
 
arm-none-eabi-size  BlackScreen.elf 
arm-none-eabi-objdump -h -S BlackScreen.elf  > "BlackScreen.list"
arm-none-eabi-objcopy  -O ihex BlackScreen.elf  "BlackScreen.hex"
   text	   data	    bss	    dec	    hex	filename
  71072	    716	   6964	  78752	  133a0	BlackScreen.elf
arm-none-eabi-objcopy  -O binary BlackScreen.elf  "BlackScreen.bin"
Finished building: default.size.stdout
 
Finished building: BlackScreen.hex
Finished building: BlackScreen.bin
 
 
Finished building: BlackScreen.list
 
20:22:40 **** Incremental Build of configuration Debug for project BlackScreen ****
make -j8 all 
arm-none-eabi-gcc "../Core/Src/main.c" -mcpu=cortex-m4 -std=gnu11 -g3 -DDEBUG -DUSE_HAL_DRIVER -DSTM32F411xE -c -I../Core/Inc -I../Drivers/STM32F4xx_HAL_Driver/Inc -I../Drivers/STM32F4xx_HAL_Driver/Inc/Legacy -I../Drivers/CMSIS/Device/ST/STM32F4xx/Include -I../Drivers/CMSIS/Include -I../USB_DEVICE/App -I../USB_DEVICE/Target -I../Middlewares/ST/STM32_USB_Device_Library/Core/Inc -I../Middlewares/ST/STM32_USB_Device_Library/Class/CDC/Inc -O0 -ffunction-sections -fdata-sections -Wall -fstack-usage -fcyclomatic-complexity -MMD -MP -MF"Core/Src/main.d" -MT"Core/Src/main.o" --specs=nano.specs -mfpu=fpv4-sp-d16 -mfloat-abi=hard -mthumb -o "Core/Src/main.o"
arm-none-eabi-gcc -o "BlackScreen.elf" @"objects.list"   -mcpu=cortex-m4 -T"C:\Users\santi\OneDrive\Documentos\Micros\Micros2025\Bits32\BlackPill\BlackScreen\STM32F411CEUX_FLASH.ld" --specs=nosys.specs -Wl,-Map="BlackScreen.map" -Wl,--gc-sections -static --specs=nano.specs -mfpu=fpv4-sp-d16 -mfloat-abi=hard -mthumb -u _printf_float -u _scanf_float -Wl,--start-group -lc -lm -Wl,--end-group
Finished building target: BlackScreen.elf
 
arm-none-eabi-size  BlackScreen.elf 
arm-none-eabi-objdump -h -S BlackScreen.elf  > "BlackScreen.list"
arm-none-eabi-objcopy  -O ihex BlackScreen.elf  "BlackScreen.hex"
   text	   data	    bss	    dec	    hex	filename
  71080	    716	   6964	  78760	  133a8	BlackScreen.elf
arm-none-eabi-objcopy  -O binary BlackScreen.elf  "BlackScreen.bin"
Finished building: default.size.stdout
 
Finished building: BlackScreen.bin
Finished building: BlackScreen.hex
 
 
Finished building: BlackScreen.list
 
20:25:52 **** Incremental Build of configuration Debug for project BlackScreen ****
make -j8 all 
arm-none-eabi-gcc "../Core/Src/main.c" -mcpu=cortex-m4 -std=gnu11 -g3 -DDEBUG -DUSE_HAL_DRIVER -DSTM32F411xE -c -I../Core/Inc -I../Drivers/STM32F4xx_HAL_Driver/Inc -I../Drivers/STM32F4xx_HAL_Driver/Inc/Legacy -I../Drivers/CMSIS/Device/ST/STM32F4xx/Include -I../Drivers/CMSIS/Include -I../USB_DEVICE/App -I../USB_DEVICE/Target -I../Middlewares/ST/STM32_USB_Device_Library/Core/Inc -I../Middlewares/ST/STM32_USB_Device_Library/Class/CDC/Inc -O0 -ffunction-sections -fdata-sections -Wall -fstack-usage -fcyclomatic-complexity -MMD -MP -MF"Core/Src/main.d" -MT"Core/Src/main.o" --specs=nano.specs -mfpu=fpv4-sp-d16 -mfloat-abi=hard -mthumb -o "Core/Src/main.o"
arm-none-eabi-gcc -o "BlackScreen.elf" @"objects.list"   -mcpu=cortex-m4 -T"C:\Users\santi\OneDrive\Documentos\Micros\Micros2025\Bits32\BlackPill\BlackScreen\STM32F411CEUX_FLASH.ld" --specs=nosys.specs -Wl,-Map="BlackScreen.map" -Wl,--gc-sections -static --specs=nano.specs -mfpu=fpv4-sp-d16 -mfloat-abi=hard -mthumb -u _printf_float -u _scanf_float -Wl,--start-group -lc -lm -Wl,--end-group
Finished building target: BlackScreen.elf
 
arm-none-eabi-size  BlackScreen.elf 
arm-none-eabi-objdump -h -S BlackScreen.elf  > "BlackScreen.list"
arm-none-eabi-objcopy  -O ihex BlackScreen.elf  "BlackScreen.hex"
   text	   data	    bss	    dec	    hex	filename
  71080	    716	   6964	  78760	  133a8	BlackScreen.elf
arm-none-eabi-objcopy  -O binary BlackScreen.elf  "BlackScreen.bin"
Finished building: default.size.stdout
 
Finished building: BlackScreen.hex
Finished building: BlackScreen.bin
 
 
Finished building: BlackScreen.list
 
20:31:38 **** Incremental Build of configuration Debug for project BlackScreen ****
make -j8 all 
arm-none-eabi-gcc "../Core/Src/ADC.c" -mcpu=cortex-m4 -std=gnu11 -g3 -DDEBUG -DUSE_HAL_DRIVER -DSTM32F411xE -c -I../Core/Inc -I../Drivers/STM32F4xx_HAL_Driver/Inc -I../Drivers/STM32F4xx_HAL_Driver/Inc/Legacy -I../Drivers/CMSIS/Device/ST/STM32F4xx/Include -I../Drivers/CMSIS/Include -I../USB_DEVICE/App -I../USB_DEVICE/Target -I../Middlewares/ST/STM32_USB_Device_Library/Core/Inc -I../Middlewares/ST/STM32_USB_Device_Library/Class/CDC/Inc -O0 -ffunction-sections -fdata-sections -Wall -fstack-usage -fcyclomatic-complexity -MMD -MP -MF"Core/Src/ADC.d" -MT"Core/Src/ADC.o" --specs=nano.specs -mfpu=fpv4-sp-d16 -mfloat-abi=hard -mthumb -o "Core/Src/ADC.o"
arm-none-eabi-gcc -o "BlackScreen.elf" @"objects.list"   -mcpu=cortex-m4 -T"C:\Users\santi\OneDrive\Documentos\Micros\Micros2025\Bits32\BlackPill\BlackScreen\STM32F411CEUX_FLASH.ld" --specs=nosys.specs -Wl,-Map="BlackScreen.map" -Wl,--gc-sections -static --specs=nano.specs -mfpu=fpv4-sp-d16 -mfloat-abi=hard -mthumb -u _printf_float -u _scanf_float -Wl,--start-group -lc -lm -Wl,--end-group
Finished building target: BlackScreen.elf
 
arm-none-eabi-size  BlackScreen.elf 
arm-none-eabi-objdump -h -S BlackScreen.elf  > "BlackScreen.list"
arm-none-eabi-objcopy  -O ihex BlackScreen.elf  "BlackScreen.hex"
arm-none-eabi-objcopy  -O binary BlackScreen.elf  "BlackScreen.bin"
   text	   data	    bss	    dec	    hex	filename
  71096	    716	   6964	  78776	  133b8	BlackScreen.elf
Finished building: default.size.stdout
 
Finished building: BlackScreen.hex
Finished building: BlackScreen.bin
 
 
Finished building: BlackScreen.list
 
20:39:03 **** Incremental Build of configuration Debug for project BlackScreen ****
make -j8 all 
arm-none-eabi-gcc "../Core/Src/ADC.c" -mcpu=cortex-m4 -std=gnu11 -g3 -DDEBUG -DUSE_HAL_DRIVER -DSTM32F411xE -c -I../Core/Inc -I../Drivers/STM32F4xx_HAL_Driver/Inc -I../Drivers/STM32F4xx_HAL_Driver/Inc/Legacy -I../Drivers/CMSIS/Device/ST/STM32F4xx/Include -I../Drivers/CMSIS/Include -I../USB_DEVICE/App -I../USB_DEVICE/Target -I../Middlewares/ST/STM32_USB_Device_Library/Core/Inc -I../Middlewares/ST/STM32_USB_Device_Library/Class/CDC/Inc -O0 -ffunction-sections -fdata-sections -Wall -fstack-usage -fcyclomatic-complexity -MMD -MP -MF"Core/Src/ADC.d" -MT"Core/Src/ADC.o" --specs=nano.specs -mfpu=fpv4-sp-d16 -mfloat-abi=hard -mthumb -o "Core/Src/ADC.o"
arm-none-eabi-gcc -o "BlackScreen.elf" @"objects.list"   -mcpu=cortex-m4 -T"C:\Users\santi\OneDrive\Documentos\Micros\Micros2025\Bits32\BlackPill\BlackScreen\STM32F411CEUX_FLASH.ld" --specs=nosys.specs -Wl,-Map="BlackScreen.map" -Wl,--gc-sections -static --specs=nano.specs -mfpu=fpv4-sp-d16 -mfloat-abi=hard -mthumb -u _printf_float -u _scanf_float -Wl,--start-group -lc -lm -Wl,--end-group
Finished building target: BlackScreen.elf
 
arm-none-eabi-size  BlackScreen.elf 
arm-none-eabi-objdump -h -S BlackScreen.elf  > "BlackScreen.list"
arm-none-eabi-objcopy  -O ihex BlackScreen.elf  "BlackScreen.hex"
   text	   data	    bss	    dec	    hex	filename
  71096	    716	   6964	  78776	  133b8	BlackScreen.elf
arm-none-eabi-objcopy  -O binary BlackScreen.elf  "BlackScreen.bin"
Finished building: default.size.stdout
 
Finished building: BlackScreen.hex
Finished building: BlackScreen.bin
 
 
Finished building: BlackScreen.list
 
20:40:04 **** Incremental Build of configuration Debug for project BlackScreen ****
make -j8 all 
arm-none-eabi-size  BlackScreen.elf 
   text	   data	    bss	    dec	    hex	filename
  71096	    716	   6964	  78776	  133b8	BlackScreen.elf
Finished building: default.size.stdout
 
20:41:47 **** Incremental Build of configuration Debug for project BlackScreen ****
make -j8 all 
arm-none-eabi-gcc "../Core/Src/ADC.c" -mcpu=cortex-m4 -std=gnu11 -g3 -DDEBUG -DUSE_HAL_DRIVER -DSTM32F411xE -c -I../Core/Inc -I../Drivers/STM32F4xx_HAL_Driver/Inc -I../Drivers/STM32F4xx_HAL_Driver/Inc/Legacy -I../Drivers/CMSIS/Device/ST/STM32F4xx/Include -I../Drivers/CMSIS/Include -I../USB_DEVICE/App -I../USB_DEVICE/Target -I../Middlewares/ST/STM32_USB_Device_Library/Core/Inc -I../Middlewares/ST/STM32_USB_Device_Library/Class/CDC/Inc -O0 -ffunction-sections -fdata-sections -Wall -fstack-usage -fcyclomatic-complexity -MMD -MP -MF"Core/Src/ADC.d" -MT"Core/Src/ADC.o" --specs=nano.specs -mfpu=fpv4-sp-d16 -mfloat-abi=hard -mthumb -o "Core/Src/ADC.o"
arm-none-eabi-gcc -o "BlackScreen.elf" @"objects.list"   -mcpu=cortex-m4 -T"C:\Users\santi\OneDrive\Documentos\Micros\Micros2025\Bits32\BlackPill\BlackScreen\STM32F411CEUX_FLASH.ld" --specs=nosys.specs -Wl,-Map="BlackScreen.map" -Wl,--gc-sections -static --specs=nano.specs -mfpu=fpv4-sp-d16 -mfloat-abi=hard -mthumb -u _printf_float -u _scanf_float -Wl,--start-group -lc -lm -Wl,--end-group
Finished building target: BlackScreen.elf
 
arm-none-eabi-size  BlackScreen.elf 
arm-none-eabi-objdump -h -S BlackScreen.elf  > "BlackScreen.list"
arm-none-eabi-objcopy  -O ihex BlackScreen.elf  "BlackScreen.hex"
   text	   data	    bss	    dec	    hex	filename
  71096	    716	   6964	  78776	  133b8	BlackScreen.elf
arm-none-eabi-objcopy  -O binary BlackScreen.elf  "BlackScreen.bin"
Finished building: default.size.stdout
 
Finished building: BlackScreen.bin
Finished building: BlackScreen.hex
 
 
Finished building: BlackScreen.list
 
13:19:02 **** Incremental Build of configuration Debug for project BlackScreen ****
make -j8 all 
arm-none-eabi-gcc "../Core/Src/ADC.c" -mcpu=cortex-m4 -std=gnu11 -g3 -DDEBUG -DUSE_HAL_DRIVER -DSTM32F411xE -c -I../Core/Inc -I../Drivers/STM32F4xx_HAL_Driver/Inc -I../Drivers/STM32F4xx_HAL_Driver/Inc/Legacy -I../Drivers/CMSIS/Device/ST/STM32F4xx/Include -I../Drivers/CMSIS/Include -I../USB_DEVICE/App -I../USB_DEVICE/Target -I../Middlewares/ST/STM32_USB_Device_Library/Core/Inc -I../Middlewares/ST/STM32_USB_Device_Library/Class/CDC/Inc -O0 -ffunction-sections -fdata-sections -Wall -fstack-usage -fcyclomatic-complexity -MMD -MP -MF"Core/Src/ADC.d" -MT"Core/Src/ADC.o" --specs=nano.specs -mfpu=fpv4-sp-d16 -mfloat-abi=hard -mthumb -o "Core/Src/ADC.o"
arm-none-eabi-gcc "../Core/Src/ESP01.c" -mcpu=cortex-m4 -std=gnu11 -g3 -DDEBUG -DUSE_HAL_DRIVER -DSTM32F411xE -c -I../Core/Inc -I../Drivers/STM32F4xx_HAL_Driver/Inc -I../Drivers/STM32F4xx_HAL_Driver/Inc/Legacy -I../Drivers/CMSIS/Device/ST/STM32F4xx/Include -I../Drivers/CMSIS/Include -I../USB_DEVICE/App -I../USB_DEVICE/Target -I../Middlewares/ST/STM32_USB_Device_Library/Core/Inc -I../Middlewares/ST/STM32_USB_Device_Library/Class/CDC/Inc -O0 -ffunction-sections -fdata-sections -Wall -fstack-usage -fcyclomatic-complexity -MMD -MP -MF"Core/Src/ESP01.d" -MT"Core/Src/ESP01.o" --specs=nano.specs -mfpu=fpv4-sp-d16 -mfloat-abi=hard -mthumb -o "Core/Src/ESP01.o"
arm-none-eabi-gcc "../Core/Src/UnerProtocol.c" -mcpu=cortex-m4 -std=gnu11 -g3 -DDEBUG -DUSE_HAL_DRIVER -DSTM32F411xE -c -I../Core/Inc -I../Drivers/STM32F4xx_HAL_Driver/Inc -I../Drivers/STM32F4xx_HAL_Driver/Inc/Legacy -I../Drivers/CMSIS/Device/ST/STM32F4xx/Include -I../Drivers/CMSIS/Include -I../USB_DEVICE/App -I../USB_DEVICE/Target -I../Middlewares/ST/STM32_USB_Device_Library/Core/Inc -I../Middlewares/ST/STM32_USB_Device_Library/Class/CDC/Inc -O0 -ffunction-sections -fdata-sections -Wall -fstack-usage -fcyclomatic-complexity -MMD -MP -MF"Core/Src/UnerProtocol.d" -MT"Core/Src/UnerProtocol.o" --specs=nano.specs -mfpu=fpv4-sp-d16 -mfloat-abi=hard -mthumb -o "Core/Src/UnerProtocol.o"
arm-none-eabi-gcc "../Core/Src/engines.c" -mcpu=cortex-m4 -std=gnu11 -g3 -DDEBUG -DUSE_HAL_DRIVER -DSTM32F411xE -c -I../Core/Inc -I../Drivers/STM32F4xx_HAL_Driver/Inc -I../Drivers/STM32F4xx_HAL_Driver/Inc/Legacy -I../Drivers/CMSIS/Device/ST/STM32F4xx/Include -I../Drivers/CMSIS/Include -I../USB_DEVICE/App -I../USB_DEVICE/Target -I../Middlewares/ST/STM32_USB_Device_Library/Core/Inc -I../Middlewares/ST/STM32_USB_Device_Library/Class/CDC/Inc -O0 -ffunction-sections -fdata-sections -Wall -fstack-usage -fcyclomatic-complexity -MMD -MP -MF"Core/Src/engines.d" -MT"Core/Src/engines.o" --specs=nano.specs -mfpu=fpv4-sp-d16 -mfloat-abi=hard -mthumb -o "Core/Src/engines.o"
arm-none-eabi-gcc "../Core/Src/fonts.c" -mcpu=cortex-m4 -std=gnu11 -g3 -DDEBUG -DUSE_HAL_DRIVER -DSTM32F411xE -c -I../Core/Inc -I../Drivers/STM32F4xx_HAL_Driver/Inc -I../Drivers/STM32F4xx_HAL_Driver/Inc/Legacy -I../Drivers/CMSIS/Device/ST/STM32F4xx/Include -I../Drivers/CMSIS/Include -I../USB_DEVICE/App -I../USB_DEVICE/Target -I../Middlewares/ST/STM32_USB_Device_Library/Core/Inc -I../Middlewares/ST/STM32_USB_Device_Library/Class/CDC/Inc -O0 -ffunction-sections -fdata-sections -Wall -fstack-usage -fcyclomatic-complexity -MMD -MP -MF"Core/Src/fonts.d" -MT"Core/Src/fonts.o" --specs=nano.specs -mfpu=fpv4-sp-d16 -mfloat-abi=hard -mthumb -o "Core/Src/fonts.o"
arm-none-eabi-gcc "../Core/Src/main.c" -mcpu=cortex-m4 -std=gnu11 -g3 -DDEBUG -DUSE_HAL_DRIVER -DSTM32F411xE -c -I../Core/Inc -I../Drivers/STM32F4xx_HAL_Driver/Inc -I../Drivers/STM32F4xx_HAL_Driver/Inc/Legacy -I../Drivers/CMSIS/Device/ST/STM32F4xx/Include -I../Drivers/CMSIS/Include -I../USB_DEVICE/App -I../USB_DEVICE/Target -I../Middlewares/ST/STM32_USB_Device_Library/Core/Inc -I../Middlewares/ST/STM32_USB_Device_Library/Class/CDC/Inc -O0 -ffunction-sections -fdata-sections -Wall -fstack-usage -fcyclomatic-complexity -MMD -MP -MF"Core/Src/main.d" -MT"Core/Src/main.o" --specs=nano.specs -mfpu=fpv4-sp-d16 -mfloat-abi=hard -mthumb -o "Core/Src/main.o"
arm-none-eabi-gcc "../Core/Src/mpu6050.c" -mcpu=cortex-m4 -std=gnu11 -g3 -DDEBUG -DUSE_HAL_DRIVER -DSTM32F411xE -c -I../Core/Inc -I../Drivers/STM32F4xx_HAL_Driver/Inc -I../Drivers/STM32F4xx_HAL_Driver/Inc/Legacy -I../Drivers/CMSIS/Device/ST/STM32F4xx/Include -I../Drivers/CMSIS/Include -I../USB_DEVICE/App -I../USB_DEVICE/Target -I../Middlewares/ST/STM32_USB_Device_Library/Core/Inc -I../Middlewares/ST/STM32_USB_Device_Library/Class/CDC/Inc -O0 -ffunction-sections -fdata-sections -Wall -fstack-usage -fcyclomatic-complexity -MMD -MP -MF"Core/Src/mpu6050.d" -MT"Core/Src/mpu6050.o" --specs=nano.specs -mfpu=fpv4-sp-d16 -mfloat-abi=hard -mthumb -o "Core/Src/mpu6050.o"
arm-none-eabi-gcc "../Core/Src/ssd1306_oled.c" -mcpu=cortex-m4 -std=gnu11 -g3 -DDEBUG -DUSE_HAL_DRIVER -DSTM32F411xE -c -I../Core/Inc -I../Drivers/STM32F4xx_HAL_Driver/Inc -I../Drivers/STM32F4xx_HAL_Driver/Inc/Legacy -I../Drivers/CMSIS/Device/ST/STM32F4xx/Include -I../Drivers/CMSIS/Include -I../USB_DEVICE/App -I../USB_DEVICE/Target -I../Middlewares/ST/STM32_USB_Device_Library/Core/Inc -I../Middlewares/ST/STM32_USB_Device_Library/Class/CDC/Inc -O0 -ffunction-sections -fdata-sections -Wall -fstack-usage -fcyclomatic-complexity -MMD -MP -MF"Core/Src/ssd1306_oled.d" -MT"Core/Src/ssd1306_oled.o" --specs=nano.specs -mfpu=fpv4-sp-d16 -mfloat-abi=hard -mthumb -o "Core/Src/ssd1306_oled.o"
../Core/Src/ESP01.c:6:10: fatal error: WiFi/ESP01.h: No such file or directory
    6 | #include "WiFi/ESP01.h"
      |          ^~~~~~~~~~~~~~
compilation terminated.
make: *** [Core/Src/subdir.mk:55: Core/Src/ESP01.o] Error 1
make: *** Waiting for unfinished jobs....
"make -j8 all" terminated with exit code 2. Build might be incomplete.
13:20:27 **** Incremental Build of configuration Debug for project BlackScreen ****
make -j8 all 
arm-none-eabi-gcc "../Core/Src/ESP01.c" -mcpu=cortex-m4 -std=gnu11 -g3 -DDEBUG -DUSE_HAL_DRIVER -DSTM32F411xE -c -I../Core/Inc -I../Drivers/STM32F4xx_HAL_Driver/Inc -I../Drivers/STM32F4xx_HAL_Driver/Inc/Legacy -I../Drivers/CMSIS/Device/ST/STM32F4xx/Include -I../Drivers/CMSIS/Include -I../USB_DEVICE/App -I../USB_DEVICE/Target -I../Middlewares/ST/STM32_USB_Device_Library/Core/Inc -I../Middlewares/ST/STM32_USB_Device_Library/Class/CDC/Inc -O0 -ffunction-sections -fdata-sections -Wall -fstack-usage -fcyclomatic-complexity -MMD -MP -MF"Core/Src/ESP01.d" -MT"Core/Src/ESP01.o" --specs=nano.specs -mfpu=fpv4-sp-d16 -mfloat-abi=hard -mthumb -o "Core/Src/ESP01.o"
arm-none-eabi-gcc "../Core/Src/stm32f4xx_hal_msp.c" -mcpu=cortex-m4 -std=gnu11 -g3 -DDEBUG -DUSE_HAL_DRIVER -DSTM32F411xE -c -I../Core/Inc -I../Drivers/STM32F4xx_HAL_Driver/Inc -I../Drivers/STM32F4xx_HAL_Driver/Inc/Legacy -I../Drivers/CMSIS/Device/ST/STM32F4xx/Include -I../Drivers/CMSIS/Include -I../USB_DEVICE/App -I../USB_DEVICE/Target -I../Middlewares/ST/STM32_USB_Device_Library/Core/Inc -I../Middlewares/ST/STM32_USB_Device_Library/Class/CDC/Inc -O0 -ffunction-sections -fdata-sections -Wall -fstack-usage -fcyclomatic-complexity -MMD -MP -MF"Core/Src/stm32f4xx_hal_msp.d" -MT"Core/Src/stm32f4xx_hal_msp.o" --specs=nano.specs -mfpu=fpv4-sp-d16 -mfloat-abi=hard -mthumb -o "Core/Src/stm32f4xx_hal_msp.o"
arm-none-eabi-gcc "../Core/Src/stm32f4xx_it.c" -mcpu=cortex-m4 -std=gnu11 -g3 -DDEBUG -DUSE_HAL_DRIVER -DSTM32F411xE -c -I../Core/Inc -I../Drivers/STM32F4xx_HAL_Driver/Inc -I../Drivers/STM32F4xx_HAL_Driver/Inc/Legacy -I../Drivers/CMSIS/Device/ST/STM32F4xx/Include -I../Drivers/CMSIS/Include -I../USB_DEVICE/App -I../USB_DEVICE/Target -I../Middlewares/ST/STM32_USB_Device_Library/Core/Inc -I../Middlewares/ST/STM32_USB_Device_Library/Class/CDC/Inc -O0 -ffunction-sections -fdata-sections -Wall -fstack-usage -fcyclomatic-complexity -MMD -MP -MF"Core/Src/stm32f4xx_it.d" -MT"Core/Src/stm32f4xx_it.o" --specs=nano.specs -mfpu=fpv4-sp-d16 -mfloat-abi=hard -mthumb -o "Core/Src/stm32f4xx_it.o"
arm-none-eabi-gcc "../Core/Src/syscalls.c" -mcpu=cortex-m4 -std=gnu11 -g3 -DDEBUG -DUSE_HAL_DRIVER -DSTM32F411xE -c -I../Core/Inc -I../Drivers/STM32F4xx_HAL_Driver/Inc -I../Drivers/STM32F4xx_HAL_Driver/Inc/Legacy -I../Drivers/CMSIS/Device/ST/STM32F4xx/Include -I../Drivers/CMSIS/Include -I../USB_DEVICE/App -I../USB_DEVICE/Target -I../Middlewares/ST/STM32_USB_Device_Library/Core/Inc -I../Middlewares/ST/STM32_USB_Device_Library/Class/CDC/Inc -O0 -ffunction-sections -fdata-sections -Wall -fstack-usage -fcyclomatic-complexity -MMD -MP -MF"Core/Src/syscalls.d" -MT"Core/Src/syscalls.o" --specs=nano.specs -mfpu=fpv4-sp-d16 -mfloat-abi=hard -mthumb -o "Core/Src/syscalls.o"
arm-none-eabi-gcc "../Core/Src/sysmem.c" -mcpu=cortex-m4 -std=gnu11 -g3 -DDEBUG -DUSE_HAL_DRIVER -DSTM32F411xE -c -I../Core/Inc -I../Drivers/STM32F4xx_HAL_Driver/Inc -I../Drivers/STM32F4xx_HAL_Driver/Inc/Legacy -I../Drivers/CMSIS/Device/ST/STM32F4xx/Include -I../Drivers/CMSIS/Include -I../USB_DEVICE/App -I../USB_DEVICE/Target -I../Middlewares/ST/STM32_USB_Device_Library/Core/Inc -I../Middlewares/ST/STM32_USB_Device_Library/Class/CDC/Inc -O0 -ffunction-sections -fdata-sections -Wall -fstack-usage -fcyclomatic-complexity -MMD -MP -MF"Core/Src/sysmem.d" -MT"Core/Src/sysmem.o" --specs=nano.specs -mfpu=fpv4-sp-d16 -mfloat-abi=hard -mthumb -o "Core/Src/sysmem.o"
arm-none-eabi-gcc "../Core/Src/system_stm32f4xx.c" -mcpu=cortex-m4 -std=gnu11 -g3 -DDEBUG -DUSE_HAL_DRIVER -DSTM32F411xE -c -I../Core/Inc -I../Drivers/STM32F4xx_HAL_Driver/Inc -I../Drivers/STM32F4xx_HAL_Driver/Inc/Legacy -I../Drivers/CMSIS/Device/ST/STM32F4xx/Include -I../Drivers/CMSIS/Include -I../USB_DEVICE/App -I../USB_DEVICE/Target -I../Middlewares/ST/STM32_USB_Device_Library/Core/Inc -I../Middlewares/ST/STM32_USB_Device_Library/Class/CDC/Inc -O0 -ffunction-sections -fdata-sections -Wall -fstack-usage -fcyclomatic-complexity -MMD -MP -MF"Core/Src/system_stm32f4xx.d" -MT"Core/Src/system_stm32f4xx.o" --specs=nano.specs -mfpu=fpv4-sp-d16 -mfloat-abi=hard -mthumb -o "Core/Src/system_stm32f4xx.o"
arm-none-eabi-gcc -o "BlackScreen.elf" @"objects.list"   -mcpu=cortex-m4 -T"C:\Users\santi\OneDrive\Documentos\Micros\Micros2025\Bits32\BlackPill\BlackScreen\STM32F411CEUX_FLASH.ld" --specs=nosys.specs -Wl,-Map="BlackScreen.map" -Wl,--gc-sections -static --specs=nano.specs -mfpu=fpv4-sp-d16 -mfloat-abi=hard -mthumb -u _printf_float -u _scanf_float -Wl,--start-group -lc -lm -Wl,--end-group
Finished building target: BlackScreen.elf
 
arm-none-eabi-size  BlackScreen.elf 
arm-none-eabi-objdump -h -S BlackScreen.elf  > "BlackScreen.list"
arm-none-eabi-objcopy  -O ihex BlackScreen.elf  "BlackScreen.hex"
arm-none-eabi-objcopy  -O binary BlackScreen.elf  "BlackScreen.bin"
   text	   data	    bss	    dec	    hex	filename
  71104	    716	   6964	  78784	  133c0	BlackScreen.elf
Finished building: default.size.stdout
 
Finished building: BlackScreen.bin
Finished building: BlackScreen.hex
 
 
Finished building: BlackScreen.list
 
13:46:45 **** Incremental Build of configuration Debug for project BlackScreen ****
make -j8 all 
[...]
      |     ^~~~~~~~~~~~
../Core/Src/main.c:233:29: error: 'USERTEXT' undeclared (first use in this function)
  233 |     comm_sendCMD(&USB.data, USERTEXT, USB.data.auxBuffer, strlen((char*)USB.data.auxBuffer));
      |                             ^~~~~~~~
../Core/Src/main.c: In function 'onESP01Debug':
../Core/Src/main.c:237:19: error: 'USB' undeclared (first use in this function)
  237 |     comm_sendCMD(&USB.data, USERTEXT, (uint8_t *)dbgStr, strlen(dbgStr));
      |                   ^~~
../Core/Src/main.c:237:29: error: 'USERTEXT' undeclared (first use in this function)
  237 |     comm_sendCMD(&USB.data, USERTEXT, (uint8_t *)dbgStr, strlen(dbgStr));
      |                             ^~~~~~~~
../Core/Src/main.c: In function 'setESP01_CHPD':
../Core/Src/main.c:241:27: error: 'espEn_GPIO_Port' undeclared (first use in this function); did you mean 'ESP_EN_GPIO_Port'?
  241 |         HAL_GPIO_WritePin(espEn_GPIO_Port, espEn_Pin, val);
      |                           ^~~~~~~~~~~~~~~
      |                           ESP_EN_GPIO_Port
../Core/Src/main.c:241:44: error: 'espEn_Pin' undeclared (first use in this function); did you mean 'ESP_EN_Pin'?
  241 |         HAL_GPIO_WritePin(espEn_GPIO_Port, espEn_Pin, val);
      |                                            ^~~~~~~~~
      |                                            ESP_EN_Pin
../Core/Src/main.c: In function 'ESP01_Data_Recived':
../Core/Src/main.c:261:17: error: '_sDato' {aka 'struct ComStruct'} has no member named 'Rx'
  261 |         ESP.data.Rx.buffer[ESP.data.Rx.write++] = value;
      |                 ^
../Core/Src/main.c:261:36: error: '_sDato' {aka 'struct ComStruct'} has no member named 'Rx'
  261 |         ESP.data.Rx.buffer[ESP.data.Rx.write++] = value;
      |                                    ^
../Core/Src/main.c: At top level:
../Core/Src/main.c:264:18: error: unknown type name 's_commData'
  264 | void writeOn_ESP(s_commData *data){
      |                  ^~~~~~~~~~
../Core/Src/main.c: In function 'main':
../Core/Src/main.c:474:5: warning: implicit declaration of function 'comm_init' [-Wimplicit-function-declaration]
  474 |     comm_init(&ESP.data, &decodeOn_USB, &writeOn_ESP);
      |     ^~~~~~~~~
../Core/Src/main.c:474:27: error: 'decodeOn_USB' undeclared (first use in this function)
  474 |     comm_init(&ESP.data, &decodeOn_USB, &writeOn_ESP);
      |                           ^~~~~~~~~~~~
../Core/Src/main.c:474:42: error: 'writeOn_ESP' undeclared (first use in this function)
  474 |     comm_init(&ESP.data, &decodeOn_USB, &writeOn_ESP);
      |                                          ^~~~~~~~~~~
../Core/Src/main.c:475:13: error: '_sDato' {aka 'struct ComStruct'} has no member named 'isESP01'
  475 |     ESP.data.isESP01 = 1;
      |             ^
make: *** [Core/Src/subdir.mk:55: Core/Src/main.o] Error 1
"make -j8 all" terminated with exit code 2. Build might be incomplete.
14:04:55 **** Incremental Build of configuration Debug for project BlackScreen ****
make -j8 all 
arm-none-eabi-gcc "../Core/Src/main.c" -mcpu=cortex-m4 -std=gnu11 -g3 -DDEBUG -DUSE_HAL_DRIVER -DSTM32F411xE -c -I../Core/Inc -I../Drivers/STM32F4xx_HAL_Driver/Inc -I../Drivers/STM32F4xx_HAL_Driver/Inc/Legacy -I../Drivers/CMSIS/Device/ST/STM32F4xx/Include -I../Drivers/CMSIS/Include -I../USB_DEVICE/App -I../USB_DEVICE/Target -I../Middlewares/ST/STM32_USB_Device_Library/Core/Inc -I../Middlewares/ST/STM32_USB_Device_Library/Class/CDC/Inc -O0 -ffunction-sections -fdata-sections -Wall -fstack-usage -fcyclomatic-complexity -MMD -MP -MF"Core/Src/main.d" -MT"Core/Src/main.o" --specs=nano.specs -mfpu=fpv4-sp-d16 -mfloat-abi=hard -mthumb -o "Core/Src/main.o"
../Core/Src/main.c: In function 'onESP01ChangeState':
../Core/Src/main.c:189:28: error: 'USB' undeclared (first use in this function)
  189 |             sprintf((char*)USB.data.auxBuffer, "ESP01: No inicializado");
      |                            ^~~
../Core/Src/main.c:189:28: note: each undeclared identifier is reported only once for each function it appears in
../Core/Src/main.c:233:5: warning: implicit declaration of function 'comm_sendCMD' [-Wimplicit-function-declaration]
  233 |     comm_sendCMD(&USB.data, USERTEXT, USB.data.auxBuffer, strlen((char*)USB.data.auxBuffer));
      |     ^~~~~~~~~~~~
../Core/Src/main.c:233:29: error: 'USERTEXT' undeclared (first use in this function)
  233 |     comm_sendCMD(&USB.data, USERTEXT, USB.data.auxBuffer, strlen((char*)USB.data.auxBuffer));
      |                             ^~~~~~~~
../Core/Src/main.c: In function 'onESP01Debug':
../Core/Src/main.c:237:19: error: 'USB' undeclared (first use in this function)
  237 |     comm_sendCMD(&USB.data, USERTEXT, (uint8_t *)dbgStr, strlen(dbgStr));
      |                   ^~~
../Core/Src/main.c:237:29: error: 'USERTEXT' undeclared (first use in this function)
  237 |     comm_sendCMD(&USB.data, USERTEXT, (uint8_t *)dbgStr, strlen(dbgStr));
      |                             ^~~~~~~~
../Core/Src/main.c: In function 'setESP01_CHPD':
../Core/Src/main.c:241:27: error: 'espEn_GPIO_Port' undeclared (first use in this function); did you mean 'ESP_EN_GPIO_Port'?
  241 |         HAL_GPIO_WritePin(espEn_GPIO_Port, espEn_Pin, val);
      |                           ^~~~~~~~~~~~~~~
      |                           ESP_EN_GPIO_Port
../Core/Src/main.c:241:44: error: 'espEn_Pin' undeclared (first use in this function); did you mean 'ESP_EN_Pin'?
  241 |         HAL_GPIO_WritePin(espEn_GPIO_Port, espEn_Pin, val);
      |                                            ^~~~~~~~~
      |                                            ESP_EN_Pin
../Core/Src/main.c: In function 'ESP01_Data_Recived':
../Core/Src/main.c:261:17: error: '_sDato' {aka 'struct ComStruct'} has no member named 'Rx'
  261 |         ESP.data.Rx.buffer[ESP.data.Rx.write++] = value;
      |                 ^
../Core/Src/main.c:261:36: error: '_sDato' {aka 'struct ComStruct'} has no member named 'Rx'
  261 |         ESP.data.Rx.buffer[ESP.data.Rx.write++] = value;
      |                                    ^
../Core/Src/main.c: At top level:
../Core/Src/main.c:264:18: error: unknown type name 's_commData'
  264 | void writeOn_ESP(s_commData *data){
      |                  ^~~~~~~~~~
../Core/Src/main.c: In function 'main':
../Core/Src/main.c:474:5: warning: implicit declaration of function 'comm_init' [-Wimplicit-function-declaration]
  474 |     comm_init(&ESP.data, &decodeOn_USB, &writeOn_ESP);
      |     ^~~~~~~~~
../Core/Src/main.c:474:27: error: 'decodeOn_USB' undeclared (first use in this function)
  474 |     comm_init(&ESP.data, &decodeOn_USB, &writeOn_ESP);
      |                           ^~~~~~~~~~~~
../Core/Src/main.c:475:13: error: '_sDato' {aka 'struct ComStruct'} has no member named 'isESP01'
  475 |     ESP.data.isESP01 = 1;
      |             ^
make: *** [Core/Src/subdir.mk:55: Core/Src/main.o] Error 1
"make -j8 all" terminated with exit code 2. Build might be incomplete.
14:08:04 **** Incremental Build of configuration Debug for project BlackScreen ****
make -j8 all 
arm-none-eabi-gcc "../Core/Src/UnerProtocol.c" -mcpu=cortex-m4 -std=gnu11 -g3 -DDEBUG -DUSE_HAL_DRIVER -DSTM32F411xE -c -I../Core/Inc -I../Drivers/STM32F4xx_HAL_Driver/Inc -I../Drivers/STM32F4xx_HAL_Driver/Inc/Legacy -I../Drivers/CMSIS/Device/ST/STM32F4xx/Include -I../Drivers/CMSIS/Include -I../USB_DEVICE/App -I../USB_DEVICE/Target -I../Middlewares/ST/STM32_USB_Device_Library/Core/Inc -I../Middlewares/ST/STM32_USB_Device_Library/Class/CDC/Inc -O0 -ffunction-sections -fdata-sections -Wall -fstack-usage -fcyclomatic-complexity -MMD -MP -MF"Core/Src/UnerProtocol.d" -MT"Core/Src/UnerProtocol.o" --specs=nano.specs -mfpu=fpv4-sp-d16 -mfloat-abi=hard -mthumb -o "Core/Src/UnerProtocol.o"
arm-none-eabi-gcc "../Core/Src/main.c" -mcpu=cortex-m4 -std=gnu11 -g3 -DDEBUG -DUSE_HAL_DRIVER -DSTM32F411xE -c -I../Core/Inc -I../Drivers/STM32F4xx_HAL_Driver/Inc -I../Drivers/STM32F4xx_HAL_Driver/Inc/Legacy -I../Drivers/CMSIS/Device/ST/STM32F4xx/Include -I../Drivers/CMSIS/Include -I../USB_DEVICE/App -I../USB_DEVICE/Target -I../Middlewares/ST/STM32_USB_Device_Library/Core/Inc -I../Middlewares/ST/STM32_USB_Device_Library/Class/CDC/Inc -O0 -ffunction-sections -fdata-sections -Wall -fstack-usage -fcyclomatic-complexity -MMD -MP -MF"Core/Src/main.d" -MT"Core/Src/main.o" --specs=nano.specs -mfpu=fpv4-sp-d16 -mfloat-abi=hard -mthumb -o "Core/Src/main.o"
../Core/Src/main.c: In function 'onESP01ChangeState':
../Core/Src/main.c:189:42: error: expected identifier before ',' token
  189 |             sprintf((char*)datosComSerie., "ESP01: No inicializado");
      |                                          ^
../Core/Src/main.c:192:28: error: 'USB' undeclared (first use in this function)
  192 |             sprintf((char*)USB.data.auxBuffer, "ESP01: WiFi desconectado");
      |                            ^~~
../Core/Src/main.c:192:28: note: each undeclared identifier is reported only once for each function it appears in
../Core/Src/main.c:233:5: warning: implicit declaration of function 'comm_sendCMD' [-Wimplicit-function-declaration]
  233 |     comm_sendCMD(&USB.data, USERTEXT, USB.data.auxBuffer, strlen((char*)USB.data.auxBuffer));
      |     ^~~~~~~~~~~~
../Core/Src/main.c:233:29: error: 'USERTEXT' undeclared (first use in this function)
  233 |     comm_sendCMD(&USB.data, USERTEXT, USB.data.auxBuffer, strlen((char*)USB.data.auxBuffer));
      |                             ^~~~~~~~
../Core/Src/main.c: In function 'onESP01Debug':
../Core/Src/main.c:237:19: error: 'USB' undeclared (first use in this function)
  237 |     comm_sendCMD(&USB.data, USERTEXT, (uint8_t *)dbgStr, strlen(dbgStr));
      |                   ^~~
../Core/Src/main.c:237:29: error: 'USERTEXT' undeclared (first use in this function)
  237 |     comm_sendCMD(&USB.data, USERTEXT, (uint8_t *)dbgStr, strlen(dbgStr));
      |                             ^~~~~~~~
../Core/Src/main.c: In function 'setESP01_CHPD':
../Core/Src/main.c:241:27: error: 'espEn_GPIO_Port' undeclared (first use in this function); did you mean 'ESP_EN_GPIO_Port'?
  241 |         HAL_GPIO_WritePin(espEn_GPIO_Port, espEn_Pin, val);
      |                           ^~~~~~~~~~~~~~~
      |                           ESP_EN_GPIO_Port
../Core/Src/main.c:241:44: error: 'espEn_Pin' undeclared (first use in this function); did you mean 'ESP_EN_Pin'?
  241 |         HAL_GPIO_WritePin(espEn_GPIO_Port, espEn_Pin, val);
      |                                            ^~~~~~~~~
      |                                            ESP_EN_Pin
../Core/Src/main.c: In function 'ESP01_Data_Recived':
../Core/Src/main.c:261:17: error: '_sDato' {aka 'struct ComStruct'} has no member named 'Rx'
  261 |         ESP.data.Rx.buffer[ESP.data.Rx.write++] = value;
      |                 ^
../Core/Src/main.c:261:36: error: '_sDato' {aka 'struct ComStruct'} has no member named 'Rx'
  261 |         ESP.data.Rx.buffer[ESP.data.Rx.write++] = value;
      |                                    ^
../Core/Src/main.c: At top level:
../Core/Src/main.c:264:18: error: unknown type name 's_commData'
  264 | void writeOn_ESP(s_commData *data){
      |                  ^~~~~~~~~~
../Core/Src/main.c: In function 'main':
../Core/Src/main.c:474:5: warning: implicit declaration of function 'comm_init' [-Wimplicit-function-declaration]
  474 |     comm_init(&ESP.data, &decodeOn_USB, &writeOn_ESP);
      |     ^~~~~~~~~
../Core/Src/main.c:474:27: error: 'decodeOn_USB' undeclared (first use in this function)
  474 |     comm_init(&ESP.data, &decodeOn_USB, &writeOn_ESP);
      |                           ^~~~~~~~~~~~
../Core/Src/main.c:475:13: error: '_sDato' {aka 'struct ComStruct'} has no member named 'isESP01'
  475 |     ESP.data.isESP01 = 1;
      |             ^
make: *** [Core/Src/subdir.mk:55: Core/Src/main.o] Error 1
"make -j8 all" terminated with exit code 2. Build might be incomplete.
14:08:13 **** Incremental Build of configuration Debug for project BlackScreen ****
make -j8 all 
arm-none-eabi-gcc "../Core/Src/main.c" -mcpu=cortex-m4 -std=gnu11 -g3 -DDEBUG -DUSE_HAL_DRIVER -DSTM32F411xE -c -I../Core/Inc -I../Drivers/STM32F4xx_HAL_Driver/Inc -I../Drivers/STM32F4xx_HAL_Driver/Inc/Legacy -I../Drivers/CMSIS/Device/ST/STM32F4xx/Include -I../Drivers/CMSIS/Include -I../USB_DEVICE/App -I../USB_DEVICE/Target -I../Middlewares/ST/STM32_USB_Device_Library/Core/Inc -I../Middlewares/ST/STM32_USB_Device_Library/Class/CDC/Inc -O0 -ffunction-sections -fdata-sections -Wall -fstack-usage -fcyclomatic-complexity -MMD -MP -MF"Core/Src/main.d" -MT"Core/Src/main.o" --specs=nano.specs -mfpu=fpv4-sp-d16 -mfloat-abi=hard -mthumb -o "Core/Src/main.o"
../Core/Src/main.c: In function 'onESP01ChangeState':
../Core/Src/main.c:192:28: error: 'USB' undeclared (first use in this function)
  192 |             sprintf((char*)USB.data.auxBuffer, "ESP01: WiFi desconectado");
      |                            ^~~
../Core/Src/main.c:192:28: note: each undeclared identifier is reported only once for each function it appears in
../Core/Src/main.c:233:5: warning: implicit declaration of function 'comm_sendCMD' [-Wimplicit-function-declaration]
  233 |     comm_sendCMD(&USB.data, USERTEXT, USB.data.auxBuffer, strlen((char*)USB.data.auxBuffer));
      |     ^~~~~~~~~~~~
../Core/Src/main.c:233:29: error: 'USERTEXT' undeclared (first use in this function)
  233 |     comm_sendCMD(&USB.data, USERTEXT, USB.data.auxBuffer, strlen((char*)USB.data.auxBuffer));
      |                             ^~~~~~~~
../Core/Src/main.c: In function 'onESP01Debug':
../Core/Src/main.c:237:19: error: 'USB' undeclared (first use in this function)
  237 |     comm_sendCMD(&USB.data, USERTEXT, (uint8_t *)dbgStr, strlen(dbgStr));
      |                   ^~~
../Core/Src/main.c:237:29: error: 'USERTEXT' undeclared (first use in this function)
  237 |     comm_sendCMD(&USB.data, USERTEXT, (uint8_t *)dbgStr, strlen(dbgStr));
      |                             ^~~~~~~~
../Core/Src/main.c: In function 'setESP01_CHPD':
../Core/Src/main.c:241:27: error: 'espEn_GPIO_Port' undeclared (first use in this function); did you mean 'ESP_EN_GPIO_Port'?
  241 |         HAL_GPIO_WritePin(espEn_GPIO_Port, espEn_Pin, val);
      |                           ^~~~~~~~~~~~~~~
      |                           ESP_EN_GPIO_Port
../Core/Src/main.c:241:44: error: 'espEn_Pin' undeclared (first use in this function); did you mean 'ESP_EN_Pin'?
  241 |         HAL_GPIO_WritePin(espEn_GPIO_Port, espEn_Pin, val);
      |                                            ^~~~~~~~~
      |                                            ESP_EN_Pin
../Core/Src/main.c: In function 'ESP01_Data_Recived':
../Core/Src/main.c:261:17: error: '_sDato' {aka 'struct ComStruct'} has no member named 'Rx'
  261 |         ESP.data.Rx.buffer[ESP.data.Rx.write++] = value;
      |                 ^
../Core/Src/main.c:261:36: error: '_sDato' {aka 'struct ComStruct'} has no member named 'Rx'
  261 |         ESP.data.Rx.buffer[ESP.data.Rx.write++] = value;
      |                                    ^
../Core/Src/main.c: At top level:
../Core/Src/main.c:264:18: error: unknown type name 's_commData'
  264 | void writeOn_ESP(s_commData *data){
      |                  ^~~~~~~~~~
../Core/Src/main.c: In function 'main':
../Core/Src/main.c:474:5: warning: implicit declaration of function 'comm_init' [-Wimplicit-function-declaration]
  474 |     comm_init(&ESP.data, &decodeOn_USB, &writeOn_ESP);
      |     ^~~~~~~~~
../Core/Src/main.c:474:27: error: 'decodeOn_USB' undeclared (first use in this function)
  474 |     comm_init(&ESP.data, &decodeOn_USB, &writeOn_ESP);
      |                           ^~~~~~~~~~~~
../Core/Src/main.c:475:13: error: '_sDato' {aka 'struct ComStruct'} has no member named 'isESP01'
  475 |     ESP.data.isESP01 = 1;
      |             ^
make: *** [Core/Src/subdir.mk:55: Core/Src/main.o] Error 1
"make -j8 all" terminated with exit code 2. Build might be incomplete.
14:08:47 **** Incremental Build of configuration Debug for project BlackScreen ****
make -j8 all 
arm-none-eabi-gcc "../Core/Src/main.c" -mcpu=cortex-m4 -std=gnu11 -g3 -DDEBUG -DUSE_HAL_DRIVER -DSTM32F411xE -c -I../Core/Inc -I../Drivers/STM32F4xx_HAL_Driver/Inc -I../Drivers/STM32F4xx_HAL_Driver/Inc/Legacy -I../Drivers/CMSIS/Device/ST/STM32F4xx/Include -I../Drivers/CMSIS/Include -I../USB_DEVICE/App -I../USB_DEVICE/Target -I../Middlewares/ST/STM32_USB_Device_Library/Core/Inc -I../Middlewares/ST/STM32_USB_Device_Library/Class/CDC/Inc -O0 -ffunction-sections -fdata-sections -Wall -fstack-usage -fcyclomatic-complexity -MMD -MP -MF"Core/Src/main.d" -MT"Core/Src/main.o" --specs=nano.specs -mfpu=fpv4-sp-d16 -mfloat-abi=hard -mthumb -o "Core/Src/main.o"
../Core/Src/main.c: In function 'onESP01ChangeState':
../Core/Src/main.c:233:5: warning: implicit declaration of function 'comm_sendCMD' [-Wimplicit-function-declaration]
  233 |     comm_sendCMD(&USB.data, USERTEXT, USB.data.auxBuffer, strlen((char*)USB.data.auxBuffer));
      |     ^~~~~~~~~~~~
../Core/Src/main.c:233:19: error: 'USB' undeclared (first use in this function)
  233 |     comm_sendCMD(&USB.data, USERTEXT, USB.data.auxBuffer, strlen((char*)USB.data.auxBuffer));
      |                   ^~~
../Core/Src/main.c:233:19: note: each undeclared identifier is reported only once for each function it appears in
../Core/Src/main.c:233:29: error: 'USERTEXT' undeclared (first use in this function)
  233 |     comm_sendCMD(&USB.data, USERTEXT, USB.data.auxBuffer, strlen((char*)USB.data.auxBuffer));
      |                             ^~~~~~~~
../Core/Src/main.c: In function 'onESP01Debug':
../Core/Src/main.c:237:19: error: 'USB' undeclared (first use in this function)
  237 |     comm_sendCMD(&USB.data, USERTEXT, (uint8_t *)dbgStr, strlen(dbgStr));
      |                   ^~~
../Core/Src/main.c:237:29: error: 'USERTEXT' undeclared (first use in this function)
  237 |     comm_sendCMD(&USB.data, USERTEXT, (uint8_t *)dbgStr, strlen(dbgStr));
      |                             ^~~~~~~~
../Core/Src/main.c: In function 'setESP01_CHPD':
../Core/Src/main.c:241:27: error: 'espEn_GPIO_Port' undeclared (first use in this function); did you mean 'ESP_EN_GPIO_Port'?
  241 |         HAL_GPIO_WritePin(espEn_GPIO_Port, espEn_Pin, val);
      |                           ^~~~~~~~~~~~~~~
      |                           ESP_EN_GPIO_Port
../Core/Src/main.c:241:44: error: 'espEn_Pin' undeclared (first use in this function); did you mean 'ESP_EN_Pin'?
  241 |         HAL_GPIO_WritePin(espEn_GPIO_Port, espEn_Pin, val);
      |                                            ^~~~~~~~~
      |                                            ESP_EN_Pin
../Core/Src/main.c: In function 'ESP01_Data_Recived':
../Core/Src/main.c:261:17: error: '_sDato' {aka 'struct ComStruct'} has no member named 'Rx'
  261 |         ESP.data.Rx.buffer[ESP.data.Rx.write++] = value;
      |                 ^
../Core/Src/main.c:261:36: error: '_sDato' {aka 'struct ComStruct'} has no member named 'Rx'
  261 |         ESP.data.Rx.buffer[ESP.data.Rx.write++] = value;
      |                                    ^
../Core/Src/main.c: At top level:
../Core/Src/main.c:264:18: error: unknown type name 's_commData'
  264 | void writeOn_ESP(s_commData *data){
      |                  ^~~~~~~~~~
../Core/Src/main.c: In function 'main':
../Core/Src/main.c:474:5: warning: implicit declaration of function 'comm_init' [-Wimplicit-function-declaration]
  474 |     comm_init(&ESP.data, &decodeOn_USB, &writeOn_ESP);
      |     ^~~~~~~~~
../Core/Src/main.c:474:27: error: 'decodeOn_USB' undeclared (first use in this function)
  474 |     comm_init(&ESP.data, &decodeOn_USB, &writeOn_ESP);
      |                           ^~~~~~~~~~~~
../Core/Src/main.c:475:13: error: '_sDato' {aka 'struct ComStruct'} has no member named 'isESP01'
  475 |     ESP.data.isESP01 = 1;
      |             ^
make: *** [Core/Src/subdir.mk:55: Core/Src/main.o] Error 1
"make -j8 all" terminated with exit code 2. Build might be incomplete.
