18:41:35 **** Incremental Build of configuration Debug for project BlackScreen ****
make -j8 all 
Command canceled
18:41:43 **** Build of configuration Debug for project BlackScreen ****
make -j8 all 
arm-none-eabi-gcc "../Core/Src/main.c" -mcpu=cortex-m4 -std=gnu11 -g3 -DDEBUG -DUSE_HAL_DRIVER -DSTM32F411xE -c -I../Core/Inc -I../Drivers/STM32F4xx_HAL_Driver/Inc -I../Drivers/STM32F4xx_HAL_Driver/Inc/Legacy -I../Drivers/CMSIS/Device/ST/STM32F4xx/Include -I../Drivers/CMSIS/Include -I../USB_DEVICE/App -I../USB_DEVICE/Target -I../Middlewares/ST/STM32_USB_Device_Library/Core/Inc -I../Middlewares/ST/STM32_USB_Device_Library/Class/CDC/Inc -O0 -ffunction-sections -fdata-sections -Wall -fstack-usage -fcyclomatic-complexity -MMD -MP -MF"Core/Src/main.d" -MT"Core/Src/main.o" --specs=nano.specs -mfpu=fpv4-sp-d16 -mfloat-abi=hard -mthumb -o "Core/Src/main.o"
arm-none-eabi-gcc -o "BlackScreen.elf" @"objects.list"   -mcpu=cortex-m4 -T"C:\Users\santi\OneDrive\Documentos\Micros\Micros2025\Bits32\BlackPill\BlackScreen\STM32F411CEUX_FLASH.ld" --specs=nosys.specs -Wl,-Map="BlackScreen.map" -Wl,--gc-sections -static --specs=nano.specs -mfpu=fpv4-sp-d16 -mfloat-abi=hard -mthumb -u _printf_float -u _scanf_float -Wl,--start-group -lc -lm -Wl,--end-group
Finished building target: BlackScreen.elf
 
arm-none-eabi-size  BlackScreen.elf 
arm-none-eabi-objdump -h -S BlackScreen.elf  > "BlackScreen.list"
arm-none-eabi-objcopy  -O ihex BlackScreen.elf  "BlackScreen.hex"
arm-none-eabi-objcopy  -O binary BlackScreen.elf  "BlackScreen.bin"
   text	   data	    bss	    dec	    hex	filename
  86376	    724	   8132	  95232	  17400	BlackScreen.elf
Finished building: default.size.stdout
 
Finished building: BlackScreen.bin
Finished building: BlackScreen.hex
 
 
Finished building: BlackScreen.list
 
18:43:55 **** Incremental Build of configuration Debug for project BlackScreen ****
make -j8 all 
arm-none-eabi-gcc "../Core/Src/main.c" -mcpu=cortex-m4 -std=gnu11 -g3 -DDEBUG -DUSE_HAL_DRIVER -DSTM32F411xE -c -I../Core/Inc -I../Drivers/STM32F4xx_HAL_Driver/Inc -I../Drivers/STM32F4xx_HAL_Driver/Inc/Legacy -I../Drivers/CMSIS/Device/ST/STM32F4xx/Include -I../Drivers/CMSIS/Include -I../USB_DEVICE/App -I../USB_DEVICE/Target -I../Middlewares/ST/STM32_USB_Device_Library/Core/Inc -I../Middlewares/ST/STM32_USB_Device_Library/Class/CDC/Inc -O0 -ffunction-sections -fdata-sections -Wall -fstack-usage -fcyclomatic-complexity -MMD -MP -MF"Core/Src/main.d" -MT"Core/Src/main.o" --specs=nano.specs -mfpu=fpv4-sp-d16 -mfloat-abi=hard -mthumb -o "Core/Src/main.o"
arm-none-eabi-gcc -o "BlackScreen.elf" @"objects.list"   -mcpu=cortex-m4 -T"C:\Users\santi\OneDrive\Documentos\Micros\Micros2025\Bits32\BlackPill\BlackScreen\STM32F411CEUX_FLASH.ld" --specs=nosys.specs -Wl,-Map="BlackScreen.map" -Wl,--gc-sections -static --specs=nano.specs -mfpu=fpv4-sp-d16 -mfloat-abi=hard -mthumb -u _printf_float -u _scanf_float -Wl,--start-group -lc -lm -Wl,--end-group
Finished building target: BlackScreen.elf
 
arm-none-eabi-size  BlackScreen.elf 
arm-none-eabi-objdump -h -S BlackScreen.elf  > "BlackScreen.list"
arm-none-eabi-objcopy  -O ihex BlackScreen.elf  "BlackScreen.hex"
   text	   data	    bss	    dec	    hex	filename
  86056	    724	   8132	  94912	  172c0	BlackScreen.elf
arm-none-eabi-objcopy  -O binary BlackScreen.elf  "BlackScreen.bin"
Finished building: default.size.stdout
 
Finished building: BlackScreen.hex
Finished building: BlackScreen.bin
 
 
Finished building: BlackScreen.list
 
19:18:24 **** Incremental Build of configuration Debug for project BlackScreen ****
make -j8 all 
arm-none-eabi-gcc "../Core/Src/main.c" -mcpu=cortex-m4 -std=gnu11 -g3 -DDEBUG -DUSE_HAL_DRIVER -DSTM32F411xE -c -I../Core/Inc -I../Drivers/STM32F4xx_HAL_Driver/Inc -I../Drivers/STM32F4xx_HAL_Driver/Inc/Legacy -I../Drivers/CMSIS/Device/ST/STM32F4xx/Include -I../Drivers/CMSIS/Include -I../USB_DEVICE/App -I../USB_DEVICE/Target -I../Middlewares/ST/STM32_USB_Device_Library/Core/Inc -I../Middlewares/ST/STM32_USB_Device_Library/Class/CDC/Inc -O0 -ffunction-sections -fdata-sections -Wall -fstack-usage -fcyclomatic-complexity -MMD -MP -MF"Core/Src/main.d" -MT"Core/Src/main.o" --specs=nano.specs -mfpu=fpv4-sp-d16 -mfloat-abi=hard -mthumb -o "Core/Src/main.o"
arm-none-eabi-gcc -o "BlackScreen.elf" @"objects.list"   -mcpu=cortex-m4 -T"C:\Users\santi\OneDrive\Documentos\Micros\Micros2025\Bits32\BlackPill\BlackScreen\STM32F411CEUX_FLASH.ld" --specs=nosys.specs -Wl,-Map="BlackScreen.map" -Wl,--gc-sections -static --specs=nano.specs -mfpu=fpv4-sp-d16 -mfloat-abi=hard -mthumb -u _printf_float -u _scanf_float -Wl,--start-group -lc -lm -Wl,--end-group
Finished building target: BlackScreen.elf
 
arm-none-eabi-size  BlackScreen.elf 
arm-none-eabi-objdump -h -S BlackScreen.elf  > "BlackScreen.list"
arm-none-eabi-objcopy  -O ihex BlackScreen.elf  "BlackScreen.hex"
arm-none-eabi-objcopy  -O binary BlackScreen.elf  "BlackScreen.bin"
   text	   data	    bss	    dec	    hex	filename
  84584	    724	   8132	  93440	  16d00	BlackScreen.elf
Finished building: default.size.stdout
 
Finished building: BlackScreen.hex
Finished building: BlackScreen.bin
 
 
Finished building: BlackScreen.list
 
19:20:48 **** Incremental Build of configuration Debug for project BlackScreen ****
make -j8 all 
arm-none-eabi-gcc "../Core/Src/main.c" -mcpu=cortex-m4 -std=gnu11 -g3 -DDEBUG -DUSE_HAL_DRIVER -DSTM32F411xE -c -I../Core/Inc -I../Drivers/STM32F4xx_HAL_Driver/Inc -I../Drivers/STM32F4xx_HAL_Driver/Inc/Legacy -I../Drivers/CMSIS/Device/ST/STM32F4xx/Include -I../Drivers/CMSIS/Include -I../USB_DEVICE/App -I../USB_DEVICE/Target -I../Middlewares/ST/STM32_USB_Device_Library/Core/Inc -I../Middlewares/ST/STM32_USB_Device_Library/Class/CDC/Inc -O0 -ffunction-sections -fdata-sections -Wall -fstack-usage -fcyclomatic-complexity -MMD -MP -MF"Core/Src/main.d" -MT"Core/Src/main.o" --specs=nano.specs -mfpu=fpv4-sp-d16 -mfloat-abi=hard -mthumb -o "Core/Src/main.o"
arm-none-eabi-gcc -o "BlackScreen.elf" @"objects.list"   -mcpu=cortex-m4 -T"C:\Users\santi\OneDrive\Documentos\Micros\Micros2025\Bits32\BlackPill\BlackScreen\STM32F411CEUX_FLASH.ld" --specs=nosys.specs -Wl,-Map="BlackScreen.map" -Wl,--gc-sections -static --specs=nano.specs -mfpu=fpv4-sp-d16 -mfloat-abi=hard -mthumb -u _printf_float -u _scanf_float -Wl,--start-group -lc -lm -Wl,--end-group
Finished building target: BlackScreen.elf
 
arm-none-eabi-size  BlackScreen.elf 
arm-none-eabi-objdump -h -S BlackScreen.elf  > "BlackScreen.list"
arm-none-eabi-objcopy  -O ihex BlackScreen.elf  "BlackScreen.hex"
   text	   data	    bss	    dec	    hex	filename
  86376	    724	   8132	  95232	  17400	BlackScreen.elf
arm-none-eabi-objcopy  -O binary BlackScreen.elf  "BlackScreen.bin"
Finished building: default.size.stdout
 
Finished building: BlackScreen.hex
Finished building: BlackScreen.bin
 
 
Finished building: BlackScreen.list
 
19:23:14 **** Incremental Build of configuration Debug for project BlackScreen ****
make -j8 all 
arm-none-eabi-gcc "../Core/Src/main.c" -mcpu=cortex-m4 -std=gnu11 -g3 -DDEBUG -DUSE_HAL_DRIVER -DSTM32F411xE -c -I../Core/Inc -I../Drivers/STM32F4xx_HAL_Driver/Inc -I../Drivers/STM32F4xx_HAL_Driver/Inc/Legacy -I../Drivers/CMSIS/Device/ST/STM32F4xx/Include -I../Drivers/CMSIS/Include -I../USB_DEVICE/App -I../USB_DEVICE/Target -I../Middlewares/ST/STM32_USB_Device_Library/Core/Inc -I../Middlewares/ST/STM32_USB_Device_Library/Class/CDC/Inc -O0 -ffunction-sections -fdata-sections -Wall -fstack-usage -fcyclomatic-complexity -MMD -MP -MF"Core/Src/main.d" -MT"Core/Src/main.o" --specs=nano.specs -mfpu=fpv4-sp-d16 -mfloat-abi=hard -mthumb -o "Core/Src/main.o"
arm-none-eabi-gcc "../Core/Src/ssd1306_oled.c" -mcpu=cortex-m4 -std=gnu11 -g3 -DDEBUG -DUSE_HAL_DRIVER -DSTM32F411xE -c -I../Core/Inc -I../Drivers/STM32F4xx_HAL_Driver/Inc -I../Drivers/STM32F4xx_HAL_Driver/Inc/Legacy -I../Drivers/CMSIS/Device/ST/STM32F4xx/Include -I../Drivers/CMSIS/Include -I../USB_DEVICE/App -I../USB_DEVICE/Target -I../Middlewares/ST/STM32_USB_Device_Library/Core/Inc -I../Middlewares/ST/STM32_USB_Device_Library/Class/CDC/Inc -O0 -ffunction-sections -fdata-sections -Wall -fstack-usage -fcyclomatic-complexity -MMD -MP -MF"Core/Src/ssd1306_oled.d" -MT"Core/Src/ssd1306_oled.o" --specs=nano.specs -mfpu=fpv4-sp-d16 -mfloat-abi=hard -mthumb -o "Core/Src/ssd1306_oled.o"
../Core/Src/main.c: In function 'HAL_I2C_MemRxCpltCallback':
../Core/Src/main.c:163:17: error: too few arguments to function 'SSD1306_DMAREADY'
  163 |                 SSD1306_DMAREADY();
      |                 ^~~~~~~~~~~~~~~~
In file included from ../Core/Src/main.c:27:
../Core/Inc/ssd1306_oled.h:85:6: note: declared here
   85 | void SSD1306_DMAREADY(uint8_t val);
      |      ^~~~~~~~~~~~~~~~
make: *** [Core/Src/subdir.mk:49: Core/Src/main.o] Error 1
make: *** Waiting for unfinished jobs....
"make -j8 all" terminated with exit code 2. Build might be incomplete.
19:23:46 **** Incremental Build of configuration Debug for project BlackScreen ****
make -j8 all 
arm-none-eabi-gcc "../Core/Src/main.c" -mcpu=cortex-m4 -std=gnu11 -g3 -DDEBUG -DUSE_HAL_DRIVER -DSTM32F411xE -c -I../Core/Inc -I../Drivers/STM32F4xx_HAL_Driver/Inc -I../Drivers/STM32F4xx_HAL_Driver/Inc/Legacy -I../Drivers/CMSIS/Device/ST/STM32F4xx/Include -I../Drivers/CMSIS/Include -I../USB_DEVICE/App -I../USB_DEVICE/Target -I../Middlewares/ST/STM32_USB_Device_Library/Core/Inc -I../Middlewares/ST/STM32_USB_Device_Library/Class/CDC/Inc -O0 -ffunction-sections -fdata-sections -Wall -fstack-usage -fcyclomatic-complexity -MMD -MP -MF"Core/Src/main.d" -MT"Core/Src/main.o" --specs=nano.specs -mfpu=fpv4-sp-d16 -mfloat-abi=hard -mthumb -o "Core/Src/main.o"
../Core/Src/main.c: In function 'HAL_I2C_MemRxCpltCallback':
../Core/Src/main.c:163:17: error: too few arguments to function 'SSD1306_DMAREADY'
  163 |                 SSD1306_DMAREADY();
      |                 ^~~~~~~~~~~~~~~~
In file included from ../Core/Src/main.c:27:
../Core/Inc/ssd1306_oled.h:85:6: note: declared here
   85 | void SSD1306_DMAREADY(uint8_t val);
      |      ^~~~~~~~~~~~~~~~
make: *** [Core/Src/subdir.mk:49: Core/Src/main.o] Error 1
"make -j8 all" terminated with exit code 2. Build might be incomplete.
19:23:59 **** Incremental Build of configuration Debug for project BlackScreen ****
make -j8 all 
arm-none-eabi-gcc "../Core/Src/main.c" -mcpu=cortex-m4 -std=gnu11 -g3 -DDEBUG -DUSE_HAL_DRIVER -DSTM32F411xE -c -I../Core/Inc -I../Drivers/STM32F4xx_HAL_Driver/Inc -I../Drivers/STM32F4xx_HAL_Driver/Inc/Legacy -I../Drivers/CMSIS/Device/ST/STM32F4xx/Include -I../Drivers/CMSIS/Include -I../USB_DEVICE/App -I../USB_DEVICE/Target -I../Middlewares/ST/STM32_USB_Device_Library/Core/Inc -I../Middlewares/ST/STM32_USB_Device_Library/Class/CDC/Inc -O0 -ffunction-sections -fdata-sections -Wall -fstack-usage -fcyclomatic-complexity -MMD -MP -MF"Core/Src/main.d" -MT"Core/Src/main.o" --specs=nano.specs -mfpu=fpv4-sp-d16 -mfloat-abi=hard -mthumb -o "Core/Src/main.o"
arm-none-eabi-gcc -o "BlackScreen.elf" @"objects.list"   -mcpu=cortex-m4 -T"C:\Users\santi\OneDrive\Documentos\Micros\Micros2025\Bits32\BlackPill\BlackScreen\STM32F411CEUX_FLASH.ld" --specs=nosys.specs -Wl,-Map="BlackScreen.map" -Wl,--gc-sections -static --specs=nano.specs -mfpu=fpv4-sp-d16 -mfloat-abi=hard -mthumb -u _printf_float -u _scanf_float -Wl,--start-group -lc -lm -Wl,--end-group
Finished building target: BlackScreen.elf
 
arm-none-eabi-size  BlackScreen.elf 
arm-none-eabi-objdump -h -S BlackScreen.elf  > "BlackScreen.list"
arm-none-eabi-objcopy  -O ihex BlackScreen.elf  "BlackScreen.hex"
   text	   data	    bss	    dec	    hex	filename
  86400	    724	   8132	  95256	  17418	BlackScreen.elf
arm-none-eabi-objcopy  -O binary BlackScreen.elf  "BlackScreen.bin"
Finished building: default.size.stdout
 
Finished building: BlackScreen.hex
 
Finished building: BlackScreen.bin
 
Finished building: BlackScreen.list
 
19:24:09 **** Incremental Build of configuration Debug for project BlackScreen ****
make -j8 all 
arm-none-eabi-size  BlackScreen.elf 
   text	   data	    bss	    dec	    hex	filename
  86400	    724	   8132	  95256	  17418	BlackScreen.elf
Finished building: default.size.stdout
 
19:26:04 **** Incremental Build of configuration Debug for project BlackScreen ****
make -j8 all 
arm-none-eabi-size  BlackScreen.elf 
   text	   data	    bss	    dec	    hex	filename
  86400	    724	   8132	  95256	  17418	BlackScreen.elf
Finished building: default.size.stdout
 
19:26:38 **** Incremental Build of configuration Debug for project BlackScreen ****
make -j8 all 
arm-none-eabi-gcc "../Core/Src/main.c" -mcpu=cortex-m4 -std=gnu11 -g3 -DDEBUG -DUSE_HAL_DRIVER -DSTM32F411xE -c -I../Core/Inc -I../Drivers/STM32F4xx_HAL_Driver/Inc -I../Drivers/STM32F4xx_HAL_Driver/Inc/Legacy -I../Drivers/CMSIS/Device/ST/STM32F4xx/Include -I../Drivers/CMSIS/Include -I../USB_DEVICE/App -I../USB_DEVICE/Target -I../Middlewares/ST/STM32_USB_Device_Library/Core/Inc -I../Middlewares/ST/STM32_USB_Device_Library/Class/CDC/Inc -O0 -ffunction-sections -fdata-sections -Wall -fstack-usage -fcyclomatic-complexity -MMD -MP -MF"Core/Src/main.d" -MT"Core/Src/main.o" --specs=nano.specs -mfpu=fpv4-sp-d16 -mfloat-abi=hard -mthumb -o "Core/Src/main.o"
arm-none-eabi-gcc -o "BlackScreen.elf" @"objects.list"   -mcpu=cortex-m4 -T"C:\Users\santi\OneDrive\Documentos\Micros\Micros2025\Bits32\BlackPill\BlackScreen\STM32F411CEUX_FLASH.ld" --specs=nosys.specs -Wl,-Map="BlackScreen.map" -Wl,--gc-sections -static --specs=nano.specs -mfpu=fpv4-sp-d16 -mfloat-abi=hard -mthumb -u _printf_float -u _scanf_float -Wl,--start-group -lc -lm -Wl,--end-group
Finished building target: BlackScreen.elf
 
arm-none-eabi-size  BlackScreen.elf 
arm-none-eabi-objdump -h -S BlackScreen.elf  > "BlackScreen.list"
arm-none-eabi-objcopy  -O ihex BlackScreen.elf  "BlackScreen.hex"
   text	   data	    bss	    dec	    hex	filename
  86360	    724	   8132	  95216	  173f0	BlackScreen.elf
arm-none-eabi-objcopy  -O binary BlackScreen.elf  "BlackScreen.bin"
Finished building: default.size.stdout
 
Finished building: BlackScreen.hex
Finished building: BlackScreen.bin
 
 
Finished building: BlackScreen.list
 
19:27:39 **** Incremental Build of configuration Debug for project BlackScreen ****
make -j8 all 
arm-none-eabi-gcc "../Core/Src/main.c" -mcpu=cortex-m4 -std=gnu11 -g3 -DDEBUG -DUSE_HAL_DRIVER -DSTM32F411xE -c -I../Core/Inc -I../Drivers/STM32F4xx_HAL_Driver/Inc -I../Drivers/STM32F4xx_HAL_Driver/Inc/Legacy -I../Drivers/CMSIS/Device/ST/STM32F4xx/Include -I../Drivers/CMSIS/Include -I../USB_DEVICE/App -I../USB_DEVICE/Target -I../Middlewares/ST/STM32_USB_Device_Library/Core/Inc -I../Middlewares/ST/STM32_USB_Device_Library/Class/CDC/Inc -O0 -ffunction-sections -fdata-sections -Wall -fstack-usage -fcyclomatic-complexity -MMD -MP -MF"Core/Src/main.d" -MT"Core/Src/main.o" --specs=nano.specs -mfpu=fpv4-sp-d16 -mfloat-abi=hard -mthumb -o "Core/Src/main.o"
arm-none-eabi-gcc -o "BlackScreen.elf" @"objects.list"   -mcpu=cortex-m4 -T"C:\Users\santi\OneDrive\Documentos\Micros\Micros2025\Bits32\BlackPill\BlackScreen\STM32F411CEUX_FLASH.ld" --specs=nosys.specs -Wl,-Map="BlackScreen.map" -Wl,--gc-sections -static --specs=nano.specs -mfpu=fpv4-sp-d16 -mfloat-abi=hard -mthumb -u _printf_float -u _scanf_float -Wl,--start-group -lc -lm -Wl,--end-group
Finished building target: BlackScreen.elf
 
arm-none-eabi-size  BlackScreen.elf 
arm-none-eabi-objdump -h -S BlackScreen.elf  > "BlackScreen.list"
arm-none-eabi-objcopy  -O ihex BlackScreen.elf  "BlackScreen.hex"
   text	   data	    bss	    dec	    hex	filename
  86400	    724	   8132	  95256	  17418	BlackScreen.elf
arm-none-eabi-objcopy  -O binary BlackScreen.elf  "BlackScreen.bin"
Finished building: default.size.stdout
 
Finished building: BlackScreen.hex
Finished building: BlackScreen.bin
 
 
Finished building: BlackScreen.list
 
