../Core/Src/display.c:63:6:Display_Set_I2C_Master_Transmit	16	static
../Core/Src/display.c:70:10:Display_Init	16	static
../Core/Src/display.c:133:10:ssd1306_I2C_WriteMulti	288	static
../Core/Src/display.c:142:10:ssd1306_I2C_Write	32	static
../Core/Src/display.c:149:6:Display_UpdateScreen	8	static
../Core/Src/display.c:184:6:Display_I2C_DMA_Ready	16	static
../Core/Src/display.c:188:6:Display_I2C_Refresh_Ready	16	static
../Core/Src/display.c:192:6:SSD1306_ON	8	static
../Core/Src/display.c:198:6:SSD1306_OFF	8	static
../Core/Src/display.c:204:6:Display_Fill	24	static
../Core/Src/display.c:215:6:Display_Clear	8	static
../Core/Src/display.c:219:6:Display_DrawPixel	16	static
../Core/Src/display.c:241:6:Display_DrawBitmap	32	static
../Core/Src/display.c:268:6:Display_ShowBitmap	24	static
