../Core/Src/main.c:149:6:HAL_I2C_MemTxCpltCallback	16	static
../Core/Src/main.c:155:6:HAL_TIM_PeriodElapsedCallback	16	static
../Core/Src/main.c:160:6:TASK_10ms	8	static
../Core/Src/main.c:179:5:main	16	static
../Core/Src/main.c:240:6:SystemClock_Config	72	static
../Core/Src/main.c:280:13:MX_I2C1_Init	8	static
../Core/Src/main.c:314:13:MX_TIM4_Init	32	static
../Core/Src/main.c:357:13:MX_DMA_Init	16	static
../Core/Src/main.c:378:13:MX_GPIO_Init	40	static
../Core/Src/main.c:407:10:I2C_1_Abstract_Master_Transmit	24	static
../Core/Src/main.c:411:10:I2C_1_Abstract_Master_Transmit_Blocking	32	static
../Core/Src/main.c:415:10:I2C_1_Abstract_Mem_Write_Blocking	32	static
../Core/Src/main.c:419:10:I2C_1_Abstract_Mem_Read_Blocking	32	static
../Core/Src/main.c:428:6:Error_Handler	4	static,ignoring_inline_asm
