../Core/Src/main.c:115:5:main	8	static
../Core/Src/main.c:166:6:SystemClock_Config	88	static
../Core/Src/main.c:214:13:MX_ADC1_Init	24	static
../Core/Src/main.c:261:13:MX_TIM2_Init	32	static
../Core/Src/main.c:306:13:MX_GPIO_Init	40	static
../Core/Src/main.c:334:6:DecodeHeader	24	static
../Core/Src/main.c:408:6:SendInfo	40	static
../Core/Src/main.c:431:6:decodeData	40	static
../Core/Src/main.c:477:6:comunicationsTask	16	static
../Core/Src/main.c:484:6:datafromUSB	24	static
../Core/Src/main.c:500:6:Error_Handler	4	static,ignoring_inline_asm
